Archive member included to satisfy reference by file (symbol)

/home/tiago/.pico-sdk/toolchain/13_2_Rel1/bin/../lib/gcc/arm-none-eabi/13.2.1/thumb/v6-m/nofp/libgcc.a(_dvmd_tls.o)
                              src/CMakeFiles/rp2040-freertos-template.dir/home/tiago/.pico-sdk/sdk/1.5.1/src/rp2_common/pico_divider/divider.S.obj (__aeabi_idiv0)
/home/tiago/.pico-sdk/toolchain/13_2_Rel1/bin/../lib/gcc/arm-none-eabi/13.2.1/../../../../arm-none-eabi/lib/thumb/v6-m/nofp/libg.a(libc_a-malloc.o)
                              src/CMakeFiles/rp2040-freertos-template.dir/home/tiago/.pico-sdk/sdk/1.5.1/src/rp2_common/pico_malloc/pico_malloc.c.obj (malloc)
/home/tiago/.pico-sdk/toolchain/13_2_Rel1/bin/../lib/gcc/arm-none-eabi/13.2.1/../../../../arm-none-eabi/lib/thumb/v6-m/nofp/libg.a(libc_a-mallocr.o)
                              /home/tiago/.pico-sdk/toolchain/13_2_Rel1/bin/../lib/gcc/arm-none-eabi/13.2.1/../../../../arm-none-eabi/lib/thumb/v6-m/nofp/libg.a(libc_a-malloc.o) (_malloc_r)
/home/tiago/.pico-sdk/toolchain/13_2_Rel1/bin/../lib/gcc/arm-none-eabi/13.2.1/../../../../arm-none-eabi/lib/thumb/v6-m/nofp/libg.a(libc_a-init.o)
                              /home/tiago/.pico-sdk/toolchain/13_2_Rel1/bin/../lib/gcc/arm-none-eabi/13.2.1/../../../../arm-none-eabi/lib/thumb/v6-m/nofp/crt0.o (__libc_init_array)
/home/tiago/.pico-sdk/toolchain/13_2_Rel1/bin/../lib/gcc/arm-none-eabi/13.2.1/../../../../arm-none-eabi/lib/thumb/v6-m/nofp/libg.a(libc_a-sysconf.o)
                              /home/tiago/.pico-sdk/toolchain/13_2_Rel1/bin/../lib/gcc/arm-none-eabi/13.2.1/../../../../arm-none-eabi/lib/thumb/v6-m/nofp/libg.a(libc_a-mallocr.o) (sysconf)
/home/tiago/.pico-sdk/toolchain/13_2_Rel1/bin/../lib/gcc/arm-none-eabi/13.2.1/../../../../arm-none-eabi/lib/thumb/v6-m/nofp/libg.a(libc_a-mlock.o)
                              /home/tiago/.pico-sdk/toolchain/13_2_Rel1/bin/../lib/gcc/arm-none-eabi/13.2.1/../../../../arm-none-eabi/lib/thumb/v6-m/nofp/libg.a(libc_a-mallocr.o) (__malloc_lock)
/home/tiago/.pico-sdk/toolchain/13_2_Rel1/bin/../lib/gcc/arm-none-eabi/13.2.1/../../../../arm-none-eabi/lib/thumb/v6-m/nofp/libg.a(libc_a-calloc.o)
                              src/CMakeFiles/rp2040-freertos-template.dir/home/tiago/.pico-sdk/sdk/1.5.1/src/rp2_common/pico_malloc/pico_malloc.c.obj (calloc)
/home/tiago/.pico-sdk/toolchain/13_2_Rel1/bin/../lib/gcc/arm-none-eabi/13.2.1/../../../../arm-none-eabi/lib/thumb/v6-m/nofp/libg.a(libc_a-callocr.o)
                              /home/tiago/.pico-sdk/toolchain/13_2_Rel1/bin/../lib/gcc/arm-none-eabi/13.2.1/../../../../arm-none-eabi/lib/thumb/v6-m/nofp/libg.a(libc_a-calloc.o) (_calloc_r)
/home/tiago/.pico-sdk/toolchain/13_2_Rel1/bin/../lib/gcc/arm-none-eabi/13.2.1/../../../../arm-none-eabi/lib/thumb/v6-m/nofp/libg.a(libc_a-realloc.o)
                              src/CMakeFiles/rp2040-freertos-template.dir/home/tiago/.pico-sdk/sdk/1.5.1/src/rp2_common/pico_malloc/pico_malloc.c.obj (realloc)
/home/tiago/.pico-sdk/toolchain/13_2_Rel1/bin/../lib/gcc/arm-none-eabi/13.2.1/../../../../arm-none-eabi/lib/thumb/v6-m/nofp/libg.a(libc_a-impure.o)
                              /home/tiago/.pico-sdk/toolchain/13_2_Rel1/bin/../lib/gcc/arm-none-eabi/13.2.1/../../../../arm-none-eabi/lib/thumb/v6-m/nofp/libg.a(libc_a-malloc.o) (_impure_ptr)
/home/tiago/.pico-sdk/toolchain/13_2_Rel1/bin/../lib/gcc/arm-none-eabi/13.2.1/../../../../arm-none-eabi/lib/thumb/v6-m/nofp/libg.a(libc_a-findfp.o)
                              /home/tiago/.pico-sdk/toolchain/13_2_Rel1/bin/../lib/gcc/arm-none-eabi/13.2.1/../../../../arm-none-eabi/lib/thumb/v6-m/nofp/libg.a(libc_a-impure.o) (__sf)
/home/tiago/.pico-sdk/toolchain/13_2_Rel1/bin/../lib/gcc/arm-none-eabi/13.2.1/../../../../arm-none-eabi/lib/thumb/v6-m/nofp/libg.a(libc_a-strlen-stub.o)
                              src/CMakeFiles/rp2040-freertos-template.dir/home/tiago/.pico-sdk/sdk/1.5.1/src/rp2_common/pico_stdio/stdio.c.obj (strlen)
/home/tiago/.pico-sdk/toolchain/13_2_Rel1/bin/../lib/gcc/arm-none-eabi/13.2.1/../../../../arm-none-eabi/lib/thumb/v6-m/nofp/libg.a(libc_a-reallocr.o)
                              /home/tiago/.pico-sdk/toolchain/13_2_Rel1/bin/../lib/gcc/arm-none-eabi/13.2.1/../../../../arm-none-eabi/lib/thumb/v6-m/nofp/libg.a(libc_a-realloc.o) (_realloc_r)
/home/tiago/.pico-sdk/toolchain/13_2_Rel1/bin/../lib/gcc/arm-none-eabi/13.2.1/../../../../arm-none-eabi/lib/thumb/v6-m/nofp/libg.a(libc_a-freer.o)
                              /home/tiago/.pico-sdk/toolchain/13_2_Rel1/bin/../lib/gcc/arm-none-eabi/13.2.1/../../../../arm-none-eabi/lib/thumb/v6-m/nofp/libg.a(libc_a-malloc.o) (_free_r)
/home/tiago/.pico-sdk/toolchain/13_2_Rel1/bin/../lib/gcc/arm-none-eabi/13.2.1/../../../../arm-none-eabi/lib/thumb/v6-m/nofp/libg.a(libc_a-stdio.o)
                              /home/tiago/.pico-sdk/toolchain/13_2_Rel1/bin/../lib/gcc/arm-none-eabi/13.2.1/../../../../arm-none-eabi/lib/thumb/v6-m/nofp/libg.a(libc_a-findfp.o) (__sread)
[...]
Memory Configuration

Name             Origin             Length             Attributes
FLASH            0x10000000         0x00200000         xr
RAM              0x20000000         0x00040000         xrw
SCRATCH_X        0x20040000         0x00001000         xrw
SCRATCH_Y        0x20041000         0x00001000         xrw
*default*        0x00000000         0xffffffff

Linker script and memory map

LOAD /home/tiago/.pico-sdk/toolchain/13_2_Rel1/bin/../lib/gcc/arm-none-eabi/13.2.1/thumb/v6-m/nofp/crti.o
LOAD /home/tiago/.pico-sdk/toolchain/13_2_Rel1/bin/../lib/gcc/arm-none-eabi/13.2.1/thumb/v6-m/nofp/crtbegin.o
LOAD /home/tiago/.pico-sdk/toolchain/13_2_Rel1/bin/../lib/gcc/arm-none-eabi/13.2.1/../../../../arm-none-eabi/lib/thumb/v6-m/nofp/crt0.o

.flash_begin    0x10000000        0x0
                0x10000000                        __flash_binary_start = .

.boot2          0x10000000      0x100
                0x10000000                        __boot2_start__ = .
 *(.boot2)
 .boot2         0x10000000      0x100 /tmp/cczB0M3S.o
                0x10000100                        __boot2_end__ = .
                0x00000001                        ASSERT (((__boot2_end__ - __boot2_start__) == 0x100), ERROR: Pico second stage bootloader must be 256 bytes in size)

.text           0x10000100     0x5928
                0x10000100                        __logical_binary_start = .
 *(.vectors)
 .vectors       0x10000100       0xd4 src/CMakeFiles/rp2040-freertos-template.dir/home/tiago/.pico-sdk/sdk/1.5.1/src/rp2_common/pico_standard_link/crt0.S.obj
                0x10000100                __vectors
                0x10000100                __VECTOR_TABLE
                0x100001c0                isr_invalid
                0x100001c0                __default_isrs_start
                0x100001c2                isr_nmi
                0x100001c4                isr_hardfault
                0x100001c6                isr_svcall
                0x100001c8                isr_pendsv
                0x100001ca                isr_systick
                0x100001cc                isr_irq30
                0x100001cc                __unhandled_user_irq
                0x100001cc                isr_irq13
                0x100001cc                isr_irq27
                0x100001cc                isr_irq31
                0x100001cc                isr_irq5
                0x100001cc                isr_irq11
                0x100001cc                isr_irq23
                0x100001cc                isr_irq18
                0x100001cc                isr_irq28
                0x100001cc                isr_irq19
                0x100001cc                isr_irq0
                0x100001cc                isr_irq6
                0x100001cc                isr_irq22
                0x100001cc                isr_irq17
                0x100001cc                isr_irq14
                0x100001cc                isr_irq2
                0x100001cc                isr_irq10
                0x100001cc                isr_irq8
                0x100001cc                isr_irq24
                0x100001cc                isr_irq1
                0x100001cc                isr_irq7
                0x100001cc                isr_irq21
                0x100001cc                isr_irq20
                0x100001cc                isr_irq15
                0x100001cc                isr_irq25
                0x100001cc                isr_irq4
                0x100001cc                isr_irq16
                0x100001cc                isr_irq29
                0x100001cc                isr_irq26
                0x100001cc                __default_isrs_end
                0x100001cc                isr_irq3
                0x100001cc                isr_irq12
                0x100001cc                isr_irq9
                0x100001d2                unhandled_user_irq_num_in_r0
 *(.binary_info_header)
 .binary_info_header
                0x100001d4       0x14 src/CMakeFiles/rp2040-freertos-template.dir/home/tiago/.pico-sdk/sdk/1.5.1/src/rp2_common/pico_standard_link/crt0.S.obj
                0x100001e8                        __binary_info_header_end = .
 *(.reset)
 .reset         0x100001e8       0xa0 src/CMakeFiles/rp2040-freertos-template.dir/home/tiago/.pico-sdk/sdk/1.5.1/src/rp2_common/pico_standard_link/crt0.S.obj
                0x100001e8                _entry_point
 .reset         0x10000288       0x30 src/CMakeFiles/rp2040-freertos-template.dir/home/tiago/.pico-sdk/sdk/1.5.1/src/rp2_common/pico_standard_link/binary_info.c.obj
 *(.init)
 .init          0x100002b8        0x4 /home/tiago/.pico-sdk/toolchain/13_2_Rel1/bin/../lib/gcc/arm-none-eabi/13.2.1/thumb/v6-m/nofp/crti.o
                0x100002b8                _init
 *(EXCLUDE_FILE(*libm.a: *libc.a:*lib_a-mem*.o *libgcc.a:) .text*)
 .text.register_tm_clones
                0x100002bc       0x28 /home/tiago/.pico-sdk/toolchain/13_2_Rel1/bin/../lib/gcc/arm-none-eabi/13.2.1/thumb/v6-m/nofp/crtbegin.o
 .text.frame_dummy
                0x100002e4       0x24 /home/tiago/.pico-sdk/toolchain/13_2_Rel1/bin/../lib/gcc/arm-none-eabi/13.2.1/thumb/v6-m/nofp/crtbegin.o
 .text.main     0x10000308       0x1c src/CMakeFiles/rp2040-freertos-template.dir/main.cpp.obj
                0x10000308                main
 .text.gpio_set_function
                0x10000324       0x30 src/CMakeFiles/rp2040-freertos-template.dir/home/tiago/.pico-sdk/sdk/1.5.1/src/rp2_common/hardware_gpio/gpio.c.obj
                0x10000324                gpio_set_function
 .text.running_on_fpga
                0x10000354       0x14 src/CMakeFiles/rp2040-freertos-template.dir/home/tiago/.pico-sdk/sdk/1.5.1/src/rp2_common/pico_platform/platform.c.obj
                0x10000354                running_on_fpga
 .text.hw_claim_lock
                0x10000368       0x18 src/CMakeFiles/rp2040-freertos-template.dir/home/tiago/.pico-sdk/sdk/1.5.1/src/rp2_common/hardware_claim/claim.c.obj
                0x10000368                hw_claim_lock
 .text.hw_claim_unlock
                0x10000380       0x14 src/CMakeFiles/rp2040-freertos-template.dir/home/tiago/.pico-sdk/sdk/1.5.1/src/rp2_common/hardware_claim/claim.c.obj
                0x10000380                hw_claim_unlock
 .text.hw_claim_or_assert
                0x10000394       0x32 src/CMakeFiles/rp2040-freertos-template.dir/home/tiago/.pico-sdk/sdk/1.5.1/src/rp2_common/hardware_claim/claim.c.obj
                0x10000394                hw_claim_or_assert
 *fill*         0x100003c6        0x2 
 .text.spin_locks_reset
                0x100003c8       0x20 src/CMakeFiles/rp2040-freertos-template.dir/home/tiago/.pico-sdk/sdk/1.5.1/src/rp2_common/hardware_sync/sync.c.obj
                0x100003c8                spin_locks_reset
 .text.next_striped_spin_lock_num
                0x100003e8       0x1c src/CMakeFiles/rp2040-freertos-template.dir/home/tiago/.pico-sdk/sdk/1.5.1/src/rp2_common/hardware_sync/sync.c.obj
                0x100003e8                next_striped_spin_lock_num
 .text.set_raw_irq_handler_and_unlock
                0x10000404       0x28 src/CMakeFiles/rp2040-freertos-template.dir/home/tiago/.pico-sdk/sdk/1.5.1/src/rp2_common/hardware_irq/irq.c.obj
 .text.resolve_branch
                0x1000042c       0x30 src/CMakeFiles/rp2040-freertos-template.dir/home/tiago/.pico-sdk/sdk/1.5.1/src/rp2_common/hardware_irq/irq.c.obj
 .text.make_branch
                0x1000045c       0x48 src/CMakeFiles/rp2040-freertos-template.dir/home/tiago/.pico-sdk/sdk/1.5.1/src/rp2_common/hardware_irq/irq.c.obj
 .text.insert_branch_and_link
                0x100004a4       0x40 src/CMakeFiles/rp2040-freertos-template.dir/home/tiago/.pico-sdk/sdk/1.5.1/src/rp2_common/hardware_irq/irq.c.obj
 .text.irq_is_enabled
                0x100004e4       0x18 src/CMakeFiles/rp2040-freertos-template.dir/home/tiago/.pico-sdk/sdk/1.5.1/src/rp2_common/hardware_irq/irq.c.obj
                0x100004e4                irq_is_enabled
 .text.irq_set_mask_enabled
                0x100004fc       0x20 src/CMakeFiles/rp2040-freertos-template.dir/home/tiago/.pico-sdk/sdk/1.5.1/src/rp2_common/hardware_irq/irq.c.obj
                0x100004fc                irq_set_mask_enabled
 .text.irq_set_enabled
                0x1000051c        0xe src/CMakeFiles/rp2040-freertos-template.dir/home/tiago/.pico-sdk/sdk/1.5.1/src/rp2_common/hardware_irq/irq.c.obj
                0x1000051c                irq_set_enabled
 *fill*         0x1000052a        0x2 
 .text.irq_get_vtable_handler
                0x1000052c       0x10 src/CMakeFiles/rp2040-freertos-template.dir/home/tiago/.pico-sdk/sdk/1.5.1/src/rp2_common/hardware_irq/irq.c.obj
                0x1000052c                irq_get_vtable_handler
 .text.irq_set_exclusive_handler
                0x1000053c       0x54 src/CMakeFiles/rp2040-freertos-template.dir/home/tiago/.pico-sdk/sdk/1.5.1/src/rp2_common/hardware_irq/irq.c.obj
                0x1000053c                irq_set_exclusive_handler
 .text.irq_remove_handler
                0x10000590      0x188 src/CMakeFiles/rp2040-freertos-template.dir/home/tiago/.pico-sdk/sdk/1.5.1/src/rp2_common/hardware_irq/irq.c.obj
                0x10000590                irq_remove_handler
 .text.irq_add_tail_to_free_list
                0x10000718       0xf0 src/CMakeFiles/rp2040-freertos-template.dir/home/tiago/.pico-sdk/sdk/1.5.1/src/rp2_common/hardware_irq/irq.c.obj
                0x10000718                irq_add_tail_to_free_list
 .text.irq_init_priorities
                0x10000808       0x1c src/CMakeFiles/rp2040-freertos-template.dir/home/tiago/.pico-sdk/sdk/1.5.1/src/rp2_common/hardware_irq/irq.c.obj
                0x10000808                irq_init_priorities
 .text.lock_init
                0x10000824       0x10 src/CMakeFiles/rp2040-freertos-template.dir/home/tiago/.pico-sdk/sdk/1.5.1/src/common/pico_sync/lock_core.c.obj
                0x10000824                lock_init
 .text.mutex_init
                0x10000834       0x1c src/CMakeFiles/rp2040-freertos-template.dir/home/tiago/.pico-sdk/sdk/1.5.1/src/common/pico_sync/mutex.c.obj
                0x10000834                mutex_init
 .text.recursive_mutex_init
                0x10000850       0x20 src/CMakeFiles/rp2040-freertos-template.dir/home/tiago/.pico-sdk/sdk/1.5.1/src/common/pico_sync/mutex.c.obj
                0x10000850                recursive_mutex_init
 .text.time_reached
                0x10000870       0x28 src/CMakeFiles/rp2040-freertos-template.dir/home/tiago/.pico-sdk/sdk/1.5.1/src/common/pico_time/time.c.obj
 .text.get_entry
                0x10000898       0x38 src/CMakeFiles/rp2040-freertos-template.dir/home/tiago/.pico-sdk/sdk/1.5.1/src/common/pico_time/time.c.obj
 .text.timer_pool_entry_comparator
                0x100008d0       0x2e src/CMakeFiles/rp2040-freertos-template.dir/home/tiago/.pico-sdk/sdk/1.5.1/src/common/pico_time/time.c.obj
                0x100008d0                timer_pool_entry_comparator
 *fill*         0x100008fe        0x2 
 .text.update_us_since_boot
                0x10000900       0x24 src/CMakeFiles/rp2040-freertos-template.dir/home/tiago/.pico-sdk/sdk/1.5.1/src/common/pico_time/time.c.obj
 .text.delayed_by_us
                0x10000924       0x34 src/CMakeFiles/rp2040-freertos-template.dir/home/tiago/.pico-sdk/sdk/1.5.1/src/common/pico_time/time.c.obj
 .text.ph_get_node
                0x10000958       0x30 src/CMakeFiles/rp2040-freertos-template.dir/home/tiago/.pico-sdk/sdk/1.5.1/src/common/pico_time/time.c.obj
 .text.ph_contains_node
                0x10000988       0x1e src/CMakeFiles/rp2040-freertos-template.dir/home/tiago/.pico-sdk/sdk/1.5.1/src/common/pico_time/time.c.obj
 .text.ph_new_node
                0x100009a6       0x28 src/CMakeFiles/rp2040-freertos-template.dir/home/tiago/.pico-sdk/sdk/1.5.1/src/common/pico_time/time.c.obj
 *fill*         0x100009ce        0x2 
 .text.ph_add_child_node
                0x100009d0       0x6c src/CMakeFiles/rp2040-freertos-template.dir/home/tiago/.pico-sdk/sdk/1.5.1/src/common/pico_time/time.c.obj
 .text.ph_merge_nodes
                0x10000a3c       0x3e src/CMakeFiles/rp2040-freertos-template.dir/home/tiago/.pico-sdk/sdk/1.5.1/src/common/pico_time/time.c.obj
 *fill*         0x10000a7a        0x2 
 .text.ph_insert_node
                0x10000a7c       0x3c src/CMakeFiles/rp2040-freertos-template.dir/home/tiago/.pico-sdk/sdk/1.5.1/src/common/pico_time/time.c.obj
 .text.ph_free_node
                0x10000ab8       0x5c src/CMakeFiles/rp2040-freertos-template.dir/home/tiago/.pico-sdk/sdk/1.5.1/src/common/pico_time/time.c.obj
 .text.get_entry_id_high
                0x10000b14       0x30 src/CMakeFiles/rp2040-freertos-template.dir/home/tiago/.pico-sdk/sdk/1.5.1/src/common/pico_time/time.c.obj
 .text.alarm_pool_post_alloc_init
                0x10000b44       0x40 src/CMakeFiles/rp2040-freertos-template.dir/home/tiago/.pico-sdk/sdk/1.5.1/src/common/pico_time/time.c.obj
 .text.get_absolute_time
                0x10000b84       0x22 src/CMakeFiles/rp2040-freertos-template.dir/home/tiago/.pico-sdk/sdk/1.5.1/src/common/pico_time/time.c.obj
 .text.make_timeout_time_us
                0x10000ba6       0x24 src/CMakeFiles/rp2040-freertos-template.dir/home/tiago/.pico-sdk/sdk/1.5.1/src/common/pico_time/time.c.obj
 *fill*         0x10000bca        0x2 
 .text.add_alarm_under_lock
                0x10000bcc       0x94 src/CMakeFiles/rp2040-freertos-template.dir/home/tiago/.pico-sdk/sdk/1.5.1/src/common/pico_time/time.c.obj
 .text.alarm_pool_alarm_callback
                0x10000c60      0x210 src/CMakeFiles/rp2040-freertos-template.dir/home/tiago/.pico-sdk/sdk/1.5.1/src/common/pico_time/time.c.obj
 .text.sleep_until_callback
                0x10000e70       0x28 src/CMakeFiles/rp2040-freertos-template.dir/home/tiago/.pico-sdk/sdk/1.5.1/src/common/pico_time/time.c.obj
 .text.alarm_pool_init_default
                0x10000e98       0x40 src/CMakeFiles/rp2040-freertos-template.dir/home/tiago/.pico-sdk/sdk/1.5.1/src/common/pico_time/time.c.obj
                0x10000e98                alarm_pool_init_default
 .text.alarm_pool_get_default
                0x10000ed8       0x2c src/CMakeFiles/rp2040-freertos-template.dir/home/tiago/.pico-sdk/sdk/1.5.1/src/common/pico_time/time.c.obj
                0x10000ed8                alarm_pool_get_default
 .text.alarm_pool_add_alarm_at
                0x10000f04      0x10e src/CMakeFiles/rp2040-freertos-template.dir/home/tiago/.pico-sdk/sdk/1.5.1/src/common/pico_time/time.c.obj
                0x10000f04                alarm_pool_add_alarm_at
 .text.add_alarm_at
                0x10001012       0x2e src/CMakeFiles/rp2040-freertos-template.dir/home/tiago/.pico-sdk/sdk/1.5.1/src/common/pico_time/time.c.obj
 .text.alarm_pool_cancel_alarm
                0x10001040       0xa8 src/CMakeFiles/rp2040-freertos-template.dir/home/tiago/.pico-sdk/sdk/1.5.1/src/common/pico_time/time.c.obj
                0x10001040                alarm_pool_cancel_alarm
 .text.cancel_alarm
                0x100010e8       0x10 src/CMakeFiles/rp2040-freertos-template.dir/home/tiago/.pico-sdk/sdk/1.5.1/src/common/pico_time/time.c.obj
 .text.sleep_until
                0x100010f8       0xa4 src/CMakeFiles/rp2040-freertos-template.dir/home/tiago/.pico-sdk/sdk/1.5.1/src/common/pico_time/time.c.obj
                0x100010f8                sleep_until
 .text.sleep_us
                0x1000119c       0x1a src/CMakeFiles/rp2040-freertos-template.dir/home/tiago/.pico-sdk/sdk/1.5.1/src/common/pico_time/time.c.obj
                0x1000119c                sleep_us
 .text.sleep_ms
                0x100011b6       0x14 src/CMakeFiles/rp2040-freertos-template.dir/home/tiago/.pico-sdk/sdk/1.5.1/src/common/pico_time/time.c.obj
                0x100011b6                sleep_ms
 *fill*         0x100011ca        0x2 
 .text.best_effort_wfe_or_timeout
                0x100011cc       0x44 src/CMakeFiles/rp2040-freertos-template.dir/home/tiago/.pico-sdk/sdk/1.5.1/src/common/pico_time/time.c.obj
                0x100011cc                best_effort_wfe_or_timeout
 .text.update_us_since_boot
                0x10001210       0x24 src/CMakeFiles/rp2040-freertos-template.dir/home/tiago/.pico-sdk/sdk/1.5.1/src/rp2_common/hardware_timer/timer.c.obj
 .text.hardware_alarm_irq_handler
                0x10001234       0x8c src/CMakeFiles/rp2040-freertos-template.dir/home/tiago/.pico-sdk/sdk/1.5.1/src/rp2_common/hardware_timer/timer.c.obj
 .text.hardware_alarm_claim
                0x100012c0       0x18 src/CMakeFiles/rp2040-freertos-template.dir/home/tiago/.pico-sdk/sdk/1.5.1/src/rp2_common/hardware_timer/timer.c.obj
                0x100012c0                hardware_alarm_claim
 .text.time_us_64
                0x100012d8       0x18 src/CMakeFiles/rp2040-freertos-template.dir/home/tiago/.pico-sdk/sdk/1.5.1/src/rp2_common/hardware_timer/timer.c.obj
                0x100012d8                time_us_64
 .text.busy_wait_until
                0x100012f0       0x28 src/CMakeFiles/rp2040-freertos-template.dir/home/tiago/.pico-sdk/sdk/1.5.1/src/rp2_common/hardware_timer/timer.c.obj
                0x100012f0                busy_wait_until
 .text.busy_wait_us
                0x10001318       0x3a src/CMakeFiles/rp2040-freertos-template.dir/home/tiago/.pico-sdk/sdk/1.5.1/src/rp2_common/hardware_timer/timer.c.obj
                0x10001318                busy_wait_us
 *fill*         0x10001352        0x2 
 .text.hardware_alarm_set_callback
                0x10001354       0x90 src/CMakeFiles/rp2040-freertos-template.dir/home/tiago/.pico-sdk/sdk/1.5.1/src/rp2_common/hardware_timer/timer.c.obj
                0x10001354                hardware_alarm_set_callback
 .text.hardware_alarm_set_target
                0x100013e4       0xe8 src/CMakeFiles/rp2040-freertos-template.dir/home/tiago/.pico-sdk/sdk/1.5.1/src/rp2_common/hardware_timer/timer.c.obj
                0x100013e4                hardware_alarm_set_target
 .text.hardware_alarm_cancel
                0x100014cc       0x40 src/CMakeFiles/rp2040-freertos-template.dir/home/tiago/.pico-sdk/sdk/1.5.1/src/rp2_common/hardware_timer/timer.c.obj
                0x100014cc                hardware_alarm_cancel
 .text.ph_get_node
                0x1000150c       0x30 src/CMakeFiles/rp2040-freertos-template.dir/home/tiago/.pico-sdk/sdk/1.5.1/src/common/pico_util/pheap.c.obj
 .text.ph_add_child_node
                0x1000153c       0x6c src/CMakeFiles/rp2040-freertos-template.dir/home/tiago/.pico-sdk/sdk/1.5.1/src/common/pico_util/pheap.c.obj
 .text.ph_merge_nodes
                0x100015a8       0x3e src/CMakeFiles/rp2040-freertos-template.dir/home/tiago/.pico-sdk/sdk/1.5.1/src/common/pico_util/pheap.c.obj
 .text.ph_clear
                0x100015e6       0x34 src/CMakeFiles/rp2040-freertos-template.dir/home/tiago/.pico-sdk/sdk/1.5.1/src/common/pico_util/pheap.c.obj
                0x100015e6                ph_clear
 .text.ph_post_alloc_init
                0x1000161a        0xe src/CMakeFiles/rp2040-freertos-template.dir/home/tiago/.pico-sdk/sdk/1.5.1/src/common/pico_util/pheap.c.obj
                0x1000161a                ph_post_alloc_init
 .text.ph_merge_two_pass
                0x10001628       0x5c src/CMakeFiles/rp2040-freertos-template.dir/home/tiago/.pico-sdk/sdk/1.5.1/src/common/pico_util/pheap.c.obj
                0x10001628                ph_merge_two_pass
 .text.ph_remove_any_head
                0x10001684       0xc0 src/CMakeFiles/rp2040-freertos-template.dir/home/tiago/.pico-sdk/sdk/1.5.1/src/common/pico_util/pheap.c.obj
 .text.ph_remove_head
                0x10001744       0x14 src/CMakeFiles/rp2040-freertos-template.dir/home/tiago/.pico-sdk/sdk/1.5.1/src/common/pico_util/pheap.c.obj
                0x10001744                ph_remove_head
 .text.ph_remove_and_free_node
                0x10001758       0xa0 src/CMakeFiles/rp2040-freertos-template.dir/home/tiago/.pico-sdk/sdk/1.5.1/src/common/pico_util/pheap.c.obj
                0x10001758                ph_remove_and_free_node
 .text.uart_disable_before_lcr_write
                0x100017f8       0x48 src/CMakeFiles/rp2040-freertos-template.dir/home/tiago/.pico-sdk/sdk/1.5.1/src/rp2_common/hardware_uart/uart.c.obj
 .text.uart_write_lcr_bits_masked
                0x10001840       0x22 src/CMakeFiles/rp2040-freertos-template.dir/home/tiago/.pico-sdk/sdk/1.5.1/src/rp2_common/hardware_uart/uart.c.obj
 *fill*         0x10001862        0x2 
 .text.uart_set_baudrate
                0x10001864       0x5c src/CMakeFiles/rp2040-freertos-template.dir/home/tiago/.pico-sdk/sdk/1.5.1/src/rp2_common/hardware_uart/uart.c.obj
                0x10001864                uart_set_baudrate
 .text.uart_set_format
                0x100018c0       0x2c src/CMakeFiles/rp2040-freertos-template.dir/home/tiago/.pico-sdk/sdk/1.5.1/src/rp2_common/hardware_uart/uart.c.obj
                0x100018c0                uart_set_format
 .text.uart_set_translate_crlf
                0x100018ec       0x28 src/CMakeFiles/rp2040-freertos-template.dir/home/tiago/.pico-sdk/sdk/1.5.1/src/rp2_common/hardware_uart/uart.c.obj
                0x100018ec                uart_set_translate_crlf
 .text.uart_init
                0x10001914       0x80 src/CMakeFiles/rp2040-freertos-template.dir/home/tiago/.pico-sdk/sdk/1.5.1/src/rp2_common/hardware_uart/uart.c.obj
                0x10001914                uart_init
 .text.clock_configure
                0x10001994      0x108 src/CMakeFiles/rp2040-freertos-template.dir/home/tiago/.pico-sdk/sdk/1.5.1/src/rp2_common/hardware_clocks/clocks.c.obj
                0x10001994                clock_configure
 .text.clocks_init
                0x10001a9c      0x100 src/CMakeFiles/rp2040-freertos-template.dir/home/tiago/.pico-sdk/sdk/1.5.1/src/rp2_common/hardware_clocks/clocks.c.obj
                0x10001a9c                clocks_init
 .text.clock_get_hz
                0x10001b9c        0xc src/CMakeFiles/rp2040-freertos-template.dir/home/tiago/.pico-sdk/sdk/1.5.1/src/rp2_common/hardware_clocks/clocks.c.obj
                0x10001b9c                clock_get_hz
 .text.pll_init
                0x10001ba8      0x120 src/CMakeFiles/rp2040-freertos-template.dir/home/tiago/.pico-sdk/sdk/1.5.1/src/rp2_common/hardware_pll/pll.c.obj
                0x10001ba8                pll_init
 .text.watchdog_start_tick
                0x10001cc8       0x10 src/CMakeFiles/rp2040-freertos-template.dir/home/tiago/.pico-sdk/sdk/1.5.1/src/rp2_common/hardware_watchdog/watchdog.c.obj
                0x10001cc8                watchdog_start_tick
 .text.xosc_init
                0x10001cd8       0x28 src/CMakeFiles/rp2040-freertos-template.dir/home/tiago/.pico-sdk/sdk/1.5.1/src/rp2_common/hardware_xosc/xosc.c.obj
                0x10001cd8                xosc_init
 .text._exit    0x10001d00        0x4 src/CMakeFiles/rp2040-freertos-template.dir/home/tiago/.pico-sdk/sdk/1.5.1/src/rp2_common/pico_runtime/runtime.c.obj
                0x10001d00                _exit
 .text.exit     0x10001d04        0x6 src/CMakeFiles/rp2040-freertos-template.dir/home/tiago/.pico-sdk/sdk/1.5.1/src/rp2_common/pico_runtime/runtime.c.obj
                0x10001d04                exit
 *fill*         0x10001d0a        0x2 
 .text.__assert_func
                0x10001d0c       0x38 src/CMakeFiles/rp2040-freertos-template.dir/home/tiago/.pico-sdk/sdk/1.5.1/src/rp2_common/pico_runtime/runtime.c.obj
                0x10001d0c                __assert_func
 .text.runtime_init
                0x10001d44       0xf8 src/CMakeFiles/rp2040-freertos-template.dir/home/tiago/.pico-sdk/sdk/1.5.1/src/rp2_common/pico_runtime/runtime.c.obj
                0x10001d44                runtime_init
 .text.panic    0x10001e3c       0x30 src/CMakeFiles/rp2040-freertos-template.dir/home/tiago/.pico-sdk/sdk/1.5.1/src/rp2_common/pico_runtime/runtime.c.obj
                0x10001e3c                panic
 .text._out_null
                0x10001e6c        0x2 src/CMakeFiles/rp2040-freertos-template.dir/home/tiago/.pico-sdk/sdk/1.5.1/src/rp2_common/pico_printf/printf.c.obj
 .text._out_fct
                0x10001e6e        0xe src/CMakeFiles/rp2040-freertos-template.dir/home/tiago/.pico-sdk/sdk/1.5.1/src/rp2_common/pico_printf/printf.c.obj
 .text._atoi    0x10001e7c       0x24 src/CMakeFiles/rp2040-freertos-template.dir/home/tiago/.pico-sdk/sdk/1.5.1/src/rp2_common/pico_printf/printf.c.obj
 .text._out_rev
                0x10001ea0       0xae src/CMakeFiles/rp2040-freertos-template.dir/home/tiago/.pico-sdk/sdk/1.5.1/src/rp2_common/pico_printf/printf.c.obj
 .text._ntoa_format
                0x10001f4e      0x110 src/CMakeFiles/rp2040-freertos-template.dir/home/tiago/.pico-sdk/sdk/1.5.1/src/rp2_common/pico_printf/printf.c.obj
 .text._ntoa_long
                0x1000205e       0xbc src/CMakeFiles/rp2040-freertos-template.dir/home/tiago/.pico-sdk/sdk/1.5.1/src/rp2_common/pico_printf/printf.c.obj
 .text._ntoa_long_long
                0x1000211a      0x10e src/CMakeFiles/rp2040-freertos-template.dir/home/tiago/.pico-sdk/sdk/1.5.1/src/rp2_common/pico_printf/printf.c.obj
 .text._etoa    0x10002228      0x420 src/CMakeFiles/rp2040-freertos-template.dir/home/tiago/.pico-sdk/sdk/1.5.1/src/rp2_common/pico_printf/printf.c.obj
 .text._ftoa    0x10002648      0x354 src/CMakeFiles/rp2040-freertos-template.dir/home/tiago/.pico-sdk/sdk/1.5.1/src/rp2_common/pico_printf/printf.c.obj
 .text._vsnprintf
                0x1000299c      0x668 src/CMakeFiles/rp2040-freertos-template.dir/home/tiago/.pico-sdk/sdk/1.5.1/src/rp2_common/pico_printf/printf.c.obj
 .text.vfctprintf
                0x10003004       0x20 src/CMakeFiles/rp2040-freertos-template.dir/home/tiago/.pico-sdk/sdk/1.5.1/src/rp2_common/pico_printf/printf.c.obj
                0x10003004                vfctprintf
 .text          0x10003024       0x10 src/CMakeFiles/rp2040-freertos-template.dir/home/tiago/.pico-sdk/sdk/1.5.1/src/rp2_common/pico_bit_ops/bit_ops_aeabi.S.obj
 .text.rom_func_lookup
                0x10003034       0x10 src/CMakeFiles/rp2040-freertos-template.dir/home/tiago/.pico-sdk/sdk/1.5.1/src/rp2_common/pico_bootrom/bootrom.c.obj
                0x10003034                rom_func_lookup
 .text.rom_data_lookup
                0x10003044       0x10 src/CMakeFiles/rp2040-freertos-template.dir/home/tiago/.pico-sdk/sdk/1.5.1/src/rp2_common/pico_bootrom/bootrom.c.obj
                0x10003044                rom_data_lookup
 .text.rom_funcs_lookup
                0x10003054       0x36 src/CMakeFiles/rp2040-freertos-template.dir/home/tiago/.pico-sdk/sdk/1.5.1/src/rp2_common/pico_bootrom/bootrom.c.obj
                0x10003054                rom_funcs_lookup
 *fill*         0x1000308a        0x2 
 .text.__wrap___aeabi_idiv
                0x1000308c       0x50 src/CMakeFiles/rp2040-freertos-template.dir/home/tiago/.pico-sdk/sdk/1.5.1/src/rp2_common/pico_divider/divider.S.obj
                0x1000308c                __wrap___aeabi_idivmod
                0x1000308c                divmod_s32s32
                0x1000308c                div_s32s32
                0x1000308c                __wrap___aeabi_idiv
                0x10003094                divmod_s32s32_unsafe
                0x100030c0                divmod_s32s32_savestate
 .text.__wrap___aeabi_uidiv
                0x100030dc       0x4c src/CMakeFiles/rp2040-freertos-template.dir/home/tiago/.pico-sdk/sdk/1.5.1/src/rp2_common/pico_divider/divider.S.obj
                0x100030dc                __wrap___aeabi_uidiv
                0x100030dc                __wrap___aeabi_uidivmod
                0x100030dc                div_u32u32
                0x100030dc                divmod_u32u32
                0x100030e4                divmod_u32u32_unsafe
                0x1000310c                divmod_u32u32_savestate
 .text.__wrap___aeabi_ldiv
                0x10003128      0x424 src/CMakeFiles/rp2040-freertos-template.dir/home/tiago/.pico-sdk/sdk/1.5.1/src/rp2_common/pico_divider/divider.S.obj
                0x10003128                div_s64s64
                0x10003128                divmod_s64s64
                0x10003128                __wrap___aeabi_ldivmod
                0x10003158                div_u64u64
                0x10003158                divmod_u64u64
                0x10003158                __wrap___aeabi_uldivmod
                0x10003168                divmod_u64u64_savestate
                0x10003188                divmod_s64s64_unsafe
                0x10003210                divmod_u64u64_unsafe
 .text.__wrap___aeabi_darithmetic
                0x1000354c       0x80 src/CMakeFiles/rp2040-freertos-template.dir/home/tiago/.pico-sdk/sdk/1.5.1/src/rp2_common/pico_double/double_aeabi.S.obj
                0x1000354c                __wrap___aeabi_drsub
                0x10003552                __wrap___aeabi_dsub
                0x10003564                __wrap___aeabi_dadd
                0x10003576                __wrap___aeabi_ddiv
                0x100035b2                __wrap___aeabi_dmul
 .text.__wrap___aeabi_cdcmple
                0x100035cc       0x6c src/CMakeFiles/rp2040-freertos-template.dir/home/tiago/.pico-sdk/sdk/1.5.1/src/rp2_common/pico_double/double_aeabi.S.obj
                0x100035cc                __wrap___aeabi_cdrcmple
                0x100035dc                __wrap___aeabi_cdcmple
                0x100035dc                __wrap___aeabi_cdcmpeq
 .text.__wrap___aeabi_dcmplt
                0x10003638        0xc src/CMakeFiles/rp2040-freertos-template.dir/home/tiago/.pico-sdk/sdk/1.5.1/src/rp2_common/pico_double/double_aeabi.S.obj
                0x10003638                __wrap___aeabi_dcmplt
 .text.__wrap___aeabi_dcmple
                0x10003644       0x10 src/CMakeFiles/rp2040-freertos-template.dir/home/tiago/.pico-sdk/sdk/1.5.1/src/rp2_common/pico_double/double_aeabi.S.obj
                0x10003644                __wrap___aeabi_dcmple
 .text.__wrap___aeabi_dcmpge
                0x10003654       0x10 src/CMakeFiles/rp2040-freertos-template.dir/home/tiago/.pico-sdk/sdk/1.5.1/src/rp2_common/pico_double/double_aeabi.S.obj
                0x10003654                __wrap___aeabi_dcmpge
 .text.__wrap___aeabi_dcmpgt
                0x10003664        0xa src/CMakeFiles/rp2040-freertos-template.dir/home/tiago/.pico-sdk/sdk/1.5.1/src/rp2_common/pico_double/double_aeabi.S.obj
                0x10003664                __wrap___aeabi_dcmpgt
 .text.__wrap___aeabi_dcmpun
                0x1000366e       0x1c src/CMakeFiles/rp2040-freertos-template.dir/home/tiago/.pico-sdk/sdk/1.5.1/src/rp2_common/pico_double/double_aeabi.S.obj
                0x1000366e                __wrap___aeabi_dcmpun
 *fill*         0x1000368a        0x2 
 .text.__wrap___aeabi_i2d
                0x1000368c       0x38 src/CMakeFiles/rp2040-freertos-template.dir/home/tiago/.pico-sdk/sdk/1.5.1/src/rp2_common/pico_double/double_aeabi.S.obj
                0x1000368c                __wrap___aeabi_ui2d
                0x10003694                __wrap___aeabi_i2d
 .text.__wrap___aeabi_d2iz
                0x100036c4       0x48 src/CMakeFiles/rp2040-freertos-template.dir/home/tiago/.pico-sdk/sdk/1.5.1/src/rp2_common/pico_double/double_aeabi.S.obj
                0x100036c4                __wrap___aeabi_d2iz
                0x100036c4                double2int_z
 .text.__wrap___aeabi_d2uiz
                0x1000370c       0x18 src/CMakeFiles/rp2040-freertos-template.dir/home/tiago/.pico-sdk/sdk/1.5.1/src/rp2_common/pico_double/double_aeabi.S.obj
                0x1000370c                double2uint
                0x1000370c                __wrap___aeabi_d2uiz
 .text.__aeabi_double_init
                0x10003724       0xcc src/CMakeFiles/rp2040-freertos-template.dir/home/tiago/.pico-sdk/sdk/1.5.1/src/rp2_common/pico_double/double_init_rom.c.obj
                0x10003724                __aeabi_double_init
 .text.double_table_shim_on_use_helper
                0x100037f0       0x34 src/CMakeFiles/rp2040-freertos-template.dir/home/tiago/.pico-sdk/sdk/1.5.1/src/rp2_common/pico_double/double_v1_rom_shim.S.obj
                0x100037f0                double_table_shim_on_use_helper
 .text.__wrap___aeabi_dsub
                0x10003824       0x10 src/CMakeFiles/rp2040-freertos-template.dir/home/tiago/.pico-sdk/sdk/1.5.1/src/rp2_common/pico_double/double_v1_rom_shim.S.obj
                0x10003824                drsub_shim
                0x1000382a                dsub_shim
 .text.dadd_shim
                0x10003834      0x15c src/CMakeFiles/rp2040-freertos-template.dir/home/tiago/.pico-sdk/sdk/1.5.1/src/rp2_common/pico_double/double_v1_rom_shim.S.obj
                0x10003834                dadd_shim
 .text.dmul_shim
                0x10003990      0x15c src/CMakeFiles/rp2040-freertos-template.dir/home/tiago/.pico-sdk/sdk/1.5.1/src/rp2_common/pico_double/double_v1_rom_shim.S.obj
                0x10003990                dmul_shim
 .text.ddiv_shim
                0x10003aec      0x1b0 src/CMakeFiles/rp2040-freertos-template.dir/home/tiago/.pico-sdk/sdk/1.5.1/src/rp2_common/pico_double/double_v1_rom_shim.S.obj
                0x10003aec                ddiv_shim
 .text.double2uint_shim
                0x10003c9c        0xe src/CMakeFiles/rp2040-freertos-template.dir/home/tiago/.pico-sdk/sdk/1.5.1/src/rp2_common/pico_double/double_v1_rom_shim.S.obj
                0x10003c9c                double2uint_shim
                0x10003c9e                double2ufix_shim
 *fill*         0x10003caa        0x2 
 .text.double2uint64_shim
                0x10003cac       0x70 src/CMakeFiles/rp2040-freertos-template.dir/home/tiago/.pico-sdk/sdk/1.5.1/src/rp2_common/pico_double/double_v1_rom_shim.S.obj
                0x10003cac                double2uint64_shim
                0x10003cae                double2ufix64_shim
                0x10003cce                d2fix_a
 .text.dunpacks
                0x10003d1c       0x3c src/CMakeFiles/rp2040-freertos-template.dir/home/tiago/.pico-sdk/sdk/1.5.1/src/rp2_common/pico_double/double_v1_rom_shim.S.obj
                0x10003d1c                dunpacks
 .text.__aeabi_lmul
                0x10003d58       0x32 src/CMakeFiles/rp2040-freertos-template.dir/home/tiago/.pico-sdk/sdk/1.5.1/src/rp2_common/pico_int64_ops/pico_int64_ops_aeabi.S.obj
                0x10003d58                __wrap___aeabi_lmul
 *fill*         0x10003d8a        0x2 
 .text.__aeabi_float_init
                0x10003d8c       0xfc src/CMakeFiles/rp2040-freertos-template.dir/home/tiago/.pico-sdk/sdk/1.5.1/src/rp2_common/pico_float/float_init_rom.c.obj
                0x10003d8c                __aeabi_float_init
 .text.float_table_shim_on_use_helper
                0x10003e88       0x34 src/CMakeFiles/rp2040-freertos-template.dir/home/tiago/.pico-sdk/sdk/1.5.1/src/rp2_common/pico_float/float_v1_rom_shim.S.obj
                0x10003e88                float_table_shim_on_use_helper
 .text          0x10003ebc       0x10 src/CMakeFiles/rp2040-freertos-template.dir/home/tiago/.pico-sdk/sdk/1.5.1/src/rp2_common/pico_mem_ops/mem_ops_aeabi.S.obj
                0x10003ebc                __aeabi_mem_init
 .text.memset   0x10003ecc        0xc src/CMakeFiles/rp2040-freertos-template.dir/home/tiago/.pico-sdk/sdk/1.5.1/src/rp2_common/pico_mem_ops/mem_ops_aeabi.S.obj
                0x10003ecc                __wrap_memset
 .text.memcpy   0x10003ed8        0xc src/CMakeFiles/rp2040-freertos-template.dir/home/tiago/.pico-sdk/sdk/1.5.1/src/rp2_common/pico_mem_ops/mem_ops_aeabi.S.obj
                0x10003ed8                __wrap___aeabi_memcpy
                0x10003ed8                __wrap_memcpy
 .text.stdio_out_chars_no_crlf
                0x10003ee4        0xe src/CMakeFiles/rp2040-freertos-template.dir/home/tiago/.pico-sdk/sdk/1.5.1/src/rp2_common/pico_stdio/stdio.c.obj
 *fill*         0x10003ef2        0x2 
 .text.stdio_out_chars_crlf
                0x10003ef4       0x80 src/CMakeFiles/rp2040-freertos-template.dir/home/tiago/.pico-sdk/sdk/1.5.1/src/rp2_common/pico_stdio/stdio.c.obj
 .text.stdio_stack_buffer_flush
                0x10003f74       0x44 src/CMakeFiles/rp2040-freertos-template.dir/home/tiago/.pico-sdk/sdk/1.5.1/src/rp2_common/pico_stdio/stdio.c.obj
 .text.stdio_buffered_printer
                0x10003fb8       0x20 src/CMakeFiles/rp2040-freertos-template.dir/home/tiago/.pico-sdk/sdk/1.5.1/src/rp2_common/pico_stdio/stdio.c.obj
 .text.update_us_since_boot
                0x10003fd8       0x24 src/CMakeFiles/rp2040-freertos-template.dir/home/tiago/.pico-sdk/sdk/1.5.1/src/rp2_common/pico_stdio/stdio.c.obj
 .text.get_absolute_time
                0x10003ffc       0x22 src/CMakeFiles/rp2040-freertos-template.dir/home/tiago/.pico-sdk/sdk/1.5.1/src/rp2_common/pico_stdio/stdio.c.obj
 *fill*         0x1000401e        0x2 
 .text.delayed_by_ms
                0x10004020       0x44 src/CMakeFiles/rp2040-freertos-template.dir/home/tiago/.pico-sdk/sdk/1.5.1/src/rp2_common/pico_stdio/stdio.c.obj
 .text.make_timeout_time_ms
                0x10004064       0x20 src/CMakeFiles/rp2040-freertos-template.dir/home/tiago/.pico-sdk/sdk/1.5.1/src/rp2_common/pico_stdio/stdio.c.obj
 .text.stdout_serialize_begin
                0x10004084       0x20 src/CMakeFiles/rp2040-freertos-template.dir/home/tiago/.pico-sdk/sdk/1.5.1/src/rp2_common/pico_stdio/stdio.c.obj
                0x10004084                stdout_serialize_begin
 .text.stdout_serialize_end
                0x100040a4       0x10 src/CMakeFiles/rp2040-freertos-template.dir/home/tiago/.pico-sdk/sdk/1.5.1/src/rp2_common/pico_stdio/stdio.c.obj
                0x100040a4                stdout_serialize_end
 .text.stdio_put_string
                0x100040b4       0x98 src/CMakeFiles/rp2040-freertos-template.dir/home/tiago/.pico-sdk/sdk/1.5.1/src/rp2_common/pico_stdio/stdio.c.obj
 .text.stdio_set_driver_enabled
                0x1000414c       0x2c src/CMakeFiles/rp2040-freertos-template.dir/home/tiago/.pico-sdk/sdk/1.5.1/src/rp2_common/pico_stdio/stdio.c.obj
                0x1000414c                stdio_set_driver_enabled
 .text.stdio_flush
                0x10004178       0x20 src/CMakeFiles/rp2040-freertos-template.dir/home/tiago/.pico-sdk/sdk/1.5.1/src/rp2_common/pico_stdio/stdio.c.obj
                0x10004178                stdio_flush
 .text.__wrap_puts
                0x10004198       0x1e src/CMakeFiles/rp2040-freertos-template.dir/home/tiago/.pico-sdk/sdk/1.5.1/src/rp2_common/pico_stdio/stdio.c.obj
                0x10004198                __wrap_puts
 *fill*         0x100041b6        0x2 
 .text.__wrap_vprintf
                0x100041b8       0x40 src/CMakeFiles/rp2040-freertos-template.dir/home/tiago/.pico-sdk/sdk/1.5.1/src/rp2_common/pico_stdio/stdio.c.obj
                0x100041b8                __wrap_vprintf
 .text.__wrap_printf
                0x100041f8       0x18 src/CMakeFiles/rp2040-freertos-template.dir/home/tiago/.pico-sdk/sdk/1.5.1/src/rp2_common/pico_stdio/stdio.c.obj
                0x100041f8                __wrap_printf
 .text.stdio_init_all
                0x10004210        0xa src/CMakeFiles/rp2040-freertos-template.dir/home/tiago/.pico-sdk/sdk/1.5.1/src/rp2_common/pico_stdio/stdio.c.obj
                0x10004210                stdio_init_all
 *fill*         0x1000421a        0x2 
 .text.uart_putc
                0x1000421c       0x60 src/CMakeFiles/rp2040-freertos-template.dir/home/tiago/.pico-sdk/sdk/1.5.1/src/rp2_common/pico_stdio_uart/stdio_uart.c.obj
 .text.uart_getc
                0x1000427c       0x24 src/CMakeFiles/rp2040-freertos-template.dir/home/tiago/.pico-sdk/sdk/1.5.1/src/rp2_common/pico_stdio_uart/stdio_uart.c.obj
 .text.stdio_uart_out_chars
                0x100042a0       0x20 src/CMakeFiles/rp2040-freertos-template.dir/home/tiago/.pico-sdk/sdk/1.5.1/src/rp2_common/pico_stdio_uart/stdio_uart.c.obj
 .text.stdio_uart_in_chars
                0x100042c0       0x5c src/CMakeFiles/rp2040-freertos-template.dir/home/tiago/.pico-sdk/sdk/1.5.1/src/rp2_common/pico_stdio_uart/stdio_uart.c.obj
                0x100042c0                stdio_uart_in_chars
 .text.on_uart_rx
                0x1000431c       0x28 src/CMakeFiles/rp2040-freertos-template.dir/home/tiago/.pico-sdk/sdk/1.5.1/src/rp2_common/pico_stdio_uart/stdio_uart.c.obj
 .text.stdio_uart_set_chars_available_callback
                0x10004344       0x8c src/CMakeFiles/rp2040-freertos-template.dir/home/tiago/.pico-sdk/sdk/1.5.1/src/rp2_common/pico_stdio_uart/stdio_uart.c.obj
 .text.stdio_uart_init_full
                0x100043d0       0x44 src/CMakeFiles/rp2040-freertos-template.dir/home/tiago/.pico-sdk/sdk/1.5.1/src/rp2_common/pico_stdio_uart/stdio_uart.c.obj
                0x100043d0                stdio_uart_init_full
 .text.stdio_uart_init
                0x10004414       0x28 src/CMakeFiles/rp2040-freertos-template.dir/home/tiago/.pico-sdk/sdk/1.5.1/src/rp2_common/pico_stdio_uart/stdio_uart.c.obj
                0x10004414                stdio_uart_init
 .text.prvHeapInit
                0x1000443c       0x64 src/CMakeFiles/rp2040-freertos-template.dir/home/tiago/FreeRTOS-Kernel/portable/MemMang/heap_4.c.obj
 .text.prvInsertBlockIntoFreeList
                0x100044a0       0x54 src/CMakeFiles/rp2040-freertos-template.dir/home/tiago/FreeRTOS-Kernel/portable/MemMang/heap_4.c.obj
 .text.pvPortMalloc
                0x100044f4      0x114 src/CMakeFiles/rp2040-freertos-template.dir/home/tiago/FreeRTOS-Kernel/portable/MemMang/heap_4.c.obj
                0x100044f4                pvPortMalloc
 .text.time_reached
                0x10004608       0x28 src/CMakeFiles/rp2040-freertos-template.dir/home/tiago/FreeRTOS-Kernel/portable/ThirdParty/GCC/RP2040/port.c.obj
 .text.update_us_since_boot
                0x10004630       0x24 src/CMakeFiles/rp2040-freertos-template.dir/home/tiago/FreeRTOS-Kernel/portable/ThirdParty/GCC/RP2040/port.c.obj
 .text.get_absolute_time
                0x10004654       0x22 src/CMakeFiles/rp2040-freertos-template.dir/home/tiago/FreeRTOS-Kernel/portable/ThirdParty/GCC/RP2040/port.c.obj
 *fill*         0x10004676        0x2 
 .text.prvGetTicksToWaitBefore
                0x10004678       0x48 src/CMakeFiles/rp2040-freertos-template.dir/home/tiago/FreeRTOS-Kernel/portable/ThirdParty/GCC/RP2040/port.c.obj
 .text.vPortYield
                0x100046c0       0x48 src/CMakeFiles/rp2040-freertos-template.dir/home/tiago/FreeRTOS-Kernel/portable/ThirdParty/GCC/RP2040/port.c.obj
                0x100046c0                vPortYield
 .text.vPortEnableInterrupts
                0x10004708       0x30 src/CMakeFiles/rp2040-freertos-template.dir/home/tiago/FreeRTOS-Kernel/portable/ThirdParty/GCC/RP2040/port.c.obj
                0x10004708                vPortEnableInterrupts
 .text.vYieldCore
                0x10004738       0x30 src/CMakeFiles/rp2040-freertos-template.dir/home/tiago/FreeRTOS-Kernel/portable/ThirdParty/GCC/RP2040/port.c.obj
                0x10004738                vYieldCore
 .text.ulPortLockGetCurrentOwnerId
                0x10004768       0x30 src/CMakeFiles/rp2040-freertos-template.dir/home/tiago/FreeRTOS-Kernel/portable/ThirdParty/GCC/RP2040/port.c.obj
                0x10004768                ulPortLockGetCurrentOwnerId
 .text.vPortLockInternalSpinUnlockWithWait
                0x10004798       0xc8 src/CMakeFiles/rp2040-freertos-template.dir/home/tiago/FreeRTOS-Kernel/portable/ThirdParty/GCC/RP2040/port.c.obj
                0x10004798                vPortLockInternalSpinUnlockWithWait
 .text.vPortLockInternalSpinUnlockWithNotify
                0x10004860       0x88 src/CMakeFiles/rp2040-freertos-template.dir/home/tiago/FreeRTOS-Kernel/portable/ThirdParty/GCC/RP2040/port.c.obj
                0x10004860                vPortLockInternalSpinUnlockWithNotify
 .text.xPortLockInternalSpinUnlockWithBestEffortWaitOrTimeout
                0x100048e8      0x108 src/CMakeFiles/rp2040-freertos-template.dir/home/tiago/FreeRTOS-Kernel/portable/ThirdParty/GCC/RP2040/port.c.obj
                0x100048e8                xPortLockInternalSpinUnlockWithBestEffortWaitOrTimeout
 .text.prvRuntimeInitializer
                0x100049f0       0x10 src/CMakeFiles/rp2040-freertos-template.dir/home/tiago/FreeRTOS-Kernel/portable/ThirdParty/GCC/RP2040/port.c.obj
 .text.prvTestWaitCondition
                0x10004a00       0x1e src/CMakeFiles/rp2040-freertos-template.dir/home/tiago/FreeRTOS-Kernel/event_groups.c.obj
 .text.xEventGroupCreate
                0x10004a1e       0x18 src/CMakeFiles/rp2040-freertos-template.dir/home/tiago/FreeRTOS-Kernel/event_groups.c.obj
                0x10004a1e                xEventGroupCreate
 *fill*         0x10004a36        0x2 
 .text.xEventGroupWaitBits
                0x10004a38      0x120 src/CMakeFiles/rp2040-freertos-template.dir/home/tiago/FreeRTOS-Kernel/event_groups.c.obj
                0x10004a38                xEventGroupWaitBits
 .text.xEventGroupSetBits
                0x10004b58       0x98 src/CMakeFiles/rp2040-freertos-template.dir/home/tiago/FreeRTOS-Kernel/event_groups.c.obj
                0x10004b58                xEventGroupSetBits
 .text.vEventGroupSetBitsCallback
                0x10004bf0        0x8 src/CMakeFiles/rp2040-freertos-template.dir/home/tiago/FreeRTOS-Kernel/event_groups.c.obj
                0x10004bf0                vEventGroupSetBitsCallback
 .text.xEventGroupSetBitsFromISR
                0x10004bf8       0x18 src/CMakeFiles/rp2040-freertos-template.dir/home/tiago/FreeRTOS-Kernel/event_groups.c.obj
                0x10004bf8                xEventGroupSetBitsFromISR
 .text.vListInitialise
                0x10004c10       0x16 src/CMakeFiles/rp2040-freertos-template.dir/home/tiago/FreeRTOS-Kernel/list.c.obj
                0x10004c10                vListInitialise
 .text.vListInsertEnd
                0x10004c26       0x16 src/CMakeFiles/rp2040-freertos-template.dir/home/tiago/FreeRTOS-Kernel/list.c.obj
                0x10004c26                vListInsertEnd
 .text.vListInsert
                0x10004c3c       0x2e src/CMakeFiles/rp2040-freertos-template.dir/home/tiago/FreeRTOS-Kernel/list.c.obj
                0x10004c3c                vListInsert
 .text.uxListRemove
                0x10004c6a       0x26 src/CMakeFiles/rp2040-freertos-template.dir/home/tiago/FreeRTOS-Kernel/list.c.obj
                0x10004c6a                uxListRemove
 .text.prvCopyDataToQueue
                0x10004c90       0x7e src/CMakeFiles/rp2040-freertos-template.dir/home/tiago/FreeRTOS-Kernel/queue.c.obj
 *fill*         0x10004d0e        0x2 
 .text.prvNotifyQueueSetContainer
                0x10004d10       0xa0 src/CMakeFiles/rp2040-freertos-template.dir/home/tiago/FreeRTOS-Kernel/queue.c.obj
 .text.xQueueGenericSendFromISR
                0x10004db0      0x134 src/CMakeFiles/rp2040-freertos-template.dir/home/tiago/FreeRTOS-Kernel/queue.c.obj
                0x10004db0                xQueueGenericSendFromISR
 .text.prvGetCurrentYieldPending
                0x10004ee4       0x1c src/CMakeFiles/rp2040-freertos-template.dir/home/tiago/FreeRTOS-Kernel/tasks.c.obj
 .text.prvResetNextTaskUnblockTime
                0x10004f00       0x2c src/CMakeFiles/rp2040-freertos-template.dir/home/tiago/FreeRTOS-Kernel/tasks.c.obj
 .text.prvYieldCore
                0x10004f2c       0x60 src/CMakeFiles/rp2040-freertos-template.dir/home/tiago/FreeRTOS-Kernel/tasks.c.obj
 .text.vPortRecursiveLock
                0x10004f8c       0xf8 src/CMakeFiles/rp2040-freertos-template.dir/home/tiago/FreeRTOS-Kernel/tasks.c.obj
 .text.xTaskGetCurrentTaskHandle
                0x10005084       0x1c src/CMakeFiles/rp2040-freertos-template.dir/home/tiago/FreeRTOS-Kernel/tasks.c.obj
                0x10005084                xTaskGetCurrentTaskHandle
 .text.prvYieldForTask
                0x100050a0       0x88 src/CMakeFiles/rp2040-freertos-template.dir/home/tiago/FreeRTOS-Kernel/tasks.c.obj
 .text.xTaskRemoveFromEventList
                0x10005128       0x98 src/CMakeFiles/rp2040-freertos-template.dir/home/tiago/FreeRTOS-Kernel/tasks.c.obj
                0x10005128                xTaskRemoveFromEventList
 .text.prvAddCurrentTaskToDelayedList
                0x100051c0       0x8c src/CMakeFiles/rp2040-freertos-template.dir/home/tiago/FreeRTOS-Kernel/tasks.c.obj
 .text.prvCheckForRunStateChange
                0x1000524c      0x108 src/CMakeFiles/rp2040-freertos-template.dir/home/tiago/FreeRTOS-Kernel/tasks.c.obj
 .text.vTaskSuspendAll
                0x10005354       0x68 src/CMakeFiles/rp2040-freertos-template.dir/home/tiago/FreeRTOS-Kernel/tasks.c.obj
                0x10005354                vTaskSuspendAll
 .text.vTaskPlaceOnUnorderedEventList
                0x100053bc       0x6c src/CMakeFiles/rp2040-freertos-template.dir/home/tiago/FreeRTOS-Kernel/tasks.c.obj
                0x100053bc                vTaskPlaceOnUnorderedEventList
 .text.xTaskPriorityDisinherit
                0x10005428       0x9c src/CMakeFiles/rp2040-freertos-template.dir/home/tiago/FreeRTOS-Kernel/tasks.c.obj
                0x10005428                xTaskPriorityDisinherit
 .text.vTaskYieldWithinAPI
                0x100054c4       0x28 src/CMakeFiles/rp2040-freertos-template.dir/home/tiago/FreeRTOS-Kernel/tasks.c.obj
                0x100054c4                vTaskYieldWithinAPI
 .text.vTaskEnterCritical
                0x100054ec       0x70 src/CMakeFiles/rp2040-freertos-template.dir/home/tiago/FreeRTOS-Kernel/tasks.c.obj
                0x100054ec                vTaskEnterCritical
 .text.vTaskExitCritical
                0x1000555c       0x8c src/CMakeFiles/rp2040-freertos-template.dir/home/tiago/FreeRTOS-Kernel/tasks.c.obj
                0x1000555c                vTaskExitCritical
 .text.xTaskIncrementTick
                0x100055e8      0x188 src/CMakeFiles/rp2040-freertos-template.dir/home/tiago/FreeRTOS-Kernel/tasks.c.obj
                0x100055e8                xTaskIncrementTick
 .text.xTaskResumeAll
                0x10005770      0x110 src/CMakeFiles/rp2040-freertos-template.dir/home/tiago/FreeRTOS-Kernel/tasks.c.obj
                0x10005770                xTaskResumeAll
 .text.vTaskRemoveFromUnorderedEventList
                0x10005880       0x94 src/CMakeFiles/rp2040-freertos-template.dir/home/tiago/FreeRTOS-Kernel/tasks.c.obj
                0x10005880                vTaskRemoveFromUnorderedEventList
 .text.xTaskGetSchedulerState
                0x10005914       0x30 src/CMakeFiles/rp2040-freertos-template.dir/home/tiago/FreeRTOS-Kernel/tasks.c.obj
                0x10005914                xTaskGetSchedulerState
 .text.uxTaskResetEventItemValue
                0x10005944       0x1c src/CMakeFiles/rp2040-freertos-template.dir/home/tiago/FreeRTOS-Kernel/tasks.c.obj
                0x10005944                uxTaskResetEventItemValue
 .text.xTimerPendFunctionCallFromISR
                0x10005960       0x28 src/CMakeFiles/rp2040-freertos-template.dir/home/tiago/FreeRTOS-Kernel/timers.c.obj
                0x10005960                xTimerPendFunctionCallFromISR
 .text.strlen   0x10005988       0x5c /home/tiago/.pico-sdk/toolchain/13_2_Rel1/bin/../lib/gcc/arm-none-eabi/13.2.1/../../../../arm-none-eabi/lib/thumb/v6-m/nofp/libg.a(libc_a-strlen-stub.o)
                0x10005988                strlen
 *(.fini)
 .fini          0x100059e4        0x4 /home/tiago/.pico-sdk/toolchain/13_2_Rel1/bin/../lib/gcc/arm-none-eabi/13.2.1/thumb/v6-m/nofp/crti.o
                0x100059e4                _fini
 .fini.__stub   0x100059e8       0x40 linker stubs
 *crtbegin.o(.ctors)
 *crtbegin?.o(.ctors)
 *(EXCLUDE_FILE(*crtend.o *crtend?.o) .ctors)
 *(SORT_BY_NAME(.ctors.*))
 *(.ctors)
 *crtbegin.o(.dtors)
 *crtbegin?.o(.dtors)
 *(EXCLUDE_FILE(*crtend.o *crtend?.o) .dtors)
 *(SORT_BY_NAME(.dtors.*))
 *(.dtors)
 *(.eh_frame*)
 .eh_frame      0x10005a28        0x0 /home/tiago/.pico-sdk/toolchain/13_2_Rel1/bin/../lib/gcc/arm-none-eabi/13.2.1/thumb/v6-m/nofp/crtbegin.o
                0x10005a28                        . = ALIGN (0x4)

.glue_7         0x10005a28        0x0
 .glue_7        0x10005a28        0x0 linker stubs

.glue_7t        0x10005a28        0x0
 .glue_7t       0x10005a28        0x0 linker stubs

.vfp11_veneer   0x10005a28        0x0
 .vfp11_veneer  0x10005a28        0x0 linker stubs

.v4_bx          0x10005a28        0x0
 .v4_bx         0x10005a28        0x0 linker stubs

.iplt           0x10005a28        0x0
 .iplt          0x10005a28        0x0 /home/tiago/.pico-sdk/toolchain/13_2_Rel1/bin/../lib/gcc/arm-none-eabi/13.2.1/thumb/v6-m/nofp/crtbegin.o

.rodata         0x10005a28     0x1810
 *(EXCLUDE_FILE(*libm.a: *libc.a:*lib_a-mem*.o *libgcc.a:) .rodata*)
 .rodata.main.str1.4
                0x10005a28     0x1189 src/CMakeFiles/rp2040-freertos-template.dir/main.cpp.obj
                                  0xe (size before relaxing)
 .rodata.resolve_branch.str1.4
                0x10006bb1       0x5a src/CMakeFiles/rp2040-freertos-template.dir/home/tiago/.pico-sdk/sdk/1.5.1/src/rp2_common/hardware_irq/irq.c.obj
 .rodata.make_branch.str1.4
                0x10006bb1       0x30 src/CMakeFiles/rp2040-freertos-template.dir/home/tiago/.pico-sdk/sdk/1.5.1/src/rp2_common/hardware_irq/irq.c.obj
 .rodata.insert_branch_and_link.str1.4
                0x10006bb1       0x10 src/CMakeFiles/rp2040-freertos-template.dir/home/tiago/.pico-sdk/sdk/1.5.1/src/rp2_common/hardware_irq/irq.c.obj
 .rodata.irq_set_exclusive_handler.str1.4
                0x10006bb1       0x36 src/CMakeFiles/rp2040-freertos-template.dir/home/tiago/.pico-sdk/sdk/1.5.1/src/rp2_common/hardware_irq/irq.c.obj
 .rodata.irq_remove_handler.str1.4
                0x10006bb1       0x3a src/CMakeFiles/rp2040-freertos-template.dir/home/tiago/.pico-sdk/sdk/1.5.1/src/rp2_common/hardware_irq/irq.c.obj
 .rodata.irq_add_tail_to_free_list.str1.4
                0x10006bb1       0x3a src/CMakeFiles/rp2040-freertos-template.dir/home/tiago/.pico-sdk/sdk/1.5.1/src/rp2_common/hardware_irq/irq.c.obj
 *fill*         0x10006bb1        0x3 
 .rodata.__func__.0
                0x10006bb4       0x1a src/CMakeFiles/rp2040-freertos-template.dir/home/tiago/.pico-sdk/sdk/1.5.1/src/rp2_common/hardware_irq/irq.c.obj
 *fill*         0x10006bce        0x2 
 .rodata.__func__.1
                0x10006bd0       0x17 src/CMakeFiles/rp2040-freertos-template.dir/home/tiago/.pico-sdk/sdk/1.5.1/src/rp2_common/hardware_irq/irq.c.obj
 *fill*         0x10006be7        0x1 
 .rodata.__func__.2
                0x10006be8       0x13 src/CMakeFiles/rp2040-freertos-template.dir/home/tiago/.pico-sdk/sdk/1.5.1/src/rp2_common/hardware_irq/irq.c.obj
 *fill*         0x10006bfb        0x1 
 .rodata.__func__.3
                0x10006bfc        0xc src/CMakeFiles/rp2040-freertos-template.dir/home/tiago/.pico-sdk/sdk/1.5.1/src/rp2_common/hardware_irq/irq.c.obj
 .rodata.__func__.4
                0x10006c08        0xf src/CMakeFiles/rp2040-freertos-template.dir/home/tiago/.pico-sdk/sdk/1.5.1/src/rp2_common/hardware_irq/irq.c.obj
 *fill*         0x10006c17        0x1 
 .rodata.__func__.6
                0x10006c18       0x1a src/CMakeFiles/rp2040-freertos-template.dir/home/tiago/.pico-sdk/sdk/1.5.1/src/rp2_common/hardware_irq/irq.c.obj
 .rodata.str1.4
                0x10006c32       0x91 src/CMakeFiles/rp2040-freertos-template.dir/home/tiago/.pico-sdk/sdk/1.5.1/src/common/pico_sync/mutex.c.obj
 *fill*         0x10006c32        0x2 
 .rodata.__func__.1
                0x10006c34        0xb src/CMakeFiles/rp2040-freertos-template.dir/home/tiago/.pico-sdk/sdk/1.5.1/src/common/pico_sync/mutex.c.obj
 *fill*         0x10006c3f        0x1 
 .rodata.__func__.3
                0x10006c40       0x18 src/CMakeFiles/rp2040-freertos-template.dir/home/tiago/.pico-sdk/sdk/1.5.1/src/common/pico_sync/mutex.c.obj
 .rodata.get_entry.str1.4
                0x10006c58       0x60 src/CMakeFiles/rp2040-freertos-template.dir/home/tiago/.pico-sdk/sdk/1.5.1/src/common/pico_time/time.c.obj
 .rodata.update_us_since_boot.str1.4
                0x10006c58       0x66 src/CMakeFiles/rp2040-freertos-template.dir/home/tiago/.pico-sdk/sdk/1.5.1/src/common/pico_time/time.c.obj
 .rodata.ph_get_node.str1.4
                0x10006c58       0x6b src/CMakeFiles/rp2040-freertos-template.dir/home/tiago/.pico-sdk/sdk/1.5.1/src/common/pico_time/time.c.obj
 .rodata.ph_add_child_node.str1.4
                0x10006c58       0x2e src/CMakeFiles/rp2040-freertos-template.dir/home/tiago/.pico-sdk/sdk/1.5.1/src/common/pico_time/time.c.obj
 .rodata.ph_insert_node.str1.4
                0x10006c58        0x3 src/CMakeFiles/rp2040-freertos-template.dir/home/tiago/.pico-sdk/sdk/1.5.1/src/common/pico_time/time.c.obj
 .rodata.ph_free_node.str1.4
                0x10006c58       0x38 src/CMakeFiles/rp2040-freertos-template.dir/home/tiago/.pico-sdk/sdk/1.5.1/src/common/pico_time/time.c.obj
 .rodata.add_alarm_under_lock.str1.4
                0x10006c58       0x28 src/CMakeFiles/rp2040-freertos-template.dir/home/tiago/.pico-sdk/sdk/1.5.1/src/common/pico_time/time.c.obj
 .rodata.alarm_pool_alarm_callback.str1.4
                0x10006c58       0x60 src/CMakeFiles/rp2040-freertos-template.dir/home/tiago/.pico-sdk/sdk/1.5.1/src/common/pico_time/time.c.obj
 .rodata.alarm_pool_get_default.str1.4
                0x10006c58       0x21 src/CMakeFiles/rp2040-freertos-template.dir/home/tiago/.pico-sdk/sdk/1.5.1/src/common/pico_time/time.c.obj
 .rodata.alarm_pool_cancel_alarm.str1.4
                0x10006c58       0x27 src/CMakeFiles/rp2040-freertos-template.dir/home/tiago/.pico-sdk/sdk/1.5.1/src/common/pico_time/time.c.obj
 .rodata.sleep_until.str1.4
                0x10006c58       0x4d src/CMakeFiles/rp2040-freertos-template.dir/home/tiago/.pico-sdk/sdk/1.5.1/src/common/pico_time/time.c.obj
 .rodata.__func__.1
                0x10006c58       0x18 src/CMakeFiles/rp2040-freertos-template.dir/home/tiago/.pico-sdk/sdk/1.5.1/src/common/pico_time/time.c.obj
 .rodata.__func__.3
                0x10006c70       0x17 src/CMakeFiles/rp2040-freertos-template.dir/home/tiago/.pico-sdk/sdk/1.5.1/src/common/pico_time/time.c.obj
 *fill*         0x10006c87        0x1 
 .rodata.__func__.4
                0x10006c88       0x12 src/CMakeFiles/rp2040-freertos-template.dir/home/tiago/.pico-sdk/sdk/1.5.1/src/common/pico_time/time.c.obj
 *fill*         0x10006c9a        0x2 
 .rodata.__func__.5
                0x10006c9c        0xd src/CMakeFiles/rp2040-freertos-template.dir/home/tiago/.pico-sdk/sdk/1.5.1/src/common/pico_time/time.c.obj
 *fill*         0x10006ca9        0x3 
 .rodata.__func__.6
                0x10006cac       0x12 src/CMakeFiles/rp2040-freertos-template.dir/home/tiago/.pico-sdk/sdk/1.5.1/src/common/pico_time/time.c.obj
 *fill*         0x10006cbe        0x2 
 .rodata.__func__.7
                0x10006cc0        0xf src/CMakeFiles/rp2040-freertos-template.dir/home/tiago/.pico-sdk/sdk/1.5.1/src/common/pico_time/time.c.obj
 *fill*         0x10006ccf        0x1 
 .rodata.__func__.8
                0x10006cd0        0xc src/CMakeFiles/rp2040-freertos-template.dir/home/tiago/.pico-sdk/sdk/1.5.1/src/common/pico_time/time.c.obj
 .rodata.__func__.9
                0x10006cdc       0x15 src/CMakeFiles/rp2040-freertos-template.dir/home/tiago/.pico-sdk/sdk/1.5.1/src/common/pico_time/time.c.obj
 *fill*         0x10006cf1        0x3 
 .rodata.__func__.10
                0x10006cf4       0x15 src/CMakeFiles/rp2040-freertos-template.dir/home/tiago/.pico-sdk/sdk/1.5.1/src/common/pico_time/time.c.obj
 *fill*         0x10006d09        0x3 
 .rodata.__func__.11
                0x10006d0c       0x1a src/CMakeFiles/rp2040-freertos-template.dir/home/tiago/.pico-sdk/sdk/1.5.1/src/common/pico_time/time.c.obj
 *fill*         0x10006d26        0x2 
 .rodata.__func__.12
                0x10006d28        0xa src/CMakeFiles/rp2040-freertos-template.dir/home/tiago/.pico-sdk/sdk/1.5.1/src/common/pico_time/time.c.obj
 .rodata.update_us_since_boot.str1.4
                0x10006d32       0x66 src/CMakeFiles/rp2040-freertos-template.dir/home/tiago/.pico-sdk/sdk/1.5.1/src/rp2_common/hardware_timer/timer.c.obj
 .rodata.hardware_alarm_claim.str1.4
                0x10006d32       0x22 src/CMakeFiles/rp2040-freertos-template.dir/home/tiago/.pico-sdk/sdk/1.5.1/src/rp2_common/hardware_timer/timer.c.obj
 .rodata.hardware_alarm_set_target.str1.4
                0x10006d32       0x6a src/CMakeFiles/rp2040-freertos-template.dir/home/tiago/.pico-sdk/sdk/1.5.1/src/rp2_common/hardware_timer/timer.c.obj
 *fill*         0x10006d32        0x2 
 .rodata.__func__.0
                0x10006d34       0x1a src/CMakeFiles/rp2040-freertos-template.dir/home/tiago/.pico-sdk/sdk/1.5.1/src/rp2_common/hardware_timer/timer.c.obj
 *fill*         0x10006d4e        0x2 
 .rodata.__func__.1
                0x10006d50       0x15 src/CMakeFiles/rp2040-freertos-template.dir/home/tiago/.pico-sdk/sdk/1.5.1/src/rp2_common/hardware_timer/timer.c.obj
 .rodata.ph_get_node.str1.4
                0x10006d65       0x6b src/CMakeFiles/rp2040-freertos-template.dir/home/tiago/.pico-sdk/sdk/1.5.1/src/common/pico_util/pheap.c.obj
 .rodata.ph_add_child_node.str1.4
                0x10006d65       0x2e src/CMakeFiles/rp2040-freertos-template.dir/home/tiago/.pico-sdk/sdk/1.5.1/src/common/pico_util/pheap.c.obj
 .rodata.ph_remove_any_head.str1.4
                0x10006d65       0xa8 src/CMakeFiles/rp2040-freertos-template.dir/home/tiago/.pico-sdk/sdk/1.5.1/src/common/pico_util/pheap.c.obj
 .rodata.ph_remove_and_free_node.str1.4
                0x10006d65       0x26 src/CMakeFiles/rp2040-freertos-template.dir/home/tiago/.pico-sdk/sdk/1.5.1/src/common/pico_util/pheap.c.obj
 *fill*         0x10006d65        0x3 
 .rodata.__func__.0
                0x10006d68       0x18 src/CMakeFiles/rp2040-freertos-template.dir/home/tiago/.pico-sdk/sdk/1.5.1/src/common/pico_util/pheap.c.obj
 .rodata.__func__.1
                0x10006d80       0x13 src/CMakeFiles/rp2040-freertos-template.dir/home/tiago/.pico-sdk/sdk/1.5.1/src/common/pico_util/pheap.c.obj
 *fill*         0x10006d93        0x1 
 .rodata.__func__.2
                0x10006d94       0x12 src/CMakeFiles/rp2040-freertos-template.dir/home/tiago/.pico-sdk/sdk/1.5.1/src/common/pico_util/pheap.c.obj
 *fill*         0x10006da6        0x2 
 .rodata.__func__.3
                0x10006da8        0xc src/CMakeFiles/rp2040-freertos-template.dir/home/tiago/.pico-sdk/sdk/1.5.1/src/common/pico_util/pheap.c.obj
 .rodata.clock_configure.str1.4
                0x10006db4       0x5c src/CMakeFiles/rp2040-freertos-template.dir/home/tiago/.pico-sdk/sdk/1.5.1/src/rp2_common/hardware_clocks/clocks.c.obj
 .rodata.__func__.1
                0x10006db4       0x10 src/CMakeFiles/rp2040-freertos-template.dir/home/tiago/.pico-sdk/sdk/1.5.1/src/rp2_common/hardware_clocks/clocks.c.obj
 .rodata.pll_init.str1.4
                0x10006dc4      0x128 src/CMakeFiles/rp2040-freertos-template.dir/home/tiago/.pico-sdk/sdk/1.5.1/src/rp2_common/hardware_pll/pll.c.obj
 .rodata.__func__.0
                0x10006dc4        0x9 src/CMakeFiles/rp2040-freertos-template.dir/home/tiago/.pico-sdk/sdk/1.5.1/src/rp2_common/hardware_pll/pll.c.obj
 .rodata.__assert_func.str1.4
                0x10006dcd       0x43 src/CMakeFiles/rp2040-freertos-template.dir/home/tiago/.pico-sdk/sdk/1.5.1/src/rp2_common/pico_runtime/runtime.c.obj
 .rodata.runtime_init.str1.4
                0x10006dcd       0x66 src/CMakeFiles/rp2040-freertos-template.dir/home/tiago/.pico-sdk/sdk/1.5.1/src/rp2_common/pico_runtime/runtime.c.obj
 .rodata.panic.str1.4
                0x10006dcd       0x12 src/CMakeFiles/rp2040-freertos-template.dir/home/tiago/.pico-sdk/sdk/1.5.1/src/rp2_common/pico_runtime/runtime.c.obj
 *fill*         0x10006dcd        0x3 
 .rodata.__func__.2
                0x10006dd0        0xd src/CMakeFiles/rp2040-freertos-template.dir/home/tiago/.pico-sdk/sdk/1.5.1/src/rp2_common/pico_runtime/runtime.c.obj
 .rodata._ftoa.str1.4
                0x10006ddd       0x15 src/CMakeFiles/rp2040-freertos-template.dir/home/tiago/.pico-sdk/sdk/1.5.1/src/rp2_common/pico_printf/printf.c.obj
 *fill*         0x10006ddd        0x3 
 .rodata._vsnprintf
                0x10006de0      0x19c src/CMakeFiles/rp2040-freertos-template.dir/home/tiago/.pico-sdk/sdk/1.5.1/src/rp2_common/pico_printf/printf.c.obj
 *fill*         0x10006f7c        0x4 
 .rodata.pow10.0
                0x10006f80       0x50 src/CMakeFiles/rp2040-freertos-template.dir/home/tiago/.pico-sdk/sdk/1.5.1/src/rp2_common/pico_printf/printf.c.obj
 .rodata.__aeabi_double_init.str1.4
                0x10006fd0       0xa1 src/CMakeFiles/rp2040-freertos-template.dir/home/tiago/.pico-sdk/sdk/1.5.1/src/rp2_common/pico_double/double_init_rom.c.obj
 .rodata.__func__.0
                0x10006fd0       0x14 src/CMakeFiles/rp2040-freertos-template.dir/home/tiago/.pico-sdk/sdk/1.5.1/src/rp2_common/pico_double/double_init_rom.c.obj
 .rodata.__aeabi_float_init.str1.4
                0x10006fe4       0x83 src/CMakeFiles/rp2040-freertos-template.dir/home/tiago/.pico-sdk/sdk/1.5.1/src/rp2_common/pico_float/float_init_rom.c.obj
 .rodata.__func__.0
                0x10006fe4       0x13 src/CMakeFiles/rp2040-freertos-template.dir/home/tiago/.pico-sdk/sdk/1.5.1/src/rp2_common/pico_float/float_init_rom.c.obj
 .rodata.str1.4
                0x10006ff7       0x50 src/CMakeFiles/rp2040-freertos-template.dir/home/tiago/.pico-sdk/sdk/1.5.1/src/rp2_common/pico_standard_link/binary_info.c.obj
 *fill*         0x10006ff7        0x1 
 .rodata.__bi_81
                0x10006ff8        0xc src/CMakeFiles/rp2040-freertos-template.dir/home/tiago/.pico-sdk/sdk/1.5.1/src/rp2_common/pico_standard_link/binary_info.c.obj
 .rodata.__bi_75
                0x10007004        0xc src/CMakeFiles/rp2040-freertos-template.dir/home/tiago/.pico-sdk/sdk/1.5.1/src/rp2_common/pico_standard_link/binary_info.c.obj
 .rodata.__bi_44
                0x10007010        0xc src/CMakeFiles/rp2040-freertos-template.dir/home/tiago/.pico-sdk/sdk/1.5.1/src/rp2_common/pico_standard_link/binary_info.c.obj
 .rodata.update_us_since_boot.str1.4
                0x1000701c       0x66 src/CMakeFiles/rp2040-freertos-template.dir/home/tiago/.pico-sdk/sdk/1.5.1/src/rp2_common/pico_stdio/stdio.c.obj
 .rodata.crlf_str.2
                0x1000701c        0x2 src/CMakeFiles/rp2040-freertos-template.dir/home/tiago/.pico-sdk/sdk/1.5.1/src/rp2_common/pico_stdio/stdio.c.obj
 *fill*         0x1000701e        0x2 
 .rodata.__func__.3
                0x10007020       0x15 src/CMakeFiles/rp2040-freertos-template.dir/home/tiago/.pico-sdk/sdk/1.5.1/src/rp2_common/pico_stdio/stdio.c.obj
 .rodata.str1.4
                0x10007035       0x2c src/CMakeFiles/rp2040-freertos-template.dir/home/tiago/.pico-sdk/sdk/1.5.1/src/rp2_common/pico_stdio_uart/stdio_uart.c.obj
 *fill*         0x10007035        0x3 
 .rodata.__bi_33.4
                0x10007038        0xc src/CMakeFiles/rp2040-freertos-template.dir/home/tiago/.pico-sdk/sdk/1.5.1/src/rp2_common/pico_stdio_uart/stdio_uart.c.obj
 .rodata.__bi_34.5
                0x10007044        0x8 src/CMakeFiles/rp2040-freertos-template.dir/home/tiago/.pico-sdk/sdk/1.5.1/src/rp2_common/pico_stdio_uart/stdio_uart.c.obj
 .rodata.pvPortMalloc.str1.4
                0x1000704c       0xa5 src/CMakeFiles/rp2040-freertos-template.dir/home/tiago/FreeRTOS-Kernel/portable/MemMang/heap_4.c.obj
 .rodata.__func__.1
                0x1000704c        0xd src/CMakeFiles/rp2040-freertos-template.dir/home/tiago/FreeRTOS-Kernel/portable/MemMang/heap_4.c.obj
 .rodata.update_us_since_boot.str1.4
                0x10007059       0x66 src/CMakeFiles/rp2040-freertos-template.dir/home/tiago/FreeRTOS-Kernel/portable/ThirdParty/GCC/RP2040/port.c.obj
 .rodata.vPortYield.str1.4
                0x10007059       0x72 src/CMakeFiles/rp2040-freertos-template.dir/home/tiago/FreeRTOS-Kernel/portable/ThirdParty/GCC/RP2040/port.c.obj
 .rodata.vYieldCore.str1.4
                0x10007059       0x1a src/CMakeFiles/rp2040-freertos-template.dir/home/tiago/FreeRTOS-Kernel/portable/ThirdParty/GCC/RP2040/port.c.obj
 .rodata.vPortLockInternalSpinUnlockWithWait.str1.4
                0x10007059       0x72 src/CMakeFiles/rp2040-freertos-template.dir/home/tiago/FreeRTOS-Kernel/portable/ThirdParty/GCC/RP2040/port.c.obj
 *fill*         0x10007059        0x3 
 .rodata.__func__.0
                0x1000705c       0x15 src/CMakeFiles/rp2040-freertos-template.dir/home/tiago/FreeRTOS-Kernel/portable/ThirdParty/GCC/RP2040/port.c.obj
 *fill*         0x10007071        0x3 
 .rodata.__func__.1
                0x10007074       0x37 src/CMakeFiles/rp2040-freertos-template.dir/home/tiago/FreeRTOS-Kernel/portable/ThirdParty/GCC/RP2040/port.c.obj
 *fill*         0x100070ab        0x1 
 .rodata.__func__.2
                0x100070ac       0x24 src/CMakeFiles/rp2040-freertos-template.dir/home/tiago/FreeRTOS-Kernel/portable/ThirdParty/GCC/RP2040/port.c.obj
 .rodata.__func__.3
                0x100070d0        0xb src/CMakeFiles/rp2040-freertos-template.dir/home/tiago/FreeRTOS-Kernel/portable/ThirdParty/GCC/RP2040/port.c.obj
 *fill*         0x100070db        0x1 
 .rodata.__func__.4
                0x100070dc        0xb src/CMakeFiles/rp2040-freertos-template.dir/home/tiago/FreeRTOS-Kernel/portable/ThirdParty/GCC/RP2040/port.c.obj
 .rodata.xEventGroupWaitBits.str1.4
                0x100070e7       0xcb src/CMakeFiles/rp2040-freertos-template.dir/home/tiago/FreeRTOS-Kernel/event_groups.c.obj
 .rodata.xEventGroupSetBits.str1.4
                0x100070e7       0x24 src/CMakeFiles/rp2040-freertos-template.dir/home/tiago/FreeRTOS-Kernel/event_groups.c.obj
 *fill*         0x100070e7        0x1 
 .rodata.__func__.1
                0x100070e8       0x13 src/CMakeFiles/rp2040-freertos-template.dir/home/tiago/FreeRTOS-Kernel/event_groups.c.obj
 *fill*         0x100070fb        0x1 
 .rodata.__func__.3
                0x100070fc       0x14 src/CMakeFiles/rp2040-freertos-template.dir/home/tiago/FreeRTOS-Kernel/event_groups.c.obj
 .rodata.prvNotifyQueueSetContainer.str1.4
                0x10007110       0x9e src/CMakeFiles/rp2040-freertos-template.dir/home/tiago/FreeRTOS-Kernel/queue.c.obj
 .rodata.xQueueGenericReset.str1.4
                0x10007110        0x8 src/CMakeFiles/rp2040-freertos-template.dir/home/tiago/FreeRTOS-Kernel/queue.c.obj
 .rodata.xQueueGenericSend.str1.4
                0x10007110       0xfb src/CMakeFiles/rp2040-freertos-template.dir/home/tiago/FreeRTOS-Kernel/queue.c.obj
 .rodata.__func__.15
                0x10007110       0x19 src/CMakeFiles/rp2040-freertos-template.dir/home/tiago/FreeRTOS-Kernel/queue.c.obj
 *fill*         0x10007129        0x3 
 .rodata.__func__.16
                0x1000712c       0x1b src/CMakeFiles/rp2040-freertos-template.dir/home/tiago/FreeRTOS-Kernel/queue.c.obj
 .rodata.prvTaskIsTaskSuspended.str1.4
                0x10007147       0x2c src/CMakeFiles/rp2040-freertos-template.dir/home/tiago/FreeRTOS-Kernel/tasks.c.obj
 .rodata.vPortRecursiveLock.str1.4
                0x10007147      0x12b src/CMakeFiles/rp2040-freertos-template.dir/home/tiago/FreeRTOS-Kernel/tasks.c.obj
 .rodata.prvYieldForTask.str1.4
                0x10007147       0x34 src/CMakeFiles/rp2040-freertos-template.dir/home/tiago/FreeRTOS-Kernel/tasks.c.obj
 .rodata.xTaskRemoveFromEventList.str1.4
                0x10007147        0xf src/CMakeFiles/rp2040-freertos-template.dir/home/tiago/FreeRTOS-Kernel/tasks.c.obj
 .rodata.prvCheckForRunStateChange.str1.4
                0x10007147       0xe9 src/CMakeFiles/rp2040-freertos-template.dir/home/tiago/FreeRTOS-Kernel/tasks.c.obj
 .rodata.vTaskPlaceOnEventList.str1.4
                0x10007147        0xc src/CMakeFiles/rp2040-freertos-template.dir/home/tiago/FreeRTOS-Kernel/tasks.c.obj
 .rodata.vTaskPlaceOnUnorderedEventList.str1.4
                0x10007147       0x1a src/CMakeFiles/rp2040-freertos-template.dir/home/tiago/FreeRTOS-Kernel/tasks.c.obj
 .rodata.xTaskPriorityDisinherit.str1.4
                0x10007147       0x3d src/CMakeFiles/rp2040-freertos-template.dir/home/tiago/FreeRTOS-Kernel/tasks.c.obj
 .rodata.xTaskIncrementTick.str1.4
                0x10007147       0x76 src/CMakeFiles/rp2040-freertos-template.dir/home/tiago/FreeRTOS-Kernel/tasks.c.obj
 .rodata.xTaskResumeAll.str1.4
                0x10007147       0x15 src/CMakeFiles/rp2040-freertos-template.dir/home/tiago/FreeRTOS-Kernel/tasks.c.obj
 .rodata.vTaskRemoveFromUnorderedEventList.str1.4
                0x10007147       0x2d src/CMakeFiles/rp2040-freertos-template.dir/home/tiago/FreeRTOS-Kernel/tasks.c.obj
 *fill*         0x10007147        0x1 
 .rodata.__func__.6
                0x10007148       0x12 src/CMakeFiles/rp2040-freertos-template.dir/home/tiago/FreeRTOS-Kernel/tasks.c.obj
 *fill*         0x1000715a        0x2 
 .rodata.__func__.8
                0x1000715c       0x18 src/CMakeFiles/rp2040-freertos-template.dir/home/tiago/FreeRTOS-Kernel/tasks.c.obj
 .rodata.__func__.12
                0x10007174       0x22 src/CMakeFiles/rp2040-freertos-template.dir/home/tiago/FreeRTOS-Kernel/tasks.c.obj
 *fill*         0x10007196        0x2 
 .rodata.__func__.13
                0x10007198       0x19 src/CMakeFiles/rp2040-freertos-template.dir/home/tiago/FreeRTOS-Kernel/tasks.c.obj
 *fill*         0x100071b1        0x3 
 .rodata.__func__.15
                0x100071b4       0x1f src/CMakeFiles/rp2040-freertos-template.dir/home/tiago/FreeRTOS-Kernel/tasks.c.obj
 *fill*         0x100071d3        0x1 
 .rodata.__func__.19
                0x100071d4       0x13 src/CMakeFiles/rp2040-freertos-template.dir/home/tiago/FreeRTOS-Kernel/tasks.c.obj
 *fill*         0x100071e7        0x1 
 .rodata.__func__.24
                0x100071e8        0xf src/CMakeFiles/rp2040-freertos-template.dir/home/tiago/FreeRTOS-Kernel/tasks.c.obj
 *fill*         0x100071f7        0x1 
 .rodata.__func__.25
                0x100071f8       0x1a src/CMakeFiles/rp2040-freertos-template.dir/home/tiago/FreeRTOS-Kernel/tasks.c.obj
 *fill*         0x10007212        0x2 
 .rodata.__func__.28
                0x10007214       0x13 src/CMakeFiles/rp2040-freertos-template.dir/home/tiago/FreeRTOS-Kernel/tasks.c.obj
 *fill*         0x10007227        0x1 
 .rodata.__func__.39
                0x10007228       0x10 src/CMakeFiles/rp2040-freertos-template.dir/home/tiago/FreeRTOS-Kernel/tasks.c.obj
                0x10007238                        . = ALIGN (0x4)
 *(SORT_BY_ALIGNMENT(SORT_BY_NAME(.flashdata*)))
                0x10007238                        . = ALIGN (0x4)

.ARM.extab
 *(.ARM.extab* .gnu.linkonce.armextab.*)
                0x10007238                        __exidx_start = .

.ARM.exidx
 *(.ARM.exidx* .gnu.linkonce.armexidx.*)
                0x10007238                        __exidx_end = .
                0x10007238                        . = ALIGN (0x4)
                0x10007238                        __binary_info_start = .

.binary_info    0x10007238       0x24
 *(.binary_info.keep.*)
 .binary_info.keep.__bi_ptr81
                0x10007238        0x4 src/CMakeFiles/rp2040-freertos-template.dir/home/tiago/.pico-sdk/sdk/1.5.1/src/rp2_common/pico_standard_link/binary_info.c.obj
 .binary_info.keep.__bi_ptr75
                0x1000723c        0x4 src/CMakeFiles/rp2040-freertos-template.dir/home/tiago/.pico-sdk/sdk/1.5.1/src/rp2_common/pico_standard_link/binary_info.c.obj
 .binary_info.keep.__bi_ptr50
                0x10007240        0x4 src/CMakeFiles/rp2040-freertos-template.dir/home/tiago/.pico-sdk/sdk/1.5.1/src/rp2_common/pico_standard_link/binary_info.c.obj
 .binary_info.keep.__bi_ptr44
                0x10007244        0x4 src/CMakeFiles/rp2040-freertos-template.dir/home/tiago/.pico-sdk/sdk/1.5.1/src/rp2_common/pico_standard_link/binary_info.c.obj
 .binary_info.keep.__bi_ptr38
                0x10007248        0x4 src/CMakeFiles/rp2040-freertos-template.dir/home/tiago/.pico-sdk/sdk/1.5.1/src/rp2_common/pico_standard_link/binary_info.c.obj
 .binary_info.keep.__bi_ptr30
                0x1000724c        0x4 src/CMakeFiles/rp2040-freertos-template.dir/home/tiago/.pico-sdk/sdk/1.5.1/src/rp2_common/pico_standard_link/binary_info.c.obj
 .binary_info.keep.__bi_ptr22
                0x10007250        0x4 src/CMakeFiles/rp2040-freertos-template.dir/home/tiago/.pico-sdk/sdk/1.5.1/src/rp2_common/pico_standard_link/binary_info.c.obj
 *(.binary_info.*)
 .binary_info.__bi_ptr34
                0x10007254        0x4 src/CMakeFiles/rp2040-freertos-template.dir/home/tiago/.pico-sdk/sdk/1.5.1/src/rp2_common/pico_stdio_uart/stdio_uart.c.obj
 .binary_info.__bi_ptr33
                0x10007258        0x4 src/CMakeFiles/rp2040-freertos-template.dir/home/tiago/.pico-sdk/sdk/1.5.1/src/rp2_common/pico_stdio_uart/stdio_uart.c.obj
                0x1000725c                        __binary_info_end = .

.rel.dyn        0x1000725c        0x0
 .rel.iplt      0x1000725c        0x0 /home/tiago/.pico-sdk/toolchain/13_2_Rel1/bin/../lib/gcc/arm-none-eabi/13.2.1/thumb/v6-m/nofp/crtbegin.o
                0x1000725c                        . = ALIGN (0x4)

.ram_vector_table
                0x20000000       0xc0
 *(.ram_vector_table)
 .ram_vector_table
                0x20000000       0xc0 src/CMakeFiles/rp2040-freertos-template.dir/home/tiago/.pico-sdk/sdk/1.5.1/src/rp2_common/pico_runtime/runtime.c.obj
                0x20000000                ram_vector_table

.data           0x200000c0      0x254 load address 0x1000725c
                0x200000c0                        __data_start__ = .
 *(vtable)
 *(.time_critical*)
 .time_critical.mutex_try_enter
                0x200000c0       0x42 src/CMakeFiles/rp2040-freertos-template.dir/home/tiago/.pico-sdk/sdk/1.5.1/src/common/pico_sync/mutex.c.obj
                0x200000c0                mutex_try_enter
 *fill*         0x20000102        0x2 
 .time_critical.mutex_enter_block_until
                0x20000104       0x70 src/CMakeFiles/rp2040-freertos-template.dir/home/tiago/.pico-sdk/sdk/1.5.1/src/common/pico_sync/mutex.c.obj
                0x20000104                mutex_enter_block_until
 .time_critical.mutex_try_enter_block_until
                0x20000174       0x32 src/CMakeFiles/rp2040-freertos-template.dir/home/tiago/.pico-sdk/sdk/1.5.1/src/common/pico_sync/mutex.c.obj
                0x20000174                mutex_try_enter_block_until
 *fill*         0x200001a6        0x2 
 .time_critical.mutex_exit
                0x200001a8       0x40 src/CMakeFiles/rp2040-freertos-template.dir/home/tiago/.pico-sdk/sdk/1.5.1/src/common/pico_sync/mutex.c.obj
                0x200001a8                mutex_exit
 *(.text*)
 .text          0x200001e8        0x4 /home/tiago/.pico-sdk/toolchain/13_2_Rel1/bin/../lib/gcc/arm-none-eabi/13.2.1/thumb/v6-m/nofp/libgcc.a(_dvmd_tls.o)
                0x200001e8                __aeabi_ldiv0
                0x200001e8                __aeabi_idiv0
 *fill*         0x200001ec        0x4 
 .text.__stub   0x200001f0       0x40 linker stubs
                0x20000230                        . = ALIGN (0x4)
 *(.rodata*)
                0x20000230                        . = ALIGN (0x4)
 *(.data*)
 .data.striped_spin_lock_num
                0x20000230        0x1 src/CMakeFiles/rp2040-freertos-template.dir/home/tiago/.pico-sdk/sdk/1.5.1/src/rp2_common/hardware_sync/sync.c.obj
 *fill*         0x20000231        0x3 
 .data          0x20000234       0x48 src/CMakeFiles/rp2040-freertos-template.dir/home/tiago/.pico-sdk/sdk/1.5.1/src/rp2_common/hardware_irq/irq_handler_chain.S.obj
                0x20000234                irq_handler_chain_slots
                0x20000264                irq_handler_chain_first_slot
                0x2000026e                irq_handler_chain_remove_tail
 .data.default_alarm_pool
                0x2000027c       0x18 src/CMakeFiles/rp2040-freertos-template.dir/home/tiago/.pico-sdk/sdk/1.5.1/src/common/pico_time/time.c.obj
 .data.default_alarm_pool_heap
                0x20000294       0x10 src/CMakeFiles/rp2040-freertos-template.dir/home/tiago/.pico-sdk/sdk/1.5.1/src/common/pico_time/time.c.obj
 *fill*         0x200002a4        0xc 
 .data.aeabi_bits_funcs
                0x200002b0       0x10 src/CMakeFiles/rp2040-freertos-template.dir/home/tiago/.pico-sdk/sdk/1.5.1/src/rp2_common/pico_bit_ops/bit_ops_aeabi.S.obj
                0x200002b0                aeabi_bits_funcs
                0x200002c0                aeabi_bits_funcs_end
 .data.aeabi_mem_funcs
                0x200002c0       0x10 src/CMakeFiles/rp2040-freertos-template.dir/home/tiago/.pico-sdk/sdk/1.5.1/src/rp2_common/pico_mem_ops/mem_ops_aeabi.S.obj
                0x200002c0                aeabi_mem_funcs
                0x200002d0                aeabi_mem_funcs_end
 .data.stdio_uart
                0x200002d0       0x18 src/CMakeFiles/rp2040-freertos-template.dir/home/tiago/.pico-sdk/sdk/1.5.1/src/rp2_common/pico_stdio_uart/stdio_uart.c.obj
                0x200002d0                stdio_uart
 .data.ucPrimaryCoreNum
                0x200002e8        0x1 src/CMakeFiles/rp2040-freertos-template.dir/home/tiago/FreeRTOS-Kernel/portable/ThirdParty/GCC/RP2040/port.c.obj
                0x200002ec                        . = ALIGN (0x4)
 *fill*         0x200002e9        0x3 
 *(.after_data.*)
                0x200002ec                        . = ALIGN (0x4)
                0x200002ec                        PROVIDE (__mutex_array_start = .)
 *(SORT_BY_NAME(.mutex_array.*))
 *(.mutex_array)
 .mutex_array   0x200002ec        0x8 src/CMakeFiles/rp2040-freertos-template.dir/home/tiago/.pico-sdk/sdk/1.5.1/src/rp2_common/pico_malloc/pico_malloc.c.obj
 .mutex_array   0x200002f4        0x8 src/CMakeFiles/rp2040-freertos-template.dir/home/tiago/.pico-sdk/sdk/1.5.1/src/rp2_common/pico_stdio/stdio.c.obj
                0x200002fc                        PROVIDE (__mutex_array_end = .)
                0x200002fc                        . = ALIGN (0x4)
                0x200002fc                        PROVIDE (__preinit_array_start = .)
 *(SORT_BY_NAME(.preinit_array.*))
 .preinit_array.00001
                0x200002fc        0x4 src/CMakeFiles/rp2040-freertos-template.dir/home/tiago/.pico-sdk/sdk/1.5.1/src/rp2_common/pico_mem_ops/mem_ops_aeabi.S.obj
 .preinit_array.00010
                0x20000300        0x4 src/CMakeFiles/rp2040-freertos-template.dir/home/tiago/.pico-sdk/sdk/1.5.1/src/rp2_common/pico_bit_ops/bit_ops_aeabi.S.obj
 .preinit_array.00020
                0x20000304        0x4 src/CMakeFiles/rp2040-freertos-template.dir/home/tiago/.pico-sdk/sdk/1.5.1/src/rp2_common/pico_double/double_aeabi.S.obj
 .preinit_array.00020
                0x20000308        0x4 src/CMakeFiles/rp2040-freertos-template.dir/home/tiago/.pico-sdk/sdk/1.5.1/src/rp2_common/pico_float/float_aeabi.S.obj
 *(.preinit_array)
                0x2000030c                        PROVIDE (__preinit_array_end = .)
                0x2000030c                        . = ALIGN (0x4)
                0x2000030c                        PROVIDE (__init_array_start = .)
 *(SORT_BY_NAME(.init_array.*))
 *(.init_array)
 .init_array    0x2000030c        0x4 /home/tiago/.pico-sdk/toolchain/13_2_Rel1/bin/../lib/gcc/arm-none-eabi/13.2.1/thumb/v6-m/nofp/crtbegin.o
 .init_array    0x20000310        0x4 src/CMakeFiles/rp2040-freertos-template.dir/home/tiago/FreeRTOS-Kernel/portable/ThirdParty/GCC/RP2040/port.c.obj
                0x20000314                        PROVIDE (__init_array_end = .)
                0x20000314                        . = ALIGN (0x4)
                [!provide]                        PROVIDE (__fini_array_start = .)
 *(SORT_BY_NAME(.fini_array.*))
 *(.fini_array)
                [!provide]                        PROVIDE (__fini_array_end = .)
 *(.jcr)
                0x20000314                        . = ALIGN (0x4)
                0x20000314                        __data_end__ = .
                0x1000725c                        __etext = LOADADDR (.data)

.tm_clone_table
                0x20000314        0x0 load address 0x100074b0
 .tm_clone_table
                0x20000314        0x0 /home/tiago/.pico-sdk/toolchain/13_2_Rel1/bin/../lib/gcc/arm-none-eabi/13.2.1/thumb/v6-m/nofp/crtbegin.o
 .tm_clone_table
                0x20000314        0x0 /home/tiago/.pico-sdk/toolchain/13_2_Rel1/bin/../lib/gcc/arm-none-eabi/13.2.1/thumb/v6-m/nofp/crtend.o

.igot.plt       0x20000314        0x0 load address 0x100074b0
 .igot.plt      0x20000314        0x0 /home/tiago/.pico-sdk/toolchain/13_2_Rel1/bin/../lib/gcc/arm-none-eabi/13.2.1/thumb/v6-m/nofp/crtbegin.o

.uninitialized_data
                0x20000314        0x0 load address 0x100074b0
                0x20000314                        . = ALIGN (0x4)
 *(.uninitialized_data*)

.scratch_x      0x20040000        0x0 load address 0x100074b0
                0x20040000                        __scratch_x_start__ = .
 *(.scratch_x.*)
                0x20040000                        . = ALIGN (0x4)
                0x20040000                        __scratch_x_end__ = .
                0x100074b0                        __scratch_x_source__ = LOADADDR (.scratch_x)

.scratch_y      0x20041000        0x0 load address 0x100074b0
                0x20041000                        __scratch_y_start__ = .
 *(.scratch_y.*)
                0x20041000                        . = ALIGN (0x4)
                0x20041000                        __scratch_y_end__ = .
                0x100074b0                        __scratch_y_source__ = LOADADDR (.scratch_y)

.bss            0x20000318    0x206f0
                0x20000318                        . = ALIGN (0x4)
                0x20000318                        __bss_start__ = .
 *(SORT_BY_ALIGNMENT(SORT_BY_NAME(.bss*)))
 .bss.default_alarm_pool_entries
                0x20000318      0x100 src/CMakeFiles/rp2040-freertos-template.dir/home/tiago/.pico-sdk/sdk/1.5.1/src/common/pico_time/time.c.obj
 .bss.alarm_callbacks
                0x20000418       0x10 src/CMakeFiles/rp2040-freertos-template.dir/home/tiago/.pico-sdk/sdk/1.5.1/src/rp2_common/hardware_timer/timer.c.obj
 .bss.chars_available_callback
                0x20000428        0x4 src/CMakeFiles/rp2040-freertos-template.dir/home/tiago/.pico-sdk/sdk/1.5.1/src/rp2_common/pico_stdio_uart/stdio_uart.c.obj
 .bss.chars_available_param
                0x2000042c        0x4 src/CMakeFiles/rp2040-freertos-template.dir/home/tiago/.pico-sdk/sdk/1.5.1/src/rp2_common/pico_stdio_uart/stdio_uart.c.obj
 .bss.configured_freq
                0x20000430       0x28 src/CMakeFiles/rp2040-freertos-template.dir/home/tiago/.pico-sdk/sdk/1.5.1/src/rp2_common/hardware_clocks/clocks.c.obj
 .bss.default_alarm_pool_entry_ids_high
                0x20000458       0x10 src/CMakeFiles/rp2040-freertos-template.dir/home/tiago/.pico-sdk/sdk/1.5.1/src/common/pico_time/time.c.obj
 .bss.default_alarm_pool_heap_nodes
                0x20000468       0x30 src/CMakeFiles/rp2040-freertos-template.dir/home/tiago/.pico-sdk/sdk/1.5.1/src/common/pico_time/time.c.obj
 .bss.drivers   0x20000498        0x4 src/CMakeFiles/rp2040-freertos-template.dir/home/tiago/.pico-sdk/sdk/1.5.1/src/rp2_common/pico_stdio/stdio.c.obj
 .bss.filter    0x2000049c        0x4 src/CMakeFiles/rp2040-freertos-template.dir/home/tiago/.pico-sdk/sdk/1.5.1/src/rp2_common/pico_stdio/stdio.c.obj
 .bss.object.0  0x200004a0       0x18 /home/tiago/.pico-sdk/toolchain/13_2_Rel1/bin/../lib/gcc/arm-none-eabi/13.2.1/thumb/v6-m/nofp/crtbegin.o
 .bss.pools     0x200004b8       0x10 src/CMakeFiles/rp2040-freertos-template.dir/home/tiago/.pico-sdk/sdk/1.5.1/src/common/pico_time/time.c.obj
 .bss.pxCurrentTCBs
                0x200004c8        0x8 src/CMakeFiles/rp2040-freertos-template.dir/home/tiago/FreeRTOS-Kernel/tasks.c.obj
                0x200004c8                pxCurrentTCBs
 .bss.pxDelayedTaskList
                0x200004d0        0x4 src/CMakeFiles/rp2040-freertos-template.dir/home/tiago/FreeRTOS-Kernel/tasks.c.obj
 .bss.pxEnd     0x200004d4        0x4 src/CMakeFiles/rp2040-freertos-template.dir/home/tiago/FreeRTOS-Kernel/portable/MemMang/heap_4.c.obj
 .bss.pxOverflowDelayedTaskList
                0x200004d8        0x4 src/CMakeFiles/rp2040-freertos-template.dir/home/tiago/FreeRTOS-Kernel/tasks.c.obj
 .bss.pxReadyTasksLists
                0x200004dc      0x280 src/CMakeFiles/rp2040-freertos-template.dir/home/tiago/FreeRTOS-Kernel/tasks.c.obj
 .bss.pxYieldSpinLock
                0x2000075c        0x8 src/CMakeFiles/rp2040-freertos-template.dir/home/tiago/FreeRTOS-Kernel/portable/ThirdParty/GCC/RP2040/port.c.obj
 .bss.sd_table  0x20000764      0x100 src/CMakeFiles/rp2040-freertos-template.dir/home/tiago/.pico-sdk/sdk/1.5.1/src/rp2_common/pico_double/double_init_rom.c.obj
                0x20000764                sd_table
 .bss.sf_clz_func
                0x20000864        0x4 src/CMakeFiles/rp2040-freertos-template.dir/home/tiago/.pico-sdk/sdk/1.5.1/src/rp2_common/pico_double/double_init_rom.c.obj
                0x20000864                sf_clz_func
 .bss.sf_table  0x20000868      0x100 src/CMakeFiles/rp2040-freertos-template.dir/home/tiago/.pico-sdk/sdk/1.5.1/src/rp2_common/pico_float/float_init_rom.c.obj
                0x20000868                sf_table
 .bss.sleep_notifier
                0x20000968        0x4 src/CMakeFiles/rp2040-freertos-template.dir/home/tiago/.pico-sdk/sdk/1.5.1/src/common/pico_time/time.c.obj
 .bss.target_hi
                0x2000096c       0x10 src/CMakeFiles/rp2040-freertos-template.dir/home/tiago/.pico-sdk/sdk/1.5.1/src/rp2_common/hardware_timer/timer.c.obj
 .bss.uart_char_to_line_feed
                0x2000097c        0x4 src/CMakeFiles/rp2040-freertos-template.dir/home/tiago/.pico-sdk/sdk/1.5.1/src/rp2_common/hardware_uart/uart.c.obj
                0x2000097c                uart_char_to_line_feed
 .bss.uart_instance
                0x20000980        0x4 src/CMakeFiles/rp2040-freertos-template.dir/home/tiago/.pico-sdk/sdk/1.5.1/src/rp2_common/pico_stdio_uart/stdio_uart.c.obj
 .bss.ucHeap    0x20000984    0x20000 src/CMakeFiles/rp2040-freertos-template.dir/home/tiago/FreeRTOS-Kernel/portable/MemMang/heap_4.c.obj
 .bss.ucOwnedByCore.27
                0x20020984        0x2 src/CMakeFiles/rp2040-freertos-template.dir/home/tiago/FreeRTOS-Kernel/tasks.c.obj
 *fill*         0x20020986        0x2 
 .bss.ucRecursionCountByLock.26
                0x20020988        0x2 src/CMakeFiles/rp2040-freertos-template.dir/home/tiago/FreeRTOS-Kernel/tasks.c.obj
 *fill*         0x2002098a        0x2 
 .bss.ulYieldSpinLockSaveValue
                0x2002098c        0x8 src/CMakeFiles/rp2040-freertos-template.dir/home/tiago/FreeRTOS-Kernel/portable/ThirdParty/GCC/RP2040/port.c.obj
 .bss.uxCurrentNumberOfTasks
                0x20020994        0x4 src/CMakeFiles/rp2040-freertos-template.dir/home/tiago/FreeRTOS-Kernel/tasks.c.obj
 .bss.uxSchedulerSuspended
                0x20020998        0x4 src/CMakeFiles/rp2040-freertos-template.dir/home/tiago/FreeRTOS-Kernel/tasks.c.obj
 .bss.uxTopReadyPriority
                0x2002099c        0x4 src/CMakeFiles/rp2040-freertos-template.dir/home/tiago/FreeRTOS-Kernel/tasks.c.obj
 .bss.xBlockAllocatedBit
                0x200209a0        0x4 src/CMakeFiles/rp2040-freertos-template.dir/home/tiago/FreeRTOS-Kernel/portable/MemMang/heap_4.c.obj
 .bss.xEventGroup
                0x200209a4        0x4 src/CMakeFiles/rp2040-freertos-template.dir/home/tiago/FreeRTOS-Kernel/portable/ThirdParty/GCC/RP2040/port.c.obj
 .bss.xFreeBytesRemaining
                0x200209a8        0x4 src/CMakeFiles/rp2040-freertos-template.dir/home/tiago/FreeRTOS-Kernel/portable/MemMang/heap_4.c.obj
 .bss.xMinimumEverFreeBytesRemaining
                0x200209ac        0x4 src/CMakeFiles/rp2040-freertos-template.dir/home/tiago/FreeRTOS-Kernel/portable/MemMang/heap_4.c.obj
 .bss.xNextTaskUnblockTime
                0x200209b0        0x4 src/CMakeFiles/rp2040-freertos-template.dir/home/tiago/FreeRTOS-Kernel/tasks.c.obj
 .bss.xNumOfOverflows
                0x200209b4        0x4 src/CMakeFiles/rp2040-freertos-template.dir/home/tiago/FreeRTOS-Kernel/tasks.c.obj
 .bss.xNumberOfSuccessfulAllocations
                0x200209b8        0x4 src/CMakeFiles/rp2040-freertos-template.dir/home/tiago/FreeRTOS-Kernel/portable/MemMang/heap_4.c.obj
 .bss.xPendedTicks
                0x200209bc        0x4 src/CMakeFiles/rp2040-freertos-template.dir/home/tiago/FreeRTOS-Kernel/tasks.c.obj
 .bss.xPendingReadyList
                0x200209c0       0x14 src/CMakeFiles/rp2040-freertos-template.dir/home/tiago/FreeRTOS-Kernel/tasks.c.obj
 .bss.xSchedulerRunning
                0x200209d4        0x4 src/CMakeFiles/rp2040-freertos-template.dir/home/tiago/FreeRTOS-Kernel/tasks.c.obj
 .bss.xStart    0x200209d8        0x8 src/CMakeFiles/rp2040-freertos-template.dir/home/tiago/FreeRTOS-Kernel/portable/MemMang/heap_4.c.obj
 .bss.xSuspendedTaskList
                0x200209e0       0x14 src/CMakeFiles/rp2040-freertos-template.dir/home/tiago/FreeRTOS-Kernel/tasks.c.obj
 .bss.xTickCount
                0x200209f4        0x4 src/CMakeFiles/rp2040-freertos-template.dir/home/tiago/FreeRTOS-Kernel/tasks.c.obj
 .bss.xTimerQueue
                0x200209f8        0x4 src/CMakeFiles/rp2040-freertos-template.dir/home/tiago/FreeRTOS-Kernel/timers.c.obj
 .bss.xYieldPendings
                0x200209fc        0x8 src/CMakeFiles/rp2040-freertos-template.dir/home/tiago/FreeRTOS-Kernel/tasks.c.obj
 .bss.claimed   0x20020a04        0x1 src/CMakeFiles/rp2040-freertos-template.dir/home/tiago/.pico-sdk/sdk/1.5.1/src/rp2_common/hardware_timer/timer.c.obj
 .bss.irq_hander_chain_free_slot_head
                0x20020a05        0x1 src/CMakeFiles/rp2040-freertos-template.dir/home/tiago/.pico-sdk/sdk/1.5.1/src/rp2_common/hardware_irq/irq.c.obj
 .bss.timer_callbacks_pending
                0x20020a06        0x1 src/CMakeFiles/rp2040-freertos-template.dir/home/tiago/.pico-sdk/sdk/1.5.1/src/rp2_common/hardware_timer/timer.c.obj
 *(COMMON)
                0x20020a08                        . = ALIGN (0x4)
 *fill*         0x20020a07        0x1 
                0x20020a08                        __bss_end__ = .

.heap           0x20020a08      0x800
                0x20020a08                        __end__ = .
                0x20020a08                        end = __end__
 *(.heap*)
 .heap          0x20020a08      0x800 src/CMakeFiles/rp2040-freertos-template.dir/home/tiago/.pico-sdk/sdk/1.5.1/src/rp2_common/pico_standard_link/crt0.S.obj
                0x20021208                        __HeapLimit = .

.stack1_dummy   0x20040000      0x800
 *(.stack1*)
 .stack1        0x20040000      0x800 src/CMakeFiles/rp2040-freertos-template.dir/home/tiago/.pico-sdk/sdk/1.5.1/src/rp2_common/pico_multicore/multicore.c.obj

.stack_dummy    0x20041000      0x800
 *(.stack*)
 .stack         0x20041000      0x800 src/CMakeFiles/rp2040-freertos-template.dir/home/tiago/.pico-sdk/sdk/1.5.1/src/rp2_common/pico_standard_link/crt0.S.obj

.flash_end      0x100074b0        0x0
                0x100074b0                        PROVIDE (__flash_binary_end = .)
                0x20040000                        __StackLimit = (ORIGIN (RAM) + LENGTH (RAM))
                0x20041000                        __StackOneTop = (ORIGIN (SCRATCH_X) + LENGTH (SCRATCH_X))
                0x20042000                        __StackTop = (ORIGIN (SCRATCH_Y) + LENGTH (SCRATCH_Y))