Archive member included to satisfy reference by file (symbol)

/home/tiago/.pico-sdk/toolchain/13_2_Rel1/bin/../lib/gcc/arm-none-eabi/13.2.1/thumb/v6-m/nofp/libgcc.a(_dvmd_tls.o)
                              CMakeFiles/rp2040-freertos-template.dir/home/tiago/.pico-sdk/sdk/1.5.1/src/rp2_common/pico_divider/divider.S.obj (__aeabi_idiv0)
/home/tiago/.pico-sdk/toolchain/13_2_Rel1/bin/../lib/gcc/arm-none-eabi/13.2.1/../../../../arm-none-eabi/lib/thumb/v6-m/nofp/libg.a(libc_a-malloc.o)
                              CMakeFiles/rp2040-freertos-template.dir/home/tiago/.pico-sdk/sdk/1.5.1/src/rp2_common/pico_malloc/pico_malloc.c.obj (malloc)
/home/tiago/.pico-sdk/toolchain/13_2_Rel1/bin/../lib/gcc/arm-none-eabi/13.2.1/../../../../arm-none-eabi/lib/thumb/v6-m/nofp/libg.a(libc_a-mallocr.o)
                              /home/tiago/.pico-sdk/toolchain/13_2_Rel1/bin/../lib/gcc/arm-none-eabi/13.2.1/../../../../arm-none-eabi/lib/thumb/v6-m/nofp/libg.a(libc_a-malloc.o) (_malloc_r)
/home/tiago/.pico-sdk/toolchain/13_2_Rel1/bin/../lib/gcc/arm-none-eabi/13.2.1/../../../../arm-none-eabi/lib/thumb/v6-m/nofp/libg.a(libc_a-init.o)
                              /home/tiago/.pico-sdk/toolchain/13_2_Rel1/bin/../lib/gcc/arm-none-eabi/13.2.1/../../../../arm-none-eabi/lib/thumb/v6-m/nofp/crt0.o (__libc_init_array)
/home/tiago/.pico-sdk/toolchain/13_2_Rel1/bin/../lib/gcc/arm-none-eabi/13.2.1/../../../../arm-none-eabi/lib/thumb/v6-m/nofp/libg.a(libc_a-sysconf.o)
                              /home/tiago/.pico-sdk/toolchain/13_2_Rel1/bin/../lib/gcc/arm-none-eabi/13.2.1/../../../../arm-none-eabi/lib/thumb/v6-m/nofp/libg.a(libc_a-mallocr.o) (sysconf)
/home/tiago/.pico-sdk/toolchain/13_2_Rel1/bin/../lib/gcc/arm-none-eabi/13.2.1/../../../../arm-none-eabi/lib/thumb/v6-m/nofp/libg.a(libc_a-mlock.o)
                              /home/tiago/.pico-sdk/toolchain/13_2_Rel1/bin/../lib/gcc/arm-none-eabi/13.2.1/../../../../arm-none-eabi/lib/thumb/v6-m/nofp/libg.a(libc_a-mallocr.o) (__malloc_lock)
/home/tiago/.pico-sdk/toolchain/13_2_Rel1/bin/../lib/gcc/arm-none-eabi/13.2.1/../../../../arm-none-eabi/lib/thumb/v6-m/nofp/libg.a(libc_a-calloc.o)
                              CMakeFiles/rp2040-freertos-template.dir/home/tiago/.pico-sdk/sdk/1.5.1/src/rp2_common/pico_malloc/pico_malloc.c.obj (calloc)
/home/tiago/.pico-sdk/toolchain/13_2_Rel1/bin/../lib/gcc/arm-none-eabi/13.2.1/../../../../arm-none-eabi/lib/thumb/v6-m/nofp/libg.a(libc_a-callocr.o)
                              /home/tiago/.pico-sdk/toolchain/13_2_Rel1/bin/../lib/gcc/arm-none-eabi/13.2.1/../../../../arm-none-eabi/lib/thumb/v6-m/nofp/libg.a(libc_a-calloc.o) (_calloc_r)
/home/tiago/.pico-sdk/toolchain/13_2_Rel1/bin/../lib/gcc/arm-none-eabi/13.2.1/../../../../arm-none-eabi/lib/thumb/v6-m/nofp/libg.a(libc_a-realloc.o)
                              CMakeFiles/rp2040-freertos-template.dir/home/tiago/.pico-sdk/sdk/1.5.1/src/rp2_common/pico_malloc/pico_malloc.c.obj (realloc)
/home/tiago/.pico-sdk/toolchain/13_2_Rel1/bin/../lib/gcc/arm-none-eabi/13.2.1/../../../../arm-none-eabi/lib/thumb/v6-m/nofp/libg.a(libc_a-impure.o)
                              /home/tiago/.pico-sdk/toolchain/13_2_Rel1/bin/../lib/gcc/arm-none-eabi/13.2.1/../../../../arm-none-eabi/lib/thumb/v6-m/nofp/libg.a(libc_a-malloc.o) (_impure_ptr)
/home/tiago/.pico-sdk/toolchain/13_2_Rel1/bin/../lib/gcc/arm-none-eabi/13.2.1/../../../../arm-none-eabi/lib/thumb/v6-m/nofp/libg.a(libc_a-findfp.o)
                              /home/tiago/.pico-sdk/toolchain/13_2_Rel1/bin/../lib/gcc/arm-none-eabi/13.2.1/../../../../arm-none-eabi/lib/thumb/v6-m/nofp/libg.a(libc_a-impure.o) (__sf)
/home/tiago/.pico-sdk/toolchain/13_2_Rel1/bin/../lib/gcc/arm-none-eabi/13.2.1/../../../../arm-none-eabi/lib/thumb/v6-m/nofp/libg.a(libc_a-strlen-stub.o)
                              CMakeFiles/rp2040-freertos-template.dir/home/tiago/.pico-sdk/sdk/1.5.1/src/rp2_common/pico_stdio/stdio.c.obj (strlen)
/home/tiago/.pico-sdk/toolchain/13_2_Rel1/bin/../lib/gcc/arm-none-eabi/13.2.1/../../../../arm-none-eabi/lib/thumb/v6-m/nofp/libg.a(libc_a-reallocr.o)
                              /home/tiago/.pico-sdk/toolchain/13_2_Rel1/bin/../lib/gcc/arm-none-eabi/13.2.1/../../../../arm-none-eabi/lib/thumb/v6-m/nofp/libg.a(libc_a-realloc.o) (_realloc_r)
/home/tiago/.pico-sdk/toolchain/13_2_Rel1/bin/../lib/gcc/arm-none-eabi/13.2.1/../../../../arm-none-eabi/lib/thumb/v6-m/nofp/libg.a(libc_a-freer.o)
                              /home/tiago/.pico-sdk/toolchain/13_2_Rel1/bin/../lib/gcc/arm-none-eabi/13.2.1/../../../../arm-none-eabi/lib/thumb/v6-m/nofp/libg.a(libc_a-malloc.o) (_free_r)
/home/tiago/.pico-sdk/toolchain/13_2_Rel1/bin/../lib/gcc/arm-none-eabi/13.2.1/../../../../arm-none-eabi/lib/thumb/v6-m/nofp/libg.a(libc_a-stdio.o)
                              /home/tiago/.pico-sdk/toolchain/13_2_Rel1/bin/../lib/gcc/arm-none-eabi/13.2.1/../../../../arm-none-eabi/lib/thumb/v6-m/nofp/libg.a(libc_a-findfp.o) (__sread)
[...]
Memory Configuration

Name             Origin             Length             Attributes
FLASH            0x10000000         0x00200000         xr
RAM              0x20000000         0x00040000         xrw
SCRATCH_X        0x20040000         0x00001000         xrw
SCRATCH_Y        0x20041000         0x00001000         xrw
*default*        0x00000000         0xffffffff

Linker script and memory map

LOAD /home/tiago/.pico-sdk/toolchain/13_2_Rel1/bin/../lib/gcc/arm-none-eabi/13.2.1/thumb/v6-m/nofp/crti.o
LOAD /home/tiago/.pico-sdk/toolchain/13_2_Rel1/bin/../lib/gcc/arm-none-eabi/13.2.1/thumb/v6-m/nofp/crtbegin.o
LOAD /home/tiago/.pico-sdk/toolchain/13_2_Rel1/bin/../lib/gcc/arm-none-eabi/13.2.1/../../../../arm-none-eabi/lib/thumb/v6-m/nofp/crt0.o

.flash_begin    0x10000000        0x0
                0x10000000                        __flash_binary_start = .

.boot2          0x10000000      0x100
                0x10000000                        __boot2_start__ = .
 *(.boot2)
 .boot2         0x10000000      0x100 /tmp/cceqBFJa.o
                0x10000100                        __boot2_end__ = .
                0x00000001                        ASSERT (((__boot2_end__ - __boot2_start__) == 0x100), ERROR: Pico second stage bootloader must be 256 bytes in size)

.text           0x10000100     0x6f38
                0x10000100                        __logical_binary_start = .
 *(.vectors)
 .vectors       0x10000100       0xd4 CMakeFiles/rp2040-freertos-template.dir/home/tiago/.pico-sdk/sdk/1.5.1/src/rp2_common/pico_standard_link/crt0.S.obj
                0x10000100                __vectors
                0x10000100                __VECTOR_TABLE
                0x100001c0                isr_invalid
                0x100001c0                __default_isrs_start
                0x100001c2                isr_nmi
                0x100001c4                isr_hardfault
                0x100001c6                isr_svcall
                0x100001c8                isr_pendsv
                0x100001ca                isr_systick
                0x100001cc                isr_irq30
                0x100001cc                __unhandled_user_irq
                0x100001cc                isr_irq13
                0x100001cc                isr_irq27
                0x100001cc                isr_irq31
                0x100001cc                isr_irq5
                0x100001cc                isr_irq11
                0x100001cc                isr_irq23
                0x100001cc                isr_irq18
                0x100001cc                isr_irq28
                0x100001cc                isr_irq19
                0x100001cc                isr_irq0
                0x100001cc                isr_irq6
                0x100001cc                isr_irq22
                0x100001cc                isr_irq17
                0x100001cc                isr_irq14
                0x100001cc                isr_irq2
                0x100001cc                isr_irq10
                0x100001cc                isr_irq8
                0x100001cc                isr_irq24
                0x100001cc                isr_irq1
                0x100001cc                isr_irq7
                0x100001cc                isr_irq21
                0x100001cc                isr_irq20
                0x100001cc                isr_irq15
                0x100001cc                isr_irq25
                0x100001cc                isr_irq4
                0x100001cc                isr_irq16
                0x100001cc                isr_irq29
                0x100001cc                isr_irq26
                0x100001cc                __default_isrs_end
                0x100001cc                isr_irq3
                0x100001cc                isr_irq12
                0x100001cc                isr_irq9
                0x100001d2                unhandled_user_irq_num_in_r0
 *(.binary_info_header)
 .binary_info_header
                0x100001d4       0x14 CMakeFiles/rp2040-freertos-template.dir/home/tiago/.pico-sdk/sdk/1.5.1/src/rp2_common/pico_standard_link/crt0.S.obj
                0x100001e8                        __binary_info_header_end = .
 *(.reset)
 .reset         0x100001e8       0xa0 CMakeFiles/rp2040-freertos-template.dir/home/tiago/.pico-sdk/sdk/1.5.1/src/rp2_common/pico_standard_link/crt0.S.obj
                0x100001e8                _entry_point
 .reset         0x10000288       0x30 CMakeFiles/rp2040-freertos-template.dir/home/tiago/.pico-sdk/sdk/1.5.1/src/rp2_common/pico_standard_link/binary_info.c.obj
 *(.init)
 .init          0x100002b8        0x4 /home/tiago/.pico-sdk/toolchain/13_2_Rel1/bin/../lib/gcc/arm-none-eabi/13.2.1/thumb/v6-m/nofp/crti.o
                0x100002b8                _init
 *(EXCLUDE_FILE(*libm.a: *libc.a:*lib_a-mem*.o *libgcc.a:) .text*)
 .text.register_tm_clones
                0x100002bc       0x28 /home/tiago/.pico-sdk/toolchain/13_2_Rel1/bin/../lib/gcc/arm-none-eabi/13.2.1/thumb/v6-m/nofp/crtbegin.o
 .text.frame_dummy
                0x100002e4       0x24 /home/tiago/.pico-sdk/toolchain/13_2_Rel1/bin/../lib/gcc/arm-none-eabi/13.2.1/thumb/v6-m/nofp/crtbegin.o
 .text.main     0x10000308       0x1c CMakeFiles/rp2040-freertos-template.dir/main.cpp.obj
                0x10000308                main
 .text.gpio_set_function
                0x10000324       0x30 CMakeFiles/rp2040-freertos-template.dir/home/tiago/.pico-sdk/sdk/1.5.1/src/rp2_common/hardware_gpio/gpio.c.obj
                0x10000324                gpio_set_function
 .text.running_on_fpga
                0x10000354       0x14 CMakeFiles/rp2040-freertos-template.dir/home/tiago/.pico-sdk/sdk/1.5.1/src/rp2_common/pico_platform/platform.c.obj
                0x10000354                running_on_fpga
 .text.hw_claim_lock
                0x10000368       0x18 CMakeFiles/rp2040-freertos-template.dir/home/tiago/.pico-sdk/sdk/1.5.1/src/rp2_common/hardware_claim/claim.c.obj
                0x10000368                hw_claim_lock
 .text.hw_claim_unlock
                0x10000380       0x14 CMakeFiles/rp2040-freertos-template.dir/home/tiago/.pico-sdk/sdk/1.5.1/src/rp2_common/hardware_claim/claim.c.obj
                0x10000380                hw_claim_unlock
 .text.hw_claim_or_assert
                0x10000394       0x32 CMakeFiles/rp2040-freertos-template.dir/home/tiago/.pico-sdk/sdk/1.5.1/src/rp2_common/hardware_claim/claim.c.obj
                0x10000394                hw_claim_or_assert
 .text.hw_claim_unused_from_range
                0x100003c6       0x50 CMakeFiles/rp2040-freertos-template.dir/home/tiago/.pico-sdk/sdk/1.5.1/src/rp2_common/hardware_claim/claim.c.obj
                0x100003c6                hw_claim_unused_from_range
 *fill*         0x10000416        0x2 
 .text.spin_locks_reset
                0x10000418       0x20 CMakeFiles/rp2040-freertos-template.dir/home/tiago/.pico-sdk/sdk/1.5.1/src/rp2_common/hardware_sync/sync.c.obj
                0x10000418                spin_locks_reset
 .text.next_striped_spin_lock_num
                0x10000438       0x1c CMakeFiles/rp2040-freertos-template.dir/home/tiago/.pico-sdk/sdk/1.5.1/src/rp2_common/hardware_sync/sync.c.obj
                0x10000438                next_striped_spin_lock_num
 .text.spin_lock_claim_unused
                0x10000454       0x24 CMakeFiles/rp2040-freertos-template.dir/home/tiago/.pico-sdk/sdk/1.5.1/src/rp2_common/hardware_sync/sync.c.obj
                0x10000454                spin_lock_claim_unused
 .text.set_raw_irq_handler_and_unlock
                0x10000478       0x28 CMakeFiles/rp2040-freertos-template.dir/home/tiago/.pico-sdk/sdk/1.5.1/src/rp2_common/hardware_irq/irq.c.obj
 .text.resolve_branch
                0x100004a0       0x30 CMakeFiles/rp2040-freertos-template.dir/home/tiago/.pico-sdk/sdk/1.5.1/src/rp2_common/hardware_irq/irq.c.obj
 .text.make_branch
                0x100004d0       0x48 CMakeFiles/rp2040-freertos-template.dir/home/tiago/.pico-sdk/sdk/1.5.1/src/rp2_common/hardware_irq/irq.c.obj
 .text.insert_branch_and_link
                0x10000518       0x40 CMakeFiles/rp2040-freertos-template.dir/home/tiago/.pico-sdk/sdk/1.5.1/src/rp2_common/hardware_irq/irq.c.obj
 .text.irq_is_enabled
                0x10000558       0x18 CMakeFiles/rp2040-freertos-template.dir/home/tiago/.pico-sdk/sdk/1.5.1/src/rp2_common/hardware_irq/irq.c.obj
                0x10000558                irq_is_enabled
 .text.irq_set_mask_enabled
                0x10000570       0x20 CMakeFiles/rp2040-freertos-template.dir/home/tiago/.pico-sdk/sdk/1.5.1/src/rp2_common/hardware_irq/irq.c.obj
                0x10000570                irq_set_mask_enabled
 .text.irq_set_enabled
                0x10000590        0xe CMakeFiles/rp2040-freertos-template.dir/home/tiago/.pico-sdk/sdk/1.5.1/src/rp2_common/hardware_irq/irq.c.obj
                0x10000590                irq_set_enabled
 *fill*         0x1000059e        0x2 
 .text.irq_set_pending
                0x100005a0       0x10 CMakeFiles/rp2040-freertos-template.dir/home/tiago/.pico-sdk/sdk/1.5.1/src/rp2_common/hardware_irq/irq.c.obj
                0x100005a0                irq_set_pending
 .text.irq_get_vtable_handler
                0x100005b0       0x10 CMakeFiles/rp2040-freertos-template.dir/home/tiago/.pico-sdk/sdk/1.5.1/src/rp2_common/hardware_irq/irq.c.obj
                0x100005b0                irq_get_vtable_handler
 .text.irq_has_shared_handler
                0x100005c0       0x24 CMakeFiles/rp2040-freertos-template.dir/home/tiago/.pico-sdk/sdk/1.5.1/src/rp2_common/hardware_irq/irq.c.obj
                0x100005c0                irq_has_shared_handler
 .text.irq_set_exclusive_handler
                0x100005e4       0x54 CMakeFiles/rp2040-freertos-template.dir/home/tiago/.pico-sdk/sdk/1.5.1/src/rp2_common/hardware_irq/irq.c.obj
                0x100005e4                irq_set_exclusive_handler
 .text.irq_add_shared_handler
                0x10000638      0x210 CMakeFiles/rp2040-freertos-template.dir/home/tiago/.pico-sdk/sdk/1.5.1/src/rp2_common/hardware_irq/irq.c.obj
                0x10000638                irq_add_shared_handler
 .text.irq_remove_handler
                0x10000848      0x188 CMakeFiles/rp2040-freertos-template.dir/home/tiago/.pico-sdk/sdk/1.5.1/src/rp2_common/hardware_irq/irq.c.obj
                0x10000848                irq_remove_handler
 .text.irq_add_tail_to_free_list
                0x100009d0       0xf0 CMakeFiles/rp2040-freertos-template.dir/home/tiago/.pico-sdk/sdk/1.5.1/src/rp2_common/hardware_irq/irq.c.obj
                0x100009d0                irq_add_tail_to_free_list
 .text.irq_init_priorities
                0x10000ac0       0x1c CMakeFiles/rp2040-freertos-template.dir/home/tiago/.pico-sdk/sdk/1.5.1/src/rp2_common/hardware_irq/irq.c.obj
                0x10000ac0                irq_init_priorities
 .text.user_irq_claim_unused
                0x10000adc       0x2c CMakeFiles/rp2040-freertos-template.dir/home/tiago/.pico-sdk/sdk/1.5.1/src/rp2_common/hardware_irq/irq.c.obj
                0x10000adc                user_irq_claim_unused
 .text.lock_init
                0x10000b08       0x10 CMakeFiles/rp2040-freertos-template.dir/home/tiago/.pico-sdk/sdk/1.5.1/src/common/pico_sync/lock_core.c.obj
                0x10000b08                lock_init
 .text.update_us_since_boot
                0x10000b18       0x24 CMakeFiles/rp2040-freertos-template.dir/home/tiago/.pico-sdk/sdk/1.5.1/src/common/pico_sync/mutex.c.obj
 .text.delayed_by_ms
                0x10000b3c       0x44 CMakeFiles/rp2040-freertos-template.dir/home/tiago/.pico-sdk/sdk/1.5.1/src/common/pico_sync/mutex.c.obj
 .text.get_absolute_time
                0x10000b80       0x22 CMakeFiles/rp2040-freertos-template.dir/home/tiago/.pico-sdk/sdk/1.5.1/src/common/pico_sync/mutex.c.obj
 .text.make_timeout_time_ms
                0x10000ba2       0x20 CMakeFiles/rp2040-freertos-template.dir/home/tiago/.pico-sdk/sdk/1.5.1/src/common/pico_sync/mutex.c.obj
 .text.mutex_init
                0x10000bc2       0x1a CMakeFiles/rp2040-freertos-template.dir/home/tiago/.pico-sdk/sdk/1.5.1/src/common/pico_sync/mutex.c.obj
                0x10000bc2                mutex_init
 .text.recursive_mutex_init
                0x10000bdc       0x1e CMakeFiles/rp2040-freertos-template.dir/home/tiago/.pico-sdk/sdk/1.5.1/src/common/pico_sync/mutex.c.obj
                0x10000bdc                recursive_mutex_init
 *fill*         0x10000bfa        0x2 
 .text.critical_section_init_with_lock_num
                0x10000bfc       0x14 CMakeFiles/rp2040-freertos-template.dir/home/tiago/.pico-sdk/sdk/1.5.1/src/common/pico_sync/critical_section.c.obj
                0x10000bfc                critical_section_init_with_lock_num
 .text.critical_section_init
                0x10000c10       0x14 CMakeFiles/rp2040-freertos-template.dir/home/tiago/.pico-sdk/sdk/1.5.1/src/common/pico_sync/critical_section.c.obj
                0x10000c10                critical_section_init
 .text.time_reached
                0x10000c24       0x28 CMakeFiles/rp2040-freertos-template.dir/home/tiago/.pico-sdk/sdk/1.5.1/src/common/pico_time/time.c.obj
 .text.get_entry
                0x10000c4c       0x38 CMakeFiles/rp2040-freertos-template.dir/home/tiago/.pico-sdk/sdk/1.5.1/src/common/pico_time/time.c.obj
 .text.timer_pool_entry_comparator
                0x10000c84       0x2e CMakeFiles/rp2040-freertos-template.dir/home/tiago/.pico-sdk/sdk/1.5.1/src/common/pico_time/time.c.obj
                0x10000c84                timer_pool_entry_comparator
 *fill*         0x10000cb2        0x2 
 .text.update_us_since_boot
                0x10000cb4       0x24 CMakeFiles/rp2040-freertos-template.dir/home/tiago/.pico-sdk/sdk/1.5.1/src/common/pico_time/time.c.obj
 .text.delayed_by_us
                0x10000cd8       0x34 CMakeFiles/rp2040-freertos-template.dir/home/tiago/.pico-sdk/sdk/1.5.1/src/common/pico_time/time.c.obj
 .text.ph_get_node
                0x10000d0c       0x30 CMakeFiles/rp2040-freertos-template.dir/home/tiago/.pico-sdk/sdk/1.5.1/src/common/pico_time/time.c.obj
 .text.ph_contains_node
                0x10000d3c       0x1e CMakeFiles/rp2040-freertos-template.dir/home/tiago/.pico-sdk/sdk/1.5.1/src/common/pico_time/time.c.obj
 .text.ph_new_node
                0x10000d5a       0x28 CMakeFiles/rp2040-freertos-template.dir/home/tiago/.pico-sdk/sdk/1.5.1/src/common/pico_time/time.c.obj
 *fill*         0x10000d82        0x2 
 .text.ph_add_child_node
                0x10000d84       0x6c CMakeFiles/rp2040-freertos-template.dir/home/tiago/.pico-sdk/sdk/1.5.1/src/common/pico_time/time.c.obj
 .text.ph_merge_nodes
                0x10000df0       0x3e CMakeFiles/rp2040-freertos-template.dir/home/tiago/.pico-sdk/sdk/1.5.1/src/common/pico_time/time.c.obj
 *fill*         0x10000e2e        0x2 
 .text.ph_insert_node
                0x10000e30       0x3c CMakeFiles/rp2040-freertos-template.dir/home/tiago/.pico-sdk/sdk/1.5.1/src/common/pico_time/time.c.obj
 .text.ph_free_node
                0x10000e6c       0x5c CMakeFiles/rp2040-freertos-template.dir/home/tiago/.pico-sdk/sdk/1.5.1/src/common/pico_time/time.c.obj
 .text.get_entry_id_high
                0x10000ec8       0x30 CMakeFiles/rp2040-freertos-template.dir/home/tiago/.pico-sdk/sdk/1.5.1/src/common/pico_time/time.c.obj
 .text.alarm_pool_post_alloc_init
                0x10000ef8       0x40 CMakeFiles/rp2040-freertos-template.dir/home/tiago/.pico-sdk/sdk/1.5.1/src/common/pico_time/time.c.obj
 .text.sleep_until_callback
                0x10000f38       0x30 CMakeFiles/rp2040-freertos-template.dir/home/tiago/.pico-sdk/sdk/1.5.1/src/common/pico_time/time.c.obj
 .text.get_absolute_time
                0x10000f68       0x22 CMakeFiles/rp2040-freertos-template.dir/home/tiago/.pico-sdk/sdk/1.5.1/src/common/pico_time/time.c.obj
 .text.make_timeout_time_us
                0x10000f8a       0x24 CMakeFiles/rp2040-freertos-template.dir/home/tiago/.pico-sdk/sdk/1.5.1/src/common/pico_time/time.c.obj
 *fill*         0x10000fae        0x2 
 .text.add_alarm_under_lock
                0x10000fb0       0x94 CMakeFiles/rp2040-freertos-template.dir/home/tiago/.pico-sdk/sdk/1.5.1/src/common/pico_time/time.c.obj
 .text.alarm_pool_alarm_callback
                0x10001044      0x210 CMakeFiles/rp2040-freertos-template.dir/home/tiago/.pico-sdk/sdk/1.5.1/src/common/pico_time/time.c.obj
 .text.alarm_pool_init_default
                0x10001254       0x40 CMakeFiles/rp2040-freertos-template.dir/home/tiago/.pico-sdk/sdk/1.5.1/src/common/pico_time/time.c.obj
                0x10001254                alarm_pool_init_default
 .text.alarm_pool_get_default
                0x10001294       0x2c CMakeFiles/rp2040-freertos-template.dir/home/tiago/.pico-sdk/sdk/1.5.1/src/common/pico_time/time.c.obj
                0x10001294                alarm_pool_get_default
 .text.alarm_pool_add_alarm_at
                0x100012c0      0x10e CMakeFiles/rp2040-freertos-template.dir/home/tiago/.pico-sdk/sdk/1.5.1/src/common/pico_time/time.c.obj
                0x100012c0                alarm_pool_add_alarm_at
 .text.add_alarm_at
                0x100013ce       0x2e CMakeFiles/rp2040-freertos-template.dir/home/tiago/.pico-sdk/sdk/1.5.1/src/common/pico_time/time.c.obj
 .text.alarm_pool_cancel_alarm
                0x100013fc       0xa8 CMakeFiles/rp2040-freertos-template.dir/home/tiago/.pico-sdk/sdk/1.5.1/src/common/pico_time/time.c.obj
                0x100013fc                alarm_pool_cancel_alarm
 .text.cancel_alarm
                0x100014a4       0x10 CMakeFiles/rp2040-freertos-template.dir/home/tiago/.pico-sdk/sdk/1.5.1/src/common/pico_time/time.c.obj
 .text.alarm_pool_core_num
                0x100014b4        0x4 CMakeFiles/rp2040-freertos-template.dir/home/tiago/.pico-sdk/sdk/1.5.1/src/common/pico_time/time.c.obj
                0x100014b4                alarm_pool_core_num
 .text.sleep_until
                0x100014b8       0xb0 CMakeFiles/rp2040-freertos-template.dir/home/tiago/.pico-sdk/sdk/1.5.1/src/common/pico_time/time.c.obj
                0x100014b8                sleep_until
 .text.sleep_us
                0x10001568       0x1a CMakeFiles/rp2040-freertos-template.dir/home/tiago/.pico-sdk/sdk/1.5.1/src/common/pico_time/time.c.obj
                0x10001568                sleep_us
 .text.sleep_ms
                0x10001582       0x14 CMakeFiles/rp2040-freertos-template.dir/home/tiago/.pico-sdk/sdk/1.5.1/src/common/pico_time/time.c.obj
                0x10001582                sleep_ms
 *fill*         0x10001596        0x2 
 .text.best_effort_wfe_or_timeout
                0x10001598       0x44 CMakeFiles/rp2040-freertos-template.dir/home/tiago/.pico-sdk/sdk/1.5.1/src/common/pico_time/time.c.obj
                0x10001598                best_effort_wfe_or_timeout
 .text.update_us_since_boot
                0x100015dc       0x24 CMakeFiles/rp2040-freertos-template.dir/home/tiago/.pico-sdk/sdk/1.5.1/src/rp2_common/hardware_timer/timer.c.obj
 .text.hardware_alarm_irq_handler
                0x10001600       0x8c CMakeFiles/rp2040-freertos-template.dir/home/tiago/.pico-sdk/sdk/1.5.1/src/rp2_common/hardware_timer/timer.c.obj
 .text.hardware_alarm_claim
                0x1000168c       0x18 CMakeFiles/rp2040-freertos-template.dir/home/tiago/.pico-sdk/sdk/1.5.1/src/rp2_common/hardware_timer/timer.c.obj
                0x1000168c                hardware_alarm_claim
 .text.time_us_64
                0x100016a4       0x18 CMakeFiles/rp2040-freertos-template.dir/home/tiago/.pico-sdk/sdk/1.5.1/src/rp2_common/hardware_timer/timer.c.obj
                0x100016a4                time_us_64
 .text.busy_wait_until
                0x100016bc       0x28 CMakeFiles/rp2040-freertos-template.dir/home/tiago/.pico-sdk/sdk/1.5.1/src/rp2_common/hardware_timer/timer.c.obj
                0x100016bc                busy_wait_until
 .text.busy_wait_us
                0x100016e4       0x3a CMakeFiles/rp2040-freertos-template.dir/home/tiago/.pico-sdk/sdk/1.5.1/src/rp2_common/hardware_timer/timer.c.obj
                0x100016e4                busy_wait_us
 *fill*         0x1000171e        0x2 
 .text.hardware_alarm_set_callback
                0x10001720       0x90 CMakeFiles/rp2040-freertos-template.dir/home/tiago/.pico-sdk/sdk/1.5.1/src/rp2_common/hardware_timer/timer.c.obj
                0x10001720                hardware_alarm_set_callback
 .text.hardware_alarm_set_target
                0x100017b0       0xe8 CMakeFiles/rp2040-freertos-template.dir/home/tiago/.pico-sdk/sdk/1.5.1/src/rp2_common/hardware_timer/timer.c.obj
                0x100017b0                hardware_alarm_set_target
 .text.hardware_alarm_cancel
                0x10001898       0x40 CMakeFiles/rp2040-freertos-template.dir/home/tiago/.pico-sdk/sdk/1.5.1/src/rp2_common/hardware_timer/timer.c.obj
                0x10001898                hardware_alarm_cancel
 .text.ph_get_node
                0x100018d8       0x30 CMakeFiles/rp2040-freertos-template.dir/home/tiago/.pico-sdk/sdk/1.5.1/src/common/pico_util/pheap.c.obj
 .text.ph_add_child_node
                0x10001908       0x6c CMakeFiles/rp2040-freertos-template.dir/home/tiago/.pico-sdk/sdk/1.5.1/src/common/pico_util/pheap.c.obj
 .text.ph_merge_nodes
                0x10001974       0x3e CMakeFiles/rp2040-freertos-template.dir/home/tiago/.pico-sdk/sdk/1.5.1/src/common/pico_util/pheap.c.obj
 .text.ph_clear
                0x100019b2       0x34 CMakeFiles/rp2040-freertos-template.dir/home/tiago/.pico-sdk/sdk/1.5.1/src/common/pico_util/pheap.c.obj
                0x100019b2                ph_clear
 .text.ph_post_alloc_init
                0x100019e6        0xe CMakeFiles/rp2040-freertos-template.dir/home/tiago/.pico-sdk/sdk/1.5.1/src/common/pico_util/pheap.c.obj
                0x100019e6                ph_post_alloc_init
 .text.ph_merge_two_pass
                0x100019f4       0x5c CMakeFiles/rp2040-freertos-template.dir/home/tiago/.pico-sdk/sdk/1.5.1/src/common/pico_util/pheap.c.obj
                0x100019f4                ph_merge_two_pass
 .text.ph_remove_any_head
                0x10001a50       0xc0 CMakeFiles/rp2040-freertos-template.dir/home/tiago/.pico-sdk/sdk/1.5.1/src/common/pico_util/pheap.c.obj
 .text.ph_remove_head
                0x10001b10       0x14 CMakeFiles/rp2040-freertos-template.dir/home/tiago/.pico-sdk/sdk/1.5.1/src/common/pico_util/pheap.c.obj
                0x10001b10                ph_remove_head
 .text.ph_remove_and_free_node
                0x10001b24       0xa0 CMakeFiles/rp2040-freertos-template.dir/home/tiago/.pico-sdk/sdk/1.5.1/src/common/pico_util/pheap.c.obj
                0x10001b24                ph_remove_and_free_node
 .text.uart_disable_before_lcr_write
                0x10001bc4       0x48 CMakeFiles/rp2040-freertos-template.dir/home/tiago/.pico-sdk/sdk/1.5.1/src/rp2_common/hardware_uart/uart.c.obj
 .text.uart_write_lcr_bits_masked
                0x10001c0c       0x22 CMakeFiles/rp2040-freertos-template.dir/home/tiago/.pico-sdk/sdk/1.5.1/src/rp2_common/hardware_uart/uart.c.obj
 *fill*         0x10001c2e        0x2 
 .text.uart_set_baudrate
                0x10001c30       0x5c CMakeFiles/rp2040-freertos-template.dir/home/tiago/.pico-sdk/sdk/1.5.1/src/rp2_common/hardware_uart/uart.c.obj
                0x10001c30                uart_set_baudrate
 .text.uart_set_format
                0x10001c8c       0x2c CMakeFiles/rp2040-freertos-template.dir/home/tiago/.pico-sdk/sdk/1.5.1/src/rp2_common/hardware_uart/uart.c.obj
                0x10001c8c                uart_set_format
 .text.uart_set_translate_crlf
                0x10001cb8       0x28 CMakeFiles/rp2040-freertos-template.dir/home/tiago/.pico-sdk/sdk/1.5.1/src/rp2_common/hardware_uart/uart.c.obj
                0x10001cb8                uart_set_translate_crlf
 .text.uart_init
                0x10001ce0       0x80 CMakeFiles/rp2040-freertos-template.dir/home/tiago/.pico-sdk/sdk/1.5.1/src/rp2_common/hardware_uart/uart.c.obj
                0x10001ce0                uart_init
 .text.clock_configure
                0x10001d60      0x108 CMakeFiles/rp2040-freertos-template.dir/home/tiago/.pico-sdk/sdk/1.5.1/src/rp2_common/hardware_clocks/clocks.c.obj
                0x10001d60                clock_configure
 .text.clocks_init
                0x10001e68      0x100 CMakeFiles/rp2040-freertos-template.dir/home/tiago/.pico-sdk/sdk/1.5.1/src/rp2_common/hardware_clocks/clocks.c.obj
                0x10001e68                clocks_init
 .text.clock_get_hz
                0x10001f68        0xc CMakeFiles/rp2040-freertos-template.dir/home/tiago/.pico-sdk/sdk/1.5.1/src/rp2_common/hardware_clocks/clocks.c.obj
                0x10001f68                clock_get_hz
 .text.pll_init
                0x10001f74      0x120 CMakeFiles/rp2040-freertos-template.dir/home/tiago/.pico-sdk/sdk/1.5.1/src/rp2_common/hardware_pll/pll.c.obj
                0x10001f74                pll_init
 .text.watchdog_start_tick
                0x10002094       0x10 CMakeFiles/rp2040-freertos-template.dir/home/tiago/.pico-sdk/sdk/1.5.1/src/rp2_common/hardware_watchdog/watchdog.c.obj
                0x10002094                watchdog_start_tick
 .text.watchdog_update
                0x100020a4       0x14 CMakeFiles/rp2040-freertos-template.dir/home/tiago/.pico-sdk/sdk/1.5.1/src/rp2_common/hardware_watchdog/watchdog.c.obj
                0x100020a4                watchdog_update
 .text._watchdog_enable
                0x100020b8       0x78 CMakeFiles/rp2040-freertos-template.dir/home/tiago/.pico-sdk/sdk/1.5.1/src/rp2_common/hardware_watchdog/watchdog.c.obj
                0x100020b8                _watchdog_enable
 .text.watchdog_reboot
                0x10002130       0x48 CMakeFiles/rp2040-freertos-template.dir/home/tiago/.pico-sdk/sdk/1.5.1/src/rp2_common/hardware_watchdog/watchdog.c.obj
                0x10002130                watchdog_reboot
 .text.xosc_init
                0x10002178       0x28 CMakeFiles/rp2040-freertos-template.dir/home/tiago/.pico-sdk/sdk/1.5.1/src/rp2_common/hardware_xosc/xosc.c.obj
                0x10002178                xosc_init
 .text._exit    0x100021a0        0x4 CMakeFiles/rp2040-freertos-template.dir/home/tiago/.pico-sdk/sdk/1.5.1/src/rp2_common/pico_runtime/runtime.c.obj
                0x100021a0                _exit
 .text.exit     0x100021a4        0x6 CMakeFiles/rp2040-freertos-template.dir/home/tiago/.pico-sdk/sdk/1.5.1/src/rp2_common/pico_runtime/runtime.c.obj
                0x100021a4                exit
 *fill*         0x100021aa        0x2 
 .text.__assert_func
                0x100021ac       0x38 CMakeFiles/rp2040-freertos-template.dir/home/tiago/.pico-sdk/sdk/1.5.1/src/rp2_common/pico_runtime/runtime.c.obj
                0x100021ac                __assert_func
 .text.runtime_init
                0x100021e4       0xf8 CMakeFiles/rp2040-freertos-template.dir/home/tiago/.pico-sdk/sdk/1.5.1/src/rp2_common/pico_runtime/runtime.c.obj
                0x100021e4                runtime_init
 .text.panic    0x100022dc       0x30 CMakeFiles/rp2040-freertos-template.dir/home/tiago/.pico-sdk/sdk/1.5.1/src/rp2_common/pico_runtime/runtime.c.obj
                0x100022dc                panic
 .text._out_null
                0x1000230c        0x2 CMakeFiles/rp2040-freertos-template.dir/home/tiago/.pico-sdk/sdk/1.5.1/src/rp2_common/pico_printf/printf.c.obj
 .text._out_fct
                0x1000230e        0xe CMakeFiles/rp2040-freertos-template.dir/home/tiago/.pico-sdk/sdk/1.5.1/src/rp2_common/pico_printf/printf.c.obj
 .text._atoi    0x1000231c       0x24 CMakeFiles/rp2040-freertos-template.dir/home/tiago/.pico-sdk/sdk/1.5.1/src/rp2_common/pico_printf/printf.c.obj
 .text._out_rev
                0x10002340       0xae CMakeFiles/rp2040-freertos-template.dir/home/tiago/.pico-sdk/sdk/1.5.1/src/rp2_common/pico_printf/printf.c.obj
 .text._ntoa_format
                0x100023ee      0x110 CMakeFiles/rp2040-freertos-template.dir/home/tiago/.pico-sdk/sdk/1.5.1/src/rp2_common/pico_printf/printf.c.obj
 .text._ntoa_long
                0x100024fe       0xbc CMakeFiles/rp2040-freertos-template.dir/home/tiago/.pico-sdk/sdk/1.5.1/src/rp2_common/pico_printf/printf.c.obj
 .text._ntoa_long_long
                0x100025ba      0x10e CMakeFiles/rp2040-freertos-template.dir/home/tiago/.pico-sdk/sdk/1.5.1/src/rp2_common/pico_printf/printf.c.obj
 .text._etoa    0x100026c8      0x420 CMakeFiles/rp2040-freertos-template.dir/home/tiago/.pico-sdk/sdk/1.5.1/src/rp2_common/pico_printf/printf.c.obj
 .text._ftoa    0x10002ae8      0x354 CMakeFiles/rp2040-freertos-template.dir/home/tiago/.pico-sdk/sdk/1.5.1/src/rp2_common/pico_printf/printf.c.obj
 .text._vsnprintf
                0x10002e3c      0x668 CMakeFiles/rp2040-freertos-template.dir/home/tiago/.pico-sdk/sdk/1.5.1/src/rp2_common/pico_printf/printf.c.obj
 .text.vfctprintf
                0x100034a4       0x20 CMakeFiles/rp2040-freertos-template.dir/home/tiago/.pico-sdk/sdk/1.5.1/src/rp2_common/pico_printf/printf.c.obj
                0x100034a4                vfctprintf
 .text          0x100034c4       0x10 CMakeFiles/rp2040-freertos-template.dir/home/tiago/.pico-sdk/sdk/1.5.1/src/rp2_common/pico_bit_ops/bit_ops_aeabi.S.obj
 .text.rom_func_lookup
                0x100034d4       0x10 CMakeFiles/rp2040-freertos-template.dir/home/tiago/.pico-sdk/sdk/1.5.1/src/rp2_common/pico_bootrom/bootrom.c.obj
                0x100034d4                rom_func_lookup
 .text.rom_data_lookup
                0x100034e4       0x10 CMakeFiles/rp2040-freertos-template.dir/home/tiago/.pico-sdk/sdk/1.5.1/src/rp2_common/pico_bootrom/bootrom.c.obj
                0x100034e4                rom_data_lookup
 .text.rom_funcs_lookup
                0x100034f4       0x36 CMakeFiles/rp2040-freertos-template.dir/home/tiago/.pico-sdk/sdk/1.5.1/src/rp2_common/pico_bootrom/bootrom.c.obj
                0x100034f4                rom_funcs_lookup
 *fill*         0x1000352a        0x2 
 .text.__wrap___aeabi_idiv
                0x1000352c       0x50 CMakeFiles/rp2040-freertos-template.dir/home/tiago/.pico-sdk/sdk/1.5.1/src/rp2_common/pico_divider/divider.S.obj
                0x1000352c                __wrap___aeabi_idivmod
                0x1000352c                divmod_s32s32
                0x1000352c                div_s32s32
                0x1000352c                __wrap___aeabi_idiv
                0x10003534                divmod_s32s32_unsafe
                0x10003560                divmod_s32s32_savestate
 .text.__wrap___aeabi_uidiv
                0x1000357c       0x4c CMakeFiles/rp2040-freertos-template.dir/home/tiago/.pico-sdk/sdk/1.5.1/src/rp2_common/pico_divider/divider.S.obj
                0x1000357c                __wrap___aeabi_uidiv
                0x1000357c                __wrap___aeabi_uidivmod
                0x1000357c                div_u32u32
                0x1000357c                divmod_u32u32
                0x10003584                divmod_u32u32_unsafe
                0x100035ac                divmod_u32u32_savestate
 .text.__wrap___aeabi_ldiv
                0x100035c8      0x424 CMakeFiles/rp2040-freertos-template.dir/home/tiago/.pico-sdk/sdk/1.5.1/src/rp2_common/pico_divider/divider.S.obj
                0x100035c8                div_s64s64
                0x100035c8                divmod_s64s64
                0x100035c8                __wrap___aeabi_ldivmod
                0x100035f8                div_u64u64
                0x100035f8                divmod_u64u64
                0x100035f8                __wrap___aeabi_uldivmod
                0x10003608                divmod_u64u64_savestate
                0x10003628                divmod_s64s64_unsafe
                0x100036b0                divmod_u64u64_unsafe
 .text.__wrap___aeabi_darithmetic
                0x100039ec       0x80 CMakeFiles/rp2040-freertos-template.dir/home/tiago/.pico-sdk/sdk/1.5.1/src/rp2_common/pico_double/double_aeabi.S.obj
                0x100039ec                __wrap___aeabi_drsub
                0x100039f2                __wrap___aeabi_dsub
                0x10003a04                __wrap___aeabi_dadd
                0x10003a16                __wrap___aeabi_ddiv
                0x10003a52                __wrap___aeabi_dmul
 .text.__wrap___aeabi_cdcmple
                0x10003a6c       0x6c CMakeFiles/rp2040-freertos-template.dir/home/tiago/.pico-sdk/sdk/1.5.1/src/rp2_common/pico_double/double_aeabi.S.obj
                0x10003a6c                __wrap___aeabi_cdrcmple
                0x10003a7c                __wrap___aeabi_cdcmple
                0x10003a7c                __wrap___aeabi_cdcmpeq
 .text.__wrap___aeabi_dcmplt
                0x10003ad8        0xc CMakeFiles/rp2040-freertos-template.dir/home/tiago/.pico-sdk/sdk/1.5.1/src/rp2_common/pico_double/double_aeabi.S.obj
                0x10003ad8                __wrap___aeabi_dcmplt
 .text.__wrap___aeabi_dcmple
                0x10003ae4       0x10 CMakeFiles/rp2040-freertos-template.dir/home/tiago/.pico-sdk/sdk/1.5.1/src/rp2_common/pico_double/double_aeabi.S.obj
                0x10003ae4                __wrap___aeabi_dcmple
 .text.__wrap___aeabi_dcmpge
                0x10003af4       0x10 CMakeFiles/rp2040-freertos-template.dir/home/tiago/.pico-sdk/sdk/1.5.1/src/rp2_common/pico_double/double_aeabi.S.obj
                0x10003af4                __wrap___aeabi_dcmpge
 .text.__wrap___aeabi_dcmpgt
                0x10003b04        0xa CMakeFiles/rp2040-freertos-template.dir/home/tiago/.pico-sdk/sdk/1.5.1/src/rp2_common/pico_double/double_aeabi.S.obj
                0x10003b04                __wrap___aeabi_dcmpgt
 .text.__wrap___aeabi_dcmpun
                0x10003b0e       0x1c CMakeFiles/rp2040-freertos-template.dir/home/tiago/.pico-sdk/sdk/1.5.1/src/rp2_common/pico_double/double_aeabi.S.obj
                0x10003b0e                __wrap___aeabi_dcmpun
 *fill*         0x10003b2a        0x2 
 .text.__wrap___aeabi_i2d
                0x10003b2c       0x38 CMakeFiles/rp2040-freertos-template.dir/home/tiago/.pico-sdk/sdk/1.5.1/src/rp2_common/pico_double/double_aeabi.S.obj
                0x10003b2c                __wrap___aeabi_ui2d
                0x10003b34                __wrap___aeabi_i2d
 .text.__wrap___aeabi_d2iz
                0x10003b64       0x48 CMakeFiles/rp2040-freertos-template.dir/home/tiago/.pico-sdk/sdk/1.5.1/src/rp2_common/pico_double/double_aeabi.S.obj
                0x10003b64                __wrap___aeabi_d2iz
                0x10003b64                double2int_z
 .text.__wrap___aeabi_d2uiz
                0x10003bac       0x18 CMakeFiles/rp2040-freertos-template.dir/home/tiago/.pico-sdk/sdk/1.5.1/src/rp2_common/pico_double/double_aeabi.S.obj
                0x10003bac                double2uint
                0x10003bac                __wrap___aeabi_d2uiz
 .text.__aeabi_double_init
                0x10003bc4       0xcc CMakeFiles/rp2040-freertos-template.dir/home/tiago/.pico-sdk/sdk/1.5.1/src/rp2_common/pico_double/double_init_rom.c.obj
                0x10003bc4                __aeabi_double_init
 .text.double_table_shim_on_use_helper
                0x10003c90       0x34 CMakeFiles/rp2040-freertos-template.dir/home/tiago/.pico-sdk/sdk/1.5.1/src/rp2_common/pico_double/double_v1_rom_shim.S.obj
                0x10003c90                double_table_shim_on_use_helper
 .text.__wrap___aeabi_dsub
                0x10003cc4       0x10 CMakeFiles/rp2040-freertos-template.dir/home/tiago/.pico-sdk/sdk/1.5.1/src/rp2_common/pico_double/double_v1_rom_shim.S.obj
                0x10003cc4                drsub_shim
                0x10003cca                dsub_shim
 .text.dadd_shim
                0x10003cd4      0x15c CMakeFiles/rp2040-freertos-template.dir/home/tiago/.pico-sdk/sdk/1.5.1/src/rp2_common/pico_double/double_v1_rom_shim.S.obj
                0x10003cd4                dadd_shim
 .text.dmul_shim
                0x10003e30      0x15c CMakeFiles/rp2040-freertos-template.dir/home/tiago/.pico-sdk/sdk/1.5.1/src/rp2_common/pico_double/double_v1_rom_shim.S.obj
                0x10003e30                dmul_shim
 .text.ddiv_shim
                0x10003f8c      0x1b0 CMakeFiles/rp2040-freertos-template.dir/home/tiago/.pico-sdk/sdk/1.5.1/src/rp2_common/pico_double/double_v1_rom_shim.S.obj
                0x10003f8c                ddiv_shim
 .text.double2uint_shim
                0x1000413c        0xe CMakeFiles/rp2040-freertos-template.dir/home/tiago/.pico-sdk/sdk/1.5.1/src/rp2_common/pico_double/double_v1_rom_shim.S.obj
                0x1000413c                double2uint_shim
                0x1000413e                double2ufix_shim
 *fill*         0x1000414a        0x2 
 .text.double2uint64_shim
                0x1000414c       0x70 CMakeFiles/rp2040-freertos-template.dir/home/tiago/.pico-sdk/sdk/1.5.1/src/rp2_common/pico_double/double_v1_rom_shim.S.obj
                0x1000414c                double2uint64_shim
                0x1000414e                double2ufix64_shim
                0x1000416e                d2fix_a
 .text.dunpacks
                0x100041bc       0x3c CMakeFiles/rp2040-freertos-template.dir/home/tiago/.pico-sdk/sdk/1.5.1/src/rp2_common/pico_double/double_v1_rom_shim.S.obj
                0x100041bc                dunpacks
 .text.__aeabi_lmul
                0x100041f8       0x32 CMakeFiles/rp2040-freertos-template.dir/home/tiago/.pico-sdk/sdk/1.5.1/src/rp2_common/pico_int64_ops/pico_int64_ops_aeabi.S.obj
                0x100041f8                __wrap___aeabi_lmul
 *fill*         0x1000422a        0x2 
 .text.__aeabi_float_init
                0x1000422c       0xfc CMakeFiles/rp2040-freertos-template.dir/home/tiago/.pico-sdk/sdk/1.5.1/src/rp2_common/pico_float/float_init_rom.c.obj
                0x1000422c                __aeabi_float_init
 .text.float_table_shim_on_use_helper
                0x10004328       0x34 CMakeFiles/rp2040-freertos-template.dir/home/tiago/.pico-sdk/sdk/1.5.1/src/rp2_common/pico_float/float_v1_rom_shim.S.obj
                0x10004328                float_table_shim_on_use_helper
 .text          0x1000435c       0x10 CMakeFiles/rp2040-freertos-template.dir/home/tiago/.pico-sdk/sdk/1.5.1/src/rp2_common/pico_mem_ops/mem_ops_aeabi.S.obj
                0x1000435c                __aeabi_mem_init
 .text.memset   0x1000436c        0xc CMakeFiles/rp2040-freertos-template.dir/home/tiago/.pico-sdk/sdk/1.5.1/src/rp2_common/pico_mem_ops/mem_ops_aeabi.S.obj
                0x1000436c                __wrap_memset
 .text.memcpy   0x10004378        0xc CMakeFiles/rp2040-freertos-template.dir/home/tiago/.pico-sdk/sdk/1.5.1/src/rp2_common/pico_mem_ops/mem_ops_aeabi.S.obj
                0x10004378                __wrap___aeabi_memcpy
                0x10004378                __wrap_memcpy
 .text.stdio_out_chars_no_crlf
                0x10004384        0xe CMakeFiles/rp2040-freertos-template.dir/home/tiago/.pico-sdk/sdk/1.5.1/src/rp2_common/pico_stdio/stdio.c.obj
 *fill*         0x10004392        0x2 
 .text.stdio_out_chars_crlf
                0x10004394       0x80 CMakeFiles/rp2040-freertos-template.dir/home/tiago/.pico-sdk/sdk/1.5.1/src/rp2_common/pico_stdio/stdio.c.obj
 .text.stdio_stack_buffer_flush
                0x10004414       0x44 CMakeFiles/rp2040-freertos-template.dir/home/tiago/.pico-sdk/sdk/1.5.1/src/rp2_common/pico_stdio/stdio.c.obj
 .text.stdio_buffered_printer
                0x10004458       0x20 CMakeFiles/rp2040-freertos-template.dir/home/tiago/.pico-sdk/sdk/1.5.1/src/rp2_common/pico_stdio/stdio.c.obj
 .text.update_us_since_boot
                0x10004478       0x24 CMakeFiles/rp2040-freertos-template.dir/home/tiago/.pico-sdk/sdk/1.5.1/src/rp2_common/pico_stdio/stdio.c.obj
 .text.get_absolute_time
                0x1000449c       0x22 CMakeFiles/rp2040-freertos-template.dir/home/tiago/.pico-sdk/sdk/1.5.1/src/rp2_common/pico_stdio/stdio.c.obj
 *fill*         0x100044be        0x2 
 .text.delayed_by_ms
                0x100044c0       0x44 CMakeFiles/rp2040-freertos-template.dir/home/tiago/.pico-sdk/sdk/1.5.1/src/rp2_common/pico_stdio/stdio.c.obj
 .text.make_timeout_time_ms
                0x10004504       0x20 CMakeFiles/rp2040-freertos-template.dir/home/tiago/.pico-sdk/sdk/1.5.1/src/rp2_common/pico_stdio/stdio.c.obj
 .text.stdout_serialize_begin
                0x10004524       0x20 CMakeFiles/rp2040-freertos-template.dir/home/tiago/.pico-sdk/sdk/1.5.1/src/rp2_common/pico_stdio/stdio.c.obj
                0x10004524                stdout_serialize_begin
 .text.stdout_serialize_end
                0x10004544       0x10 CMakeFiles/rp2040-freertos-template.dir/home/tiago/.pico-sdk/sdk/1.5.1/src/rp2_common/pico_stdio/stdio.c.obj
                0x10004544                stdout_serialize_end
 .text.stdio_put_string
                0x10004554       0x98 CMakeFiles/rp2040-freertos-template.dir/home/tiago/.pico-sdk/sdk/1.5.1/src/rp2_common/pico_stdio/stdio.c.obj
 .text.stdio_set_driver_enabled
                0x100045ec       0x2c CMakeFiles/rp2040-freertos-template.dir/home/tiago/.pico-sdk/sdk/1.5.1/src/rp2_common/pico_stdio/stdio.c.obj
                0x100045ec                stdio_set_driver_enabled
 .text.stdio_flush
                0x10004618       0x20 CMakeFiles/rp2040-freertos-template.dir/home/tiago/.pico-sdk/sdk/1.5.1/src/rp2_common/pico_stdio/stdio.c.obj
                0x10004618                stdio_flush
 .text.__wrap_puts
                0x10004638       0x1e CMakeFiles/rp2040-freertos-template.dir/home/tiago/.pico-sdk/sdk/1.5.1/src/rp2_common/pico_stdio/stdio.c.obj
                0x10004638                __wrap_puts
 *fill*         0x10004656        0x2 
 .text.__wrap_vprintf
                0x10004658       0x40 CMakeFiles/rp2040-freertos-template.dir/home/tiago/.pico-sdk/sdk/1.5.1/src/rp2_common/pico_stdio/stdio.c.obj
                0x10004658                __wrap_vprintf
 .text.__wrap_printf
                0x10004698       0x18 CMakeFiles/rp2040-freertos-template.dir/home/tiago/.pico-sdk/sdk/1.5.1/src/rp2_common/pico_stdio/stdio.c.obj
                0x10004698                __wrap_printf
 .text.stdio_init_all
                0x100046b0        0xe CMakeFiles/rp2040-freertos-template.dir/home/tiago/.pico-sdk/sdk/1.5.1/src/rp2_common/pico_stdio/stdio.c.obj
                0x100046b0                stdio_init_all
 *fill*         0x100046be        0x2 
 .text.uart_putc
                0x100046c0       0x60 CMakeFiles/rp2040-freertos-template.dir/home/tiago/.pico-sdk/sdk/1.5.1/src/rp2_common/pico_stdio_uart/stdio_uart.c.obj
 .text.uart_getc
                0x10004720       0x24 CMakeFiles/rp2040-freertos-template.dir/home/tiago/.pico-sdk/sdk/1.5.1/src/rp2_common/pico_stdio_uart/stdio_uart.c.obj
 .text.stdio_uart_out_chars
                0x10004744       0x20 CMakeFiles/rp2040-freertos-template.dir/home/tiago/.pico-sdk/sdk/1.5.1/src/rp2_common/pico_stdio_uart/stdio_uart.c.obj
 .text.stdio_uart_in_chars
                0x10004764       0x5c CMakeFiles/rp2040-freertos-template.dir/home/tiago/.pico-sdk/sdk/1.5.1/src/rp2_common/pico_stdio_uart/stdio_uart.c.obj
                0x10004764                stdio_uart_in_chars
 .text.on_uart_rx
                0x100047c0       0x28 CMakeFiles/rp2040-freertos-template.dir/home/tiago/.pico-sdk/sdk/1.5.1/src/rp2_common/pico_stdio_uart/stdio_uart.c.obj
 .text.stdio_uart_set_chars_available_callback
                0x100047e8       0x8c CMakeFiles/rp2040-freertos-template.dir/home/tiago/.pico-sdk/sdk/1.5.1/src/rp2_common/pico_stdio_uart/stdio_uart.c.obj
 .text.stdio_uart_init_full
                0x10004874       0x44 CMakeFiles/rp2040-freertos-template.dir/home/tiago/.pico-sdk/sdk/1.5.1/src/rp2_common/pico_stdio_uart/stdio_uart.c.obj
                0x10004874                stdio_uart_init_full
 .text.stdio_uart_init
                0x100048b8       0x28 CMakeFiles/rp2040-freertos-template.dir/home/tiago/.pico-sdk/sdk/1.5.1/src/rp2_common/pico_stdio_uart/stdio_uart.c.obj
                0x100048b8                stdio_uart_init
 .text.resetd_init
                0x100048e0        0x2 CMakeFiles/rp2040-freertos-template.dir/home/tiago/.pico-sdk/sdk/1.5.1/src/rp2_common/pico_stdio_usb/reset_interface.c.obj
 *fill*         0x100048e2        0x2 
 .text.resetd_reset
                0x100048e4        0xc CMakeFiles/rp2040-freertos-template.dir/home/tiago/.pico-sdk/sdk/1.5.1/src/rp2_common/pico_stdio_usb/reset_interface.c.obj
 .text.resetd_open
                0x100048f0       0x34 CMakeFiles/rp2040-freertos-template.dir/home/tiago/.pico-sdk/sdk/1.5.1/src/rp2_common/pico_stdio_usb/reset_interface.c.obj
 .text.resetd_xfer_cb
                0x10004924        0x4 CMakeFiles/rp2040-freertos-template.dir/home/tiago/.pico-sdk/sdk/1.5.1/src/rp2_common/pico_stdio_usb/reset_interface.c.obj
 .text.reset_usb_boot
                0x10004928       0x18 CMakeFiles/rp2040-freertos-template.dir/home/tiago/.pico-sdk/sdk/1.5.1/src/rp2_common/pico_stdio_usb/reset_interface.c.obj
 .text.resetd_control_xfer_cb
                0x10004940       0x5c CMakeFiles/rp2040-freertos-template.dir/home/tiago/.pico-sdk/sdk/1.5.1/src/rp2_common/pico_stdio_usb/reset_interface.c.obj
 .text.usbd_app_driver_get_cb
                0x1000499c        0xc CMakeFiles/rp2040-freertos-template.dir/home/tiago/.pico-sdk/sdk/1.5.1/src/rp2_common/pico_stdio_usb/reset_interface.c.obj
                0x1000499c                usbd_app_driver_get_cb
 .text.tud_cdc_line_coding_cb
                0x100049a8       0x28 CMakeFiles/rp2040-freertos-template.dir/home/tiago/.pico-sdk/sdk/1.5.1/src/rp2_common/pico_stdio_usb/reset_interface.c.obj
                0x100049a8                tud_cdc_line_coding_cb
 .text.stdio_usb_set_chars_available_callback
                0x100049d0       0x14 CMakeFiles/rp2040-freertos-template.dir/home/tiago/.pico-sdk/sdk/1.5.1/src/rp2_common/pico_stdio_usb/stdio_usb.c.obj
                0x100049d0                stdio_usb_set_chars_available_callback
 .text.update_us_since_boot
                0x100049e4       0x24 CMakeFiles/rp2040-freertos-template.dir/home/tiago/.pico-sdk/sdk/1.5.1/src/rp2_common/pico_stdio_usb/stdio_usb.c.obj
 .text.get_absolute_time
                0x10004a08       0x22 CMakeFiles/rp2040-freertos-template.dir/home/tiago/.pico-sdk/sdk/1.5.1/src/rp2_common/pico_stdio_usb/stdio_usb.c.obj
 *fill*         0x10004a2a        0x2 
 .text.delayed_by_ms
                0x10004a2c       0x44 CMakeFiles/rp2040-freertos-template.dir/home/tiago/.pico-sdk/sdk/1.5.1/src/rp2_common/pico_stdio_usb/stdio_usb.c.obj
 .text.make_timeout_time_ms
                0x10004a70       0x20 CMakeFiles/rp2040-freertos-template.dir/home/tiago/.pico-sdk/sdk/1.5.1/src/rp2_common/pico_stdio_usb/stdio_usb.c.obj
 .text.delayed_by_us
                0x10004a90       0x34 CMakeFiles/rp2040-freertos-template.dir/home/tiago/.pico-sdk/sdk/1.5.1/src/rp2_common/pico_stdio_usb/stdio_usb.c.obj
 .text.usb_irq  0x10004ac4       0x10 CMakeFiles/rp2040-freertos-template.dir/home/tiago/.pico-sdk/sdk/1.5.1/src/rp2_common/pico_stdio_usb/stdio_usb.c.obj
 .text.critical_section_enter_blocking
                0x10004ad4       0x16 CMakeFiles/rp2040-freertos-template.dir/home/tiago/.pico-sdk/sdk/1.5.1/src/rp2_common/pico_stdio_usb/stdio_usb.c.obj
 *fill*         0x10004aea        0x2 
 .text.timer_task
                0x10004aec       0x4c CMakeFiles/rp2040-freertos-template.dir/home/tiago/.pico-sdk/sdk/1.5.1/src/rp2_common/pico_stdio_usb/stdio_usb.c.obj
 .text.alarm_pool_add_alarm_in_us
                0x10004b38       0x3a CMakeFiles/rp2040-freertos-template.dir/home/tiago/.pico-sdk/sdk/1.5.1/src/rp2_common/pico_stdio_usb/stdio_usb.c.obj
 .text.add_alarm_in_us
                0x10004b72       0x2e CMakeFiles/rp2040-freertos-template.dir/home/tiago/.pico-sdk/sdk/1.5.1/src/rp2_common/pico_stdio_usb/stdio_usb.c.obj
 .text.low_priority_worker_irq
                0x10004ba0       0x7c CMakeFiles/rp2040-freertos-template.dir/home/tiago/.pico-sdk/sdk/1.5.1/src/rp2_common/pico_stdio_usb/stdio_usb.c.obj
 .text.tud_cdc_rx_cb
                0x10004c1c       0x20 CMakeFiles/rp2040-freertos-template.dir/home/tiago/.pico-sdk/sdk/1.5.1/src/rp2_common/pico_stdio_usb/stdio_usb.c.obj
                0x10004c1c                tud_cdc_rx_cb
 .text.stdio_usb_init
                0x10004c3c       0xd0 CMakeFiles/rp2040-freertos-template.dir/home/tiago/.pico-sdk/sdk/1.5.1/src/rp2_common/pico_stdio_usb/stdio_usb.c.obj
                0x10004c3c                stdio_usb_init
 .text.stdio_usb_connected
                0x10004d0c        0xa CMakeFiles/rp2040-freertos-template.dir/home/tiago/.pico-sdk/sdk/1.5.1/src/rp2_common/pico_stdio_usb/stdio_usb.c.obj
                0x10004d0c                stdio_usb_connected
 *fill*         0x10004d16        0x2 
 .text.stdio_usb_in_chars
                0x10004d18       0x88 CMakeFiles/rp2040-freertos-template.dir/home/tiago/.pico-sdk/sdk/1.5.1/src/rp2_common/pico_stdio_usb/stdio_usb.c.obj
                0x10004d18                stdio_usb_in_chars
 .text.stdio_usb_out_chars
                0x10004da0       0xd8 CMakeFiles/rp2040-freertos-template.dir/home/tiago/.pico-sdk/sdk/1.5.1/src/rp2_common/pico_stdio_usb/stdio_usb.c.obj
 .text.tud_descriptor_device_cb
                0x10004e78        0x8 CMakeFiles/rp2040-freertos-template.dir/home/tiago/.pico-sdk/sdk/1.5.1/src/rp2_common/pico_stdio_usb/stdio_usb_descriptors.c.obj
                0x10004e78                tud_descriptor_device_cb
 .text.tud_descriptor_configuration_cb
                0x10004e80        0x8 CMakeFiles/rp2040-freertos-template.dir/home/tiago/.pico-sdk/sdk/1.5.1/src/rp2_common/pico_stdio_usb/stdio_usb_descriptors.c.obj
                0x10004e80                tud_descriptor_configuration_cb
 .text.tud_descriptor_string_cb
                0x10004e88       0x6c CMakeFiles/rp2040-freertos-template.dir/home/tiago/.pico-sdk/sdk/1.5.1/src/rp2_common/pico_stdio_usb/stdio_usb_descriptors.c.obj
                0x10004e88                tud_descriptor_string_cb
 .text._retrieve_unique_id_on_boot
                0x10004ef4       0x10 CMakeFiles/rp2040-freertos-template.dir/home/tiago/.pico-sdk/sdk/1.5.1/src/rp2_common/pico_unique_id/unique_id.c.obj
 .text.pico_get_unique_board_id_string
                0x10004f04       0x5c CMakeFiles/rp2040-freertos-template.dir/home/tiago/.pico-sdk/sdk/1.5.1/src/rp2_common/pico_unique_id/unique_id.c.obj
                0x10004f04                pico_get_unique_board_id_string
 .text.flash_get_unique_id
                0x10004f60       0x40 CMakeFiles/rp2040-freertos-template.dir/home/tiago/.pico-sdk/sdk/1.5.1/src/rp2_common/hardware_flash/flash.c.obj
                0x10004f60                flash_get_unique_id
 .text.hw_endpoint_get_by_addr
                0x10004fa0       0x18 CMakeFiles/rp2040-freertos-template.dir/home/tiago/.pico-sdk/sdk/1.5.1/lib/tinyusb/src/portable/raspberrypi/rp2040/dcd_rp2040.c.obj
 .text._hw_endpoint_alloc
                0x10004fb8       0x70 CMakeFiles/rp2040-freertos-template.dir/home/tiago/.pico-sdk/sdk/1.5.1/lib/tinyusb/src/portable/raspberrypi/rp2040/dcd_rp2040.c.obj
 .text.hw_endpoint_init
                0x10005028       0x88 CMakeFiles/rp2040-freertos-template.dir/home/tiago/.pico-sdk/sdk/1.5.1/lib/tinyusb/src/portable/raspberrypi/rp2040/dcd_rp2040.c.obj
 .text.dcd_event_sof
                0x100050b0       0x2c CMakeFiles/rp2040-freertos-template.dir/home/tiago/.pico-sdk/sdk/1.5.1/lib/tinyusb/src/portable/raspberrypi/rp2040/dcd_rp2040.c.obj
 .text.hw_endpoint_xfer
                0x100050dc       0x14 CMakeFiles/rp2040-freertos-template.dir/home/tiago/.pico-sdk/sdk/1.5.1/lib/tinyusb/src/portable/raspberrypi/rp2040/dcd_rp2040.c.obj
 .text.dcd_int_enable
                0x100050f0       0x2c CMakeFiles/rp2040-freertos-template.dir/home/tiago/.pico-sdk/sdk/1.5.1/lib/tinyusb/src/portable/raspberrypi/rp2040/dcd_rp2040.c.obj
                0x100050f0                dcd_int_enable
 .text.dcd_set_address
                0x1000511c       0x2c CMakeFiles/rp2040-freertos-template.dir/home/tiago/.pico-sdk/sdk/1.5.1/lib/tinyusb/src/portable/raspberrypi/rp2040/dcd_rp2040.c.obj
                0x1000511c                dcd_set_address
 .text.dcd_connect
                0x10005148       0x10 CMakeFiles/rp2040-freertos-template.dir/home/tiago/.pico-sdk/sdk/1.5.1/lib/tinyusb/src/portable/raspberrypi/rp2040/dcd_rp2040.c.obj
                0x10005148                dcd_connect
 .text.dcd_init
                0x10005158       0x80 CMakeFiles/rp2040-freertos-template.dir/home/tiago/.pico-sdk/sdk/1.5.1/lib/tinyusb/src/portable/raspberrypi/rp2040/dcd_rp2040.c.obj
                0x10005158                dcd_init
 .text.dcd_edpt0_status_complete
                0x100051d8       0x1c CMakeFiles/rp2040-freertos-template.dir/home/tiago/.pico-sdk/sdk/1.5.1/lib/tinyusb/src/portable/raspberrypi/rp2040/dcd_rp2040.c.obj
                0x100051d8                dcd_edpt0_status_complete
 .text.dcd_edpt_open
                0x100051f4       0x40 CMakeFiles/rp2040-freertos-template.dir/home/tiago/.pico-sdk/sdk/1.5.1/lib/tinyusb/src/portable/raspberrypi/rp2040/dcd_rp2040.c.obj
                0x100051f4                dcd_edpt_open
 .text.dcd_edpt_close_all
                0x10005234        0x8 CMakeFiles/rp2040-freertos-template.dir/home/tiago/.pico-sdk/sdk/1.5.1/lib/tinyusb/src/portable/raspberrypi/rp2040/dcd_rp2040.c.obj
                0x10005234                dcd_edpt_close_all
 .text.dcd_edpt_xfer
                0x1000523c       0x34 CMakeFiles/rp2040-freertos-template.dir/home/tiago/.pico-sdk/sdk/1.5.1/lib/tinyusb/src/portable/raspberrypi/rp2040/dcd_rp2040.c.obj
                0x1000523c                dcd_edpt_xfer
 .text.dcd_edpt_stall
                0x10005270       0x2c CMakeFiles/rp2040-freertos-template.dir/home/tiago/.pico-sdk/sdk/1.5.1/lib/tinyusb/src/portable/raspberrypi/rp2040/dcd_rp2040.c.obj
                0x10005270                dcd_edpt_stall
 .text.dcd_edpt_clear_stall
                0x1000529c       0x20 CMakeFiles/rp2040-freertos-template.dir/home/tiago/.pico-sdk/sdk/1.5.1/lib/tinyusb/src/portable/raspberrypi/rp2040/dcd_rp2040.c.obj
                0x1000529c                dcd_edpt_clear_stall
 .text.rp2040_usb_init
                0x100052bc       0x4c CMakeFiles/rp2040-freertos-template.dir/home/tiago/.pico-sdk/sdk/1.5.1/lib/tinyusb/src/portable/raspberrypi/rp2040/rp2040_usb.c.obj
                0x100052bc                rp2040_usb_init
 .text.hw_endpoint_xfer_start
                0x10005308       0x50 CMakeFiles/rp2040-freertos-template.dir/home/tiago/.pico-sdk/sdk/1.5.1/lib/tinyusb/src/portable/raspberrypi/rp2040/rp2040_usb.c.obj
                0x10005308                hw_endpoint_xfer_start
 .text.configuration_reset
                0x10005358       0x84 CMakeFiles/rp2040-freertos-template.dir/home/tiago/.pico-sdk/sdk/1.5.1/lib/tinyusb/src/device/usbd.c.obj
 .text.critical_section_enter_blocking
                0x100053dc       0x16 CMakeFiles/rp2040-freertos-template.dir/home/tiago/.pico-sdk/sdk/1.5.1/lib/tinyusb/src/device/usbd.c.obj
 .text.usbd_reset
                0x100053f2        0xc CMakeFiles/rp2040-freertos-template.dir/home/tiago/.pico-sdk/sdk/1.5.1/lib/tinyusb/src/device/usbd.c.obj
 .text.invoke_class_control
                0x100053fe       0x1a CMakeFiles/rp2040-freertos-template.dir/home/tiago/.pico-sdk/sdk/1.5.1/lib/tinyusb/src/device/usbd.c.obj
 .text.process_set_config
                0x10005418      0x178 CMakeFiles/rp2040-freertos-template.dir/home/tiago/.pico-sdk/sdk/1.5.1/lib/tinyusb/src/device/usbd.c.obj
 .text.process_get_descriptor
                0x10005590       0xdc CMakeFiles/rp2040-freertos-template.dir/home/tiago/.pico-sdk/sdk/1.5.1/lib/tinyusb/src/device/usbd.c.obj
 .text.tud_mounted
                0x1000566c       0x10 CMakeFiles/rp2040-freertos-template.dir/home/tiago/.pico-sdk/sdk/1.5.1/lib/tinyusb/src/device/usbd.c.obj
                0x1000566c                tud_mounted
 .text.tud_suspended
                0x1000567c       0x10 CMakeFiles/rp2040-freertos-template.dir/home/tiago/.pico-sdk/sdk/1.5.1/lib/tinyusb/src/device/usbd.c.obj
                0x1000567c                tud_suspended
 .text.tud_inited
                0x1000568c       0x14 CMakeFiles/rp2040-freertos-template.dir/home/tiago/.pico-sdk/sdk/1.5.1/lib/tinyusb/src/device/usbd.c.obj
                0x1000568c                tud_inited
 .text.tud_init
                0x100056a0       0xcc CMakeFiles/rp2040-freertos-template.dir/home/tiago/.pico-sdk/sdk/1.5.1/lib/tinyusb/src/device/usbd.c.obj
                0x100056a0                tud_init
 .text.usbd_defer_func
                0x1000576c       0x2a CMakeFiles/rp2040-freertos-template.dir/home/tiago/.pico-sdk/sdk/1.5.1/lib/tinyusb/src/device/usbd.c.obj
                0x1000576c                usbd_defer_func
 *fill*         0x10005796        0x2 
 .text.usbd_edpt_open
                0x10005798       0x34 CMakeFiles/rp2040-freertos-template.dir/home/tiago/.pico-sdk/sdk/1.5.1/lib/tinyusb/src/device/usbd.c.obj
                0x10005798                usbd_edpt_open
 .text.usbd_open_edpt_pair
                0x100057cc       0x62 CMakeFiles/rp2040-freertos-template.dir/home/tiago/.pico-sdk/sdk/1.5.1/lib/tinyusb/src/device/usbd.c.obj
                0x100057cc                usbd_open_edpt_pair
 *fill*         0x1000582e        0x2 
 .text.usbd_edpt_claim
                0x10005830       0x28 CMakeFiles/rp2040-freertos-template.dir/home/tiago/.pico-sdk/sdk/1.5.1/lib/tinyusb/src/device/usbd.c.obj
                0x10005830                usbd_edpt_claim
 .text.usbd_edpt_release
                0x10005858       0x28 CMakeFiles/rp2040-freertos-template.dir/home/tiago/.pico-sdk/sdk/1.5.1/lib/tinyusb/src/device/usbd.c.obj
                0x10005858                usbd_edpt_release
 .text.usbd_edpt_xfer
                0x10005880       0x78 CMakeFiles/rp2040-freertos-template.dir/home/tiago/.pico-sdk/sdk/1.5.1/lib/tinyusb/src/device/usbd.c.obj
                0x10005880                usbd_edpt_xfer
 .text.usbd_edpt_stall
                0x100058f8       0x48 CMakeFiles/rp2040-freertos-template.dir/home/tiago/.pico-sdk/sdk/1.5.1/lib/tinyusb/src/device/usbd.c.obj
                0x100058f8                usbd_edpt_stall
 .text.usbd_edpt_clear_stall
                0x10005940       0x48 CMakeFiles/rp2040-freertos-template.dir/home/tiago/.pico-sdk/sdk/1.5.1/lib/tinyusb/src/device/usbd.c.obj
                0x10005940                usbd_edpt_clear_stall
 .text.usbd_edpt_stalled
                0x10005988       0x1c CMakeFiles/rp2040-freertos-template.dir/home/tiago/.pico-sdk/sdk/1.5.1/lib/tinyusb/src/device/usbd.c.obj
                0x10005988                usbd_edpt_stalled
 .text.process_control_request
                0x100059a4      0x374 CMakeFiles/rp2040-freertos-template.dir/home/tiago/.pico-sdk/sdk/1.5.1/lib/tinyusb/src/device/usbd.c.obj
 .text.tud_task_ext
                0x10005d18      0x1a8 CMakeFiles/rp2040-freertos-template.dir/home/tiago/.pico-sdk/sdk/1.5.1/lib/tinyusb/src/device/usbd.c.obj
                0x10005d18                tud_task_ext
 .text._status_stage_xact
                0x10005ec0       0x1a CMakeFiles/rp2040-freertos-template.dir/home/tiago/.pico-sdk/sdk/1.5.1/lib/tinyusb/src/device/usbd_control.c.obj
 *fill*         0x10005eda        0x2 
 .text._data_stage_xact
                0x10005edc       0x58 CMakeFiles/rp2040-freertos-template.dir/home/tiago/.pico-sdk/sdk/1.5.1/lib/tinyusb/src/device/usbd_control.c.obj
 .text.tud_control_status
                0x10005f34       0x28 CMakeFiles/rp2040-freertos-template.dir/home/tiago/.pico-sdk/sdk/1.5.1/lib/tinyusb/src/device/usbd_control.c.obj
                0x10005f34                tud_control_status
 .text.tud_control_xfer
                0x10005f5c       0x68 CMakeFiles/rp2040-freertos-template.dir/home/tiago/.pico-sdk/sdk/1.5.1/lib/tinyusb/src/device/usbd_control.c.obj
                0x10005f5c                tud_control_xfer
 .text.usbd_control_reset
                0x10005fc4       0x14 CMakeFiles/rp2040-freertos-template.dir/home/tiago/.pico-sdk/sdk/1.5.1/lib/tinyusb/src/device/usbd_control.c.obj
                0x10005fc4                usbd_control_reset
 .text.usbd_control_set_complete_callback
                0x10005fd8        0xc CMakeFiles/rp2040-freertos-template.dir/home/tiago/.pico-sdk/sdk/1.5.1/lib/tinyusb/src/device/usbd_control.c.obj
                0x10005fd8                usbd_control_set_complete_callback
 .text.usbd_control_set_request
                0x10005fe4       0x1c CMakeFiles/rp2040-freertos-template.dir/home/tiago/.pico-sdk/sdk/1.5.1/lib/tinyusb/src/device/usbd_control.c.obj
                0x10005fe4                usbd_control_set_request
 .text.usbd_control_xfer_cb
                0x10006000       0xbc CMakeFiles/rp2040-freertos-template.dir/home/tiago/.pico-sdk/sdk/1.5.1/lib/tinyusb/src/device/usbd_control.c.obj
                0x10006000                usbd_control_xfer_cb
 .text._prep_out_transaction
                0x100060bc       0x4a CMakeFiles/rp2040-freertos-template.dir/home/tiago/.pico-sdk/sdk/1.5.1/lib/tinyusb/src/class/cdc/cdc_device.c.obj
 *fill*         0x10006106        0x2 
 .text.tud_cdc_n_connected
                0x10006108       0x38 CMakeFiles/rp2040-freertos-template.dir/home/tiago/.pico-sdk/sdk/1.5.1/lib/tinyusb/src/class/cdc/cdc_device.c.obj
                0x10006108                tud_cdc_n_connected
 .text.tud_cdc_n_available
                0x10006140       0x18 CMakeFiles/rp2040-freertos-template.dir/home/tiago/.pico-sdk/sdk/1.5.1/lib/tinyusb/src/class/cdc/cdc_device.c.obj
                0x10006140                tud_cdc_n_available
 .text.tud_cdc_n_read
                0x10006158       0x28 CMakeFiles/rp2040-freertos-template.dir/home/tiago/.pico-sdk/sdk/1.5.1/lib/tinyusb/src/class/cdc/cdc_device.c.obj
                0x10006158                tud_cdc_n_read
 .text.tud_cdc_n_write_flush
                0x10006180       0xb8 CMakeFiles/rp2040-freertos-template.dir/home/tiago/.pico-sdk/sdk/1.5.1/lib/tinyusb/src/class/cdc/cdc_device.c.obj
                0x10006180                tud_cdc_n_write_flush
 .text.tud_cdc_n_write
                0x10006238       0x38 CMakeFiles/rp2040-freertos-template.dir/home/tiago/.pico-sdk/sdk/1.5.1/lib/tinyusb/src/class/cdc/cdc_device.c.obj
                0x10006238                tud_cdc_n_write
 .text.tud_cdc_n_write_available
                0x10006270       0x1c CMakeFiles/rp2040-freertos-template.dir/home/tiago/.pico-sdk/sdk/1.5.1/lib/tinyusb/src/class/cdc/cdc_device.c.obj
                0x10006270                tud_cdc_n_write_available
 .text.cdcd_init
                0x1000628c       0xbc CMakeFiles/rp2040-freertos-template.dir/home/tiago/.pico-sdk/sdk/1.5.1/lib/tinyusb/src/class/cdc/cdc_device.c.obj
                0x1000628c                cdcd_init
 .text.cdcd_reset
                0x10006348       0x44 CMakeFiles/rp2040-freertos-template.dir/home/tiago/.pico-sdk/sdk/1.5.1/lib/tinyusb/src/class/cdc/cdc_device.c.obj
                0x10006348                cdcd_reset
 .text.cdcd_open
                0x1000638c       0xc4 CMakeFiles/rp2040-freertos-template.dir/home/tiago/.pico-sdk/sdk/1.5.1/lib/tinyusb/src/class/cdc/cdc_device.c.obj
                0x1000638c                cdcd_open
 .text.cdcd_control_xfer_cb
                0x10006450      0x134 CMakeFiles/rp2040-freertos-template.dir/home/tiago/.pico-sdk/sdk/1.5.1/lib/tinyusb/src/class/cdc/cdc_device.c.obj
                0x10006450                cdcd_control_xfer_cb
 .text.cdcd_xfer_cb
                0x10006584      0x130 CMakeFiles/rp2040-freertos-template.dir/home/tiago/.pico-sdk/sdk/1.5.1/lib/tinyusb/src/class/cdc/cdc_device.c.obj
                0x10006584                cdcd_xfer_cb
 .text.tusb_init
                0x100066b4        0xa CMakeFiles/rp2040-freertos-template.dir/home/tiago/.pico-sdk/sdk/1.5.1/lib/tinyusb/src/tusb.c.obj
                0x100066b4                tusb_init
 .text.tusb_inited
                0x100066be        0xe CMakeFiles/rp2040-freertos-template.dir/home/tiago/.pico-sdk/sdk/1.5.1/lib/tinyusb/src/tusb.c.obj
                0x100066be                tusb_inited
 .text.tu_edpt_claim
                0x100066cc       0x50 CMakeFiles/rp2040-freertos-template.dir/home/tiago/.pico-sdk/sdk/1.5.1/lib/tinyusb/src/tusb.c.obj
                0x100066cc                tu_edpt_claim
 .text.tu_edpt_release
                0x1000671c       0x38 CMakeFiles/rp2040-freertos-template.dir/home/tiago/.pico-sdk/sdk/1.5.1/lib/tinyusb/src/tusb.c.obj
                0x1000671c                tu_edpt_release
 .text.tu_edpt_validate
                0x10006754       0x78 CMakeFiles/rp2040-freertos-template.dir/home/tiago/.pico-sdk/sdk/1.5.1/lib/tinyusb/src/tusb.c.obj
                0x10006754                tu_edpt_validate
 .text.tu_edpt_bind_driver
                0x100067cc       0x26 CMakeFiles/rp2040-freertos-template.dir/home/tiago/.pico-sdk/sdk/1.5.1/lib/tinyusb/src/tusb.c.obj
                0x100067cc                tu_edpt_bind_driver
 .text.advance_index
                0x100067f2       0x1a CMakeFiles/rp2040-freertos-template.dir/home/tiago/.pico-sdk/sdk/1.5.1/lib/tinyusb/src/common/tusb_fifo.c.obj
 .text._tu_fifo_peek
                0x1000680c       0x56 CMakeFiles/rp2040-freertos-template.dir/home/tiago/.pico-sdk/sdk/1.5.1/lib/tinyusb/src/common/tusb_fifo.c.obj
 .text._ff_pull_const_addr
                0x10006862       0x4c CMakeFiles/rp2040-freertos-template.dir/home/tiago/.pico-sdk/sdk/1.5.1/lib/tinyusb/src/common/tusb_fifo.c.obj
 .text._ff_pull_n
                0x100068ae      0x110 CMakeFiles/rp2040-freertos-template.dir/home/tiago/.pico-sdk/sdk/1.5.1/lib/tinyusb/src/common/tusb_fifo.c.obj
 .text._tu_fifo_peek_n
                0x100069be       0x6a CMakeFiles/rp2040-freertos-template.dir/home/tiago/.pico-sdk/sdk/1.5.1/lib/tinyusb/src/common/tusb_fifo.c.obj
 .text._tu_fifo_read_n
                0x10006a28       0x4e CMakeFiles/rp2040-freertos-template.dir/home/tiago/.pico-sdk/sdk/1.5.1/lib/tinyusb/src/common/tusb_fifo.c.obj
 .text._ff_push_const_addr
                0x10006a76       0x40 CMakeFiles/rp2040-freertos-template.dir/home/tiago/.pico-sdk/sdk/1.5.1/lib/tinyusb/src/common/tusb_fifo.c.obj
 .text._ff_push_n
                0x10006ab6      0x10c CMakeFiles/rp2040-freertos-template.dir/home/tiago/.pico-sdk/sdk/1.5.1/lib/tinyusb/src/common/tusb_fifo.c.obj
 .text._tu_fifo_write_n
                0x10006bc2       0xf0 CMakeFiles/rp2040-freertos-template.dir/home/tiago/.pico-sdk/sdk/1.5.1/lib/tinyusb/src/common/tusb_fifo.c.obj
 .text.tu_fifo_config
                0x10006cb2       0x7c CMakeFiles/rp2040-freertos-template.dir/home/tiago/.pico-sdk/sdk/1.5.1/lib/tinyusb/src/common/tusb_fifo.c.obj
                0x10006cb2                tu_fifo_config
 .text.tu_fifo_count
                0x10006d2e       0x2a CMakeFiles/rp2040-freertos-template.dir/home/tiago/.pico-sdk/sdk/1.5.1/lib/tinyusb/src/common/tusb_fifo.c.obj
                0x10006d2e                tu_fifo_count
 .text.tu_fifo_empty
                0x10006d58        0xe CMakeFiles/rp2040-freertos-template.dir/home/tiago/.pico-sdk/sdk/1.5.1/lib/tinyusb/src/common/tusb_fifo.c.obj
                0x10006d58                tu_fifo_empty
 .text.tu_fifo_full
                0x10006d66       0x28 CMakeFiles/rp2040-freertos-template.dir/home/tiago/.pico-sdk/sdk/1.5.1/lib/tinyusb/src/common/tusb_fifo.c.obj
                0x10006d66                tu_fifo_full
 .text.tu_fifo_remaining
                0x10006d8e       0x2c CMakeFiles/rp2040-freertos-template.dir/home/tiago/.pico-sdk/sdk/1.5.1/lib/tinyusb/src/common/tusb_fifo.c.obj
                0x10006d8e                tu_fifo_remaining
 .text.tu_fifo_read
                0x10006dba       0x42 CMakeFiles/rp2040-freertos-template.dir/home/tiago/.pico-sdk/sdk/1.5.1/lib/tinyusb/src/common/tusb_fifo.c.obj
                0x10006dba                tu_fifo_read
 .text.tu_fifo_read_n
                0x10006dfc        0xa CMakeFiles/rp2040-freertos-template.dir/home/tiago/.pico-sdk/sdk/1.5.1/lib/tinyusb/src/common/tusb_fifo.c.obj
                0x10006dfc                tu_fifo_read_n
 .text.tu_fifo_write
                0x10006e06       0x64 CMakeFiles/rp2040-freertos-template.dir/home/tiago/.pico-sdk/sdk/1.5.1/lib/tinyusb/src/common/tusb_fifo.c.obj
                0x10006e06                tu_fifo_write
 .text.tu_fifo_write_n
                0x10006e6a        0xa CMakeFiles/rp2040-freertos-template.dir/home/tiago/.pico-sdk/sdk/1.5.1/lib/tinyusb/src/common/tusb_fifo.c.obj
                0x10006e6a                tu_fifo_write_n
 .text.tu_fifo_clear
                0x10006e74       0x3e CMakeFiles/rp2040-freertos-template.dir/home/tiago/.pico-sdk/sdk/1.5.1/lib/tinyusb/src/common/tusb_fifo.c.obj
                0x10006e74                tu_fifo_clear
 .text.tu_fifo_set_overwritable
                0x10006eb2       0x46 CMakeFiles/rp2040-freertos-template.dir/home/tiago/.pico-sdk/sdk/1.5.1/lib/tinyusb/src/common/tusb_fifo.c.obj
                0x10006eb2                tu_fifo_set_overwritable
 .text.strlen   0x10006ef8       0x5c /home/tiago/.pico-sdk/toolchain/13_2_Rel1/bin/../lib/gcc/arm-none-eabi/13.2.1/../../../../arm-none-eabi/lib/thumb/v6-m/nofp/libg.a(libc_a-strlen-stub.o)
                0x10006ef8                strlen
 *(.fini)
 .fini          0x10006f54        0x4 /home/tiago/.pico-sdk/toolchain/13_2_Rel1/bin/../lib/gcc/arm-none-eabi/13.2.1/thumb/v6-m/nofp/crti.o
                0x10006f54                _fini
 .fini.__stub   0x10006f58       0xe0 linker stubs
 *crtbegin.o(.ctors)
 *crtbegin?.o(.ctors)
 *(EXCLUDE_FILE(*crtend.o *crtend?.o) .ctors)
 *(SORT_BY_NAME(.ctors.*))
 *(.ctors)
 *crtbegin.o(.dtors)
 *crtbegin?.o(.dtors)
 *(EXCLUDE_FILE(*crtend.o *crtend?.o) .dtors)
 *(SORT_BY_NAME(.dtors.*))
 *(.dtors)
 *(.eh_frame*)
 .eh_frame      0x10007038        0x0 /home/tiago/.pico-sdk/toolchain/13_2_Rel1/bin/../lib/gcc/arm-none-eabi/13.2.1/thumb/v6-m/nofp/crtbegin.o
                0x10007038                        . = ALIGN (0x4)

.glue_7         0x10007038        0x0
 .glue_7        0x10007038        0x0 linker stubs

.glue_7t        0x10007038        0x0
 .glue_7t       0x10007038        0x0 linker stubs

.vfp11_veneer   0x10007038        0x0
 .vfp11_veneer  0x10007038        0x0 linker stubs

.v4_bx          0x10007038        0x0
 .v4_bx         0x10007038        0x0 linker stubs

.iplt           0x10007038        0x0
 .iplt          0x10007038        0x0 /home/tiago/.pico-sdk/toolchain/13_2_Rel1/bin/../lib/gcc/arm-none-eabi/13.2.1/thumb/v6-m/nofp/crtbegin.o

.rodata         0x10007038     0x15d8
 *(EXCLUDE_FILE(*libm.a: *libc.a:*lib_a-mem*.o *libgcc.a:) .rodata*)
 .rodata.main.str1.4
                0x10007038      0xef5 CMakeFiles/rp2040-freertos-template.dir/main.cpp.obj
                                  0xe (size before relaxing)
 .rodata.spin_lock_claim_unused.str1.4
                0x10007f2d       0x1b CMakeFiles/rp2040-freertos-template.dir/home/tiago/.pico-sdk/sdk/1.5.1/src/rp2_common/hardware_sync/sync.c.obj
 .rodata.resolve_branch.str1.4
                0x10007f2d       0x5a CMakeFiles/rp2040-freertos-template.dir/home/tiago/.pico-sdk/sdk/1.5.1/src/rp2_common/hardware_irq/irq.c.obj
 .rodata.make_branch.str1.4
                0x10007f2d       0x30 CMakeFiles/rp2040-freertos-template.dir/home/tiago/.pico-sdk/sdk/1.5.1/src/rp2_common/hardware_irq/irq.c.obj
 .rodata.insert_branch_and_link.str1.4
                0x10007f2d       0x10 CMakeFiles/rp2040-freertos-template.dir/home/tiago/.pico-sdk/sdk/1.5.1/src/rp2_common/hardware_irq/irq.c.obj
 .rodata.irq_set_exclusive_handler.str1.4
                0x10007f2d       0x36 CMakeFiles/rp2040-freertos-template.dir/home/tiago/.pico-sdk/sdk/1.5.1/src/rp2_common/hardware_irq/irq.c.obj
 .rodata.irq_add_shared_handler.str1.4
                0x10007f2d       0xc2 CMakeFiles/rp2040-freertos-template.dir/home/tiago/.pico-sdk/sdk/1.5.1/src/rp2_common/hardware_irq/irq.c.obj
 .rodata.irq_remove_handler.str1.4
                0x10007f2d       0x3a CMakeFiles/rp2040-freertos-template.dir/home/tiago/.pico-sdk/sdk/1.5.1/src/rp2_common/hardware_irq/irq.c.obj
 .rodata.irq_add_tail_to_free_list.str1.4
                0x10007f2d       0x3a CMakeFiles/rp2040-freertos-template.dir/home/tiago/.pico-sdk/sdk/1.5.1/src/rp2_common/hardware_irq/irq.c.obj
 .rodata.user_irq_claim_unused.str1.4
                0x10007f2d       0x1b CMakeFiles/rp2040-freertos-template.dir/home/tiago/.pico-sdk/sdk/1.5.1/src/rp2_common/hardware_irq/irq.c.obj
 *fill*         0x10007f2d        0x3 
 .rodata.__func__.0
                0x10007f30       0x1a CMakeFiles/rp2040-freertos-template.dir/home/tiago/.pico-sdk/sdk/1.5.1/src/rp2_common/hardware_irq/irq.c.obj
 *fill*         0x10007f4a        0x2 
 .rodata.__func__.1
                0x10007f4c       0x17 CMakeFiles/rp2040-freertos-template.dir/home/tiago/.pico-sdk/sdk/1.5.1/src/rp2_common/hardware_irq/irq.c.obj
 *fill*         0x10007f63        0x1 
 .rodata.__func__.2
                0x10007f64       0x13 CMakeFiles/rp2040-freertos-template.dir/home/tiago/.pico-sdk/sdk/1.5.1/src/rp2_common/hardware_irq/irq.c.obj
 *fill*         0x10007f77        0x1 
 .rodata.__func__.3
                0x10007f78        0xc CMakeFiles/rp2040-freertos-template.dir/home/tiago/.pico-sdk/sdk/1.5.1/src/rp2_common/hardware_irq/irq.c.obj
 .rodata.__func__.4
                0x10007f84        0xf CMakeFiles/rp2040-freertos-template.dir/home/tiago/.pico-sdk/sdk/1.5.1/src/rp2_common/hardware_irq/irq.c.obj
 *fill*         0x10007f93        0x1 
 .rodata.__func__.5
                0x10007f94       0x17 CMakeFiles/rp2040-freertos-template.dir/home/tiago/.pico-sdk/sdk/1.5.1/src/rp2_common/hardware_irq/irq.c.obj
 *fill*         0x10007fab        0x1 
 .rodata.__func__.6
                0x10007fac       0x1a CMakeFiles/rp2040-freertos-template.dir/home/tiago/.pico-sdk/sdk/1.5.1/src/rp2_common/hardware_irq/irq.c.obj
 .rodata.update_us_since_boot.str1.4
                0x10007fc6       0x66 CMakeFiles/rp2040-freertos-template.dir/home/tiago/.pico-sdk/sdk/1.5.1/src/common/pico_sync/mutex.c.obj
 .rodata.str1.4
                0x10007fc6       0x91 CMakeFiles/rp2040-freertos-template.dir/home/tiago/.pico-sdk/sdk/1.5.1/src/common/pico_sync/mutex.c.obj
 *fill*         0x10007fc6        0x2 
 .rodata.__func__.1
                0x10007fc8        0xb CMakeFiles/rp2040-freertos-template.dir/home/tiago/.pico-sdk/sdk/1.5.1/src/common/pico_sync/mutex.c.obj
 *fill*         0x10007fd3        0x1 
 .rodata.__func__.3
                0x10007fd4       0x18 CMakeFiles/rp2040-freertos-template.dir/home/tiago/.pico-sdk/sdk/1.5.1/src/common/pico_sync/mutex.c.obj
 .rodata.__func__.4
                0x10007fec       0x15 CMakeFiles/rp2040-freertos-template.dir/home/tiago/.pico-sdk/sdk/1.5.1/src/common/pico_sync/mutex.c.obj
 .rodata.get_entry.str1.4
                0x10008001       0x60 CMakeFiles/rp2040-freertos-template.dir/home/tiago/.pico-sdk/sdk/1.5.1/src/common/pico_time/time.c.obj
 .rodata.update_us_since_boot.str1.4
                0x10008001       0x66 CMakeFiles/rp2040-freertos-template.dir/home/tiago/.pico-sdk/sdk/1.5.1/src/common/pico_time/time.c.obj
 .rodata.ph_get_node.str1.4
                0x10008001       0x6b CMakeFiles/rp2040-freertos-template.dir/home/tiago/.pico-sdk/sdk/1.5.1/src/common/pico_time/time.c.obj
 .rodata.ph_add_child_node.str1.4
                0x10008001       0x2e CMakeFiles/rp2040-freertos-template.dir/home/tiago/.pico-sdk/sdk/1.5.1/src/common/pico_time/time.c.obj
 .rodata.ph_insert_node.str1.4
                0x10008001        0x3 CMakeFiles/rp2040-freertos-template.dir/home/tiago/.pico-sdk/sdk/1.5.1/src/common/pico_time/time.c.obj
 .rodata.ph_free_node.str1.4
                0x10008001       0x38 CMakeFiles/rp2040-freertos-template.dir/home/tiago/.pico-sdk/sdk/1.5.1/src/common/pico_time/time.c.obj
 .rodata.add_alarm_under_lock.str1.4
                0x10008001       0x28 CMakeFiles/rp2040-freertos-template.dir/home/tiago/.pico-sdk/sdk/1.5.1/src/common/pico_time/time.c.obj
 .rodata.alarm_pool_alarm_callback.str1.4
                0x10008001       0x60 CMakeFiles/rp2040-freertos-template.dir/home/tiago/.pico-sdk/sdk/1.5.1/src/common/pico_time/time.c.obj
 .rodata.alarm_pool_get_default.str1.4
                0x10008001       0x21 CMakeFiles/rp2040-freertos-template.dir/home/tiago/.pico-sdk/sdk/1.5.1/src/common/pico_time/time.c.obj
 .rodata.alarm_pool_cancel_alarm.str1.4
                0x10008001       0x27 CMakeFiles/rp2040-freertos-template.dir/home/tiago/.pico-sdk/sdk/1.5.1/src/common/pico_time/time.c.obj
 .rodata.sleep_until.str1.4
                0x10008001       0x4d CMakeFiles/rp2040-freertos-template.dir/home/tiago/.pico-sdk/sdk/1.5.1/src/common/pico_time/time.c.obj
 *fill*         0x10008001        0x3 
 .rodata.__func__.1
                0x10008004       0x18 CMakeFiles/rp2040-freertos-template.dir/home/tiago/.pico-sdk/sdk/1.5.1/src/common/pico_time/time.c.obj
 .rodata.__func__.3
                0x1000801c       0x17 CMakeFiles/rp2040-freertos-template.dir/home/tiago/.pico-sdk/sdk/1.5.1/src/common/pico_time/time.c.obj
 *fill*         0x10008033        0x1 
 .rodata.__func__.4
                0x10008034       0x12 CMakeFiles/rp2040-freertos-template.dir/home/tiago/.pico-sdk/sdk/1.5.1/src/common/pico_time/time.c.obj
 *fill*         0x10008046        0x2 
 .rodata.__func__.5
                0x10008048        0xd CMakeFiles/rp2040-freertos-template.dir/home/tiago/.pico-sdk/sdk/1.5.1/src/common/pico_time/time.c.obj
 *fill*         0x10008055        0x3 
 .rodata.__func__.6
                0x10008058       0x12 CMakeFiles/rp2040-freertos-template.dir/home/tiago/.pico-sdk/sdk/1.5.1/src/common/pico_time/time.c.obj
 *fill*         0x1000806a        0x2 
 .rodata.__func__.7
                0x1000806c        0xf CMakeFiles/rp2040-freertos-template.dir/home/tiago/.pico-sdk/sdk/1.5.1/src/common/pico_time/time.c.obj
 *fill*         0x1000807b        0x1 
 .rodata.__func__.8
                0x1000807c        0xc CMakeFiles/rp2040-freertos-template.dir/home/tiago/.pico-sdk/sdk/1.5.1/src/common/pico_time/time.c.obj
 .rodata.__func__.9
                0x10008088       0x15 CMakeFiles/rp2040-freertos-template.dir/home/tiago/.pico-sdk/sdk/1.5.1/src/common/pico_time/time.c.obj
 *fill*         0x1000809d        0x3 
 .rodata.__func__.10
                0x100080a0       0x15 CMakeFiles/rp2040-freertos-template.dir/home/tiago/.pico-sdk/sdk/1.5.1/src/common/pico_time/time.c.obj
 *fill*         0x100080b5        0x3 
 .rodata.__func__.11
                0x100080b8       0x1a CMakeFiles/rp2040-freertos-template.dir/home/tiago/.pico-sdk/sdk/1.5.1/src/common/pico_time/time.c.obj
 *fill*         0x100080d2        0x2 
 .rodata.__func__.12
                0x100080d4        0xa CMakeFiles/rp2040-freertos-template.dir/home/tiago/.pico-sdk/sdk/1.5.1/src/common/pico_time/time.c.obj
 .rodata.update_us_since_boot.str1.4
                0x100080de       0x66 CMakeFiles/rp2040-freertos-template.dir/home/tiago/.pico-sdk/sdk/1.5.1/src/rp2_common/hardware_timer/timer.c.obj
 .rodata.hardware_alarm_claim.str1.4
                0x100080de       0x22 CMakeFiles/rp2040-freertos-template.dir/home/tiago/.pico-sdk/sdk/1.5.1/src/rp2_common/hardware_timer/timer.c.obj
 .rodata.hardware_alarm_set_target.str1.4
                0x100080de       0x6a CMakeFiles/rp2040-freertos-template.dir/home/tiago/.pico-sdk/sdk/1.5.1/src/rp2_common/hardware_timer/timer.c.obj
 *fill*         0x100080de        0x2 
 .rodata.__func__.0
                0x100080e0       0x1a CMakeFiles/rp2040-freertos-template.dir/home/tiago/.pico-sdk/sdk/1.5.1/src/rp2_common/hardware_timer/timer.c.obj
 *fill*         0x100080fa        0x2 
 .rodata.__func__.1
                0x100080fc       0x15 CMakeFiles/rp2040-freertos-template.dir/home/tiago/.pico-sdk/sdk/1.5.1/src/rp2_common/hardware_timer/timer.c.obj
 .rodata.ph_get_node.str1.4
                0x10008111       0x6b CMakeFiles/rp2040-freertos-template.dir/home/tiago/.pico-sdk/sdk/1.5.1/src/common/pico_util/pheap.c.obj
 .rodata.ph_add_child_node.str1.4
                0x10008111       0x2e CMakeFiles/rp2040-freertos-template.dir/home/tiago/.pico-sdk/sdk/1.5.1/src/common/pico_util/pheap.c.obj
 .rodata.ph_remove_any_head.str1.4
                0x10008111       0xa8 CMakeFiles/rp2040-freertos-template.dir/home/tiago/.pico-sdk/sdk/1.5.1/src/common/pico_util/pheap.c.obj
 .rodata.ph_remove_and_free_node.str1.4
                0x10008111       0x26 CMakeFiles/rp2040-freertos-template.dir/home/tiago/.pico-sdk/sdk/1.5.1/src/common/pico_util/pheap.c.obj
 *fill*         0x10008111        0x3 
 .rodata.__func__.0
                0x10008114       0x18 CMakeFiles/rp2040-freertos-template.dir/home/tiago/.pico-sdk/sdk/1.5.1/src/common/pico_util/pheap.c.obj
 .rodata.__func__.1
                0x1000812c       0x13 CMakeFiles/rp2040-freertos-template.dir/home/tiago/.pico-sdk/sdk/1.5.1/src/common/pico_util/pheap.c.obj
 *fill*         0x1000813f        0x1 
 .rodata.__func__.2
                0x10008140       0x12 CMakeFiles/rp2040-freertos-template.dir/home/tiago/.pico-sdk/sdk/1.5.1/src/common/pico_util/pheap.c.obj
 *fill*         0x10008152        0x2 
 .rodata.__func__.3
                0x10008154        0xc CMakeFiles/rp2040-freertos-template.dir/home/tiago/.pico-sdk/sdk/1.5.1/src/common/pico_util/pheap.c.obj
 .rodata.clock_configure.str1.4
                0x10008160       0x5c CMakeFiles/rp2040-freertos-template.dir/home/tiago/.pico-sdk/sdk/1.5.1/src/rp2_common/hardware_clocks/clocks.c.obj
 .rodata.__func__.1
                0x10008160       0x10 CMakeFiles/rp2040-freertos-template.dir/home/tiago/.pico-sdk/sdk/1.5.1/src/rp2_common/hardware_clocks/clocks.c.obj
 .rodata.pll_init.str1.4
                0x10008170      0x128 CMakeFiles/rp2040-freertos-template.dir/home/tiago/.pico-sdk/sdk/1.5.1/src/rp2_common/hardware_pll/pll.c.obj
 .rodata.__func__.0
                0x10008170        0x9 CMakeFiles/rp2040-freertos-template.dir/home/tiago/.pico-sdk/sdk/1.5.1/src/rp2_common/hardware_pll/pll.c.obj
 .rodata.__assert_func.str1.4
                0x10008179       0x43 CMakeFiles/rp2040-freertos-template.dir/home/tiago/.pico-sdk/sdk/1.5.1/src/rp2_common/pico_runtime/runtime.c.obj
 .rodata.runtime_init.str1.4
                0x10008179       0x66 CMakeFiles/rp2040-freertos-template.dir/home/tiago/.pico-sdk/sdk/1.5.1/src/rp2_common/pico_runtime/runtime.c.obj
 .rodata.panic.str1.4
                0x10008179       0x12 CMakeFiles/rp2040-freertos-template.dir/home/tiago/.pico-sdk/sdk/1.5.1/src/rp2_common/pico_runtime/runtime.c.obj
 *fill*         0x10008179        0x3 
 .rodata.__func__.2
                0x1000817c        0xd CMakeFiles/rp2040-freertos-template.dir/home/tiago/.pico-sdk/sdk/1.5.1/src/rp2_common/pico_runtime/runtime.c.obj
 .rodata._ftoa.str1.4
                0x10008189       0x15 CMakeFiles/rp2040-freertos-template.dir/home/tiago/.pico-sdk/sdk/1.5.1/src/rp2_common/pico_printf/printf.c.obj
 *fill*         0x10008189        0x3 
 .rodata._vsnprintf
                0x1000818c      0x19c CMakeFiles/rp2040-freertos-template.dir/home/tiago/.pico-sdk/sdk/1.5.1/src/rp2_common/pico_printf/printf.c.obj
 .rodata.pow10.0
                0x10008328       0x50 CMakeFiles/rp2040-freertos-template.dir/home/tiago/.pico-sdk/sdk/1.5.1/src/rp2_common/pico_printf/printf.c.obj
 .rodata.__aeabi_double_init.str1.4
                0x10008378       0xa1 CMakeFiles/rp2040-freertos-template.dir/home/tiago/.pico-sdk/sdk/1.5.1/src/rp2_common/pico_double/double_init_rom.c.obj
 .rodata.__func__.0
                0x10008378       0x14 CMakeFiles/rp2040-freertos-template.dir/home/tiago/.pico-sdk/sdk/1.5.1/src/rp2_common/pico_double/double_init_rom.c.obj
 .rodata.__aeabi_float_init.str1.4
                0x1000838c       0x83 CMakeFiles/rp2040-freertos-template.dir/home/tiago/.pico-sdk/sdk/1.5.1/src/rp2_common/pico_float/float_init_rom.c.obj
 .rodata.__func__.0
                0x1000838c       0x13 CMakeFiles/rp2040-freertos-template.dir/home/tiago/.pico-sdk/sdk/1.5.1/src/rp2_common/pico_float/float_init_rom.c.obj
 .rodata.str1.4
                0x1000839f       0x54 CMakeFiles/rp2040-freertos-template.dir/home/tiago/.pico-sdk/sdk/1.5.1/src/rp2_common/pico_standard_link/binary_info.c.obj
 *fill*         0x1000839f        0x1 
 .rodata.__bi_81
                0x100083a0        0xc CMakeFiles/rp2040-freertos-template.dir/home/tiago/.pico-sdk/sdk/1.5.1/src/rp2_common/pico_standard_link/binary_info.c.obj
 .rodata.__bi_75
                0x100083ac        0xc CMakeFiles/rp2040-freertos-template.dir/home/tiago/.pico-sdk/sdk/1.5.1/src/rp2_common/pico_standard_link/binary_info.c.obj
 .rodata.__bi_56
                0x100083b8        0xc CMakeFiles/rp2040-freertos-template.dir/home/tiago/.pico-sdk/sdk/1.5.1/src/rp2_common/pico_standard_link/binary_info.c.obj
 .rodata.__bi_44
                0x100083c4        0xc CMakeFiles/rp2040-freertos-template.dir/home/tiago/.pico-sdk/sdk/1.5.1/src/rp2_common/pico_standard_link/binary_info.c.obj
 .rodata.update_us_since_boot.str1.4
                0x100083d0       0x66 CMakeFiles/rp2040-freertos-template.dir/home/tiago/.pico-sdk/sdk/1.5.1/src/rp2_common/pico_stdio/stdio.c.obj
 .rodata.crlf_str.2
                0x100083d0        0x2 CMakeFiles/rp2040-freertos-template.dir/home/tiago/.pico-sdk/sdk/1.5.1/src/rp2_common/pico_stdio/stdio.c.obj
 *fill*         0x100083d2        0x2 
 .rodata.__func__.3
                0x100083d4       0x15 CMakeFiles/rp2040-freertos-template.dir/home/tiago/.pico-sdk/sdk/1.5.1/src/rp2_common/pico_stdio/stdio.c.obj
 .rodata.str1.4
                0x100083e9       0x2c CMakeFiles/rp2040-freertos-template.dir/home/tiago/.pico-sdk/sdk/1.5.1/src/rp2_common/pico_stdio_uart/stdio_uart.c.obj
 *fill*         0x100083e9        0x3 
 .rodata.__bi_33.4
                0x100083ec        0xc CMakeFiles/rp2040-freertos-template.dir/home/tiago/.pico-sdk/sdk/1.5.1/src/rp2_common/pico_stdio_uart/stdio_uart.c.obj
 .rodata.__bi_34.5
                0x100083f8        0x8 CMakeFiles/rp2040-freertos-template.dir/home/tiago/.pico-sdk/sdk/1.5.1/src/rp2_common/pico_stdio_uart/stdio_uart.c.obj
 .rodata._resetd_driver
                0x10008400       0x18 CMakeFiles/rp2040-freertos-template.dir/home/tiago/.pico-sdk/sdk/1.5.1/src/rp2_common/pico_stdio_usb/reset_interface.c.obj
 .rodata.update_us_since_boot.str1.4
                0x10008418       0x66 CMakeFiles/rp2040-freertos-template.dir/home/tiago/.pico-sdk/sdk/1.5.1/src/rp2_common/pico_stdio_usb/stdio_usb.c.obj
 .rodata.stdio_usb_init.str1.4
                0x10008418       0x52 CMakeFiles/rp2040-freertos-template.dir/home/tiago/.pico-sdk/sdk/1.5.1/src/rp2_common/pico_stdio_usb/stdio_usb.c.obj
 .rodata.str1.4
                0x10008418       0x13 CMakeFiles/rp2040-freertos-template.dir/home/tiago/.pico-sdk/sdk/1.5.1/src/rp2_common/pico_stdio_usb/stdio_usb.c.obj
 .rodata.__bi_182.0
                0x10008418        0xc CMakeFiles/rp2040-freertos-template.dir/home/tiago/.pico-sdk/sdk/1.5.1/src/rp2_common/pico_stdio_usb/stdio_usb.c.obj
 .rodata.__func__.1
                0x10008424        0xf CMakeFiles/rp2040-freertos-template.dir/home/tiago/.pico-sdk/sdk/1.5.1/src/rp2_common/pico_stdio_usb/stdio_usb.c.obj
 *fill*         0x10008433        0x1 
 .rodata.__func__.3
                0x10008434       0x15 CMakeFiles/rp2040-freertos-template.dir/home/tiago/.pico-sdk/sdk/1.5.1/src/rp2_common/pico_stdio_usb/stdio_usb.c.obj
 .rodata.str1.4
                0x10008449       0x2a CMakeFiles/rp2040-freertos-template.dir/home/tiago/.pico-sdk/sdk/1.5.1/src/rp2_common/pico_stdio_usb/stdio_usb_descriptors.c.obj
 *fill*         0x10008449        0x3 
 .rodata.usbd_desc_str
                0x1000844c       0x18 CMakeFiles/rp2040-freertos-template.dir/home/tiago/.pico-sdk/sdk/1.5.1/src/rp2_common/pico_stdio_usb/stdio_usb_descriptors.c.obj
 .rodata.usbd_desc_cfg
                0x10008464       0x54 CMakeFiles/rp2040-freertos-template.dir/home/tiago/.pico-sdk/sdk/1.5.1/src/rp2_common/pico_stdio_usb/stdio_usb_descriptors.c.obj
 .rodata.usbd_desc_device
                0x100084b8       0x12 CMakeFiles/rp2040-freertos-template.dir/home/tiago/.pico-sdk/sdk/1.5.1/src/rp2_common/pico_stdio_usb/stdio_usb_descriptors.c.obj
 .rodata.pico_get_unique_board_id_string.str1.4
                0x100084ca       0x52 CMakeFiles/rp2040-freertos-template.dir/home/tiago/.pico-sdk/sdk/1.5.1/src/rp2_common/pico_unique_id/unique_id.c.obj
 *fill*         0x100084ca        0x2 
 .rodata.__func__.0
                0x100084cc       0x20 CMakeFiles/rp2040-freertos-template.dir/home/tiago/.pico-sdk/sdk/1.5.1/src/rp2_common/pico_unique_id/unique_id.c.obj
 .rodata.str1.4
                0x100084ec      0x15e CMakeFiles/rp2040-freertos-template.dir/home/tiago/.pico-sdk/sdk/1.5.1/src/rp2_common/hardware_flash/flash.c.obj
 .rodata.__func__.0
                0x100084ec        0xd CMakeFiles/rp2040-freertos-template.dir/home/tiago/.pico-sdk/sdk/1.5.1/src/rp2_common/hardware_flash/flash.c.obj
 .rodata._hw_endpoint_alloc.str1.4
                0x100084f9       0xbd CMakeFiles/rp2040-freertos-template.dir/home/tiago/.pico-sdk/sdk/1.5.1/lib/tinyusb/src/portable/raspberrypi/rp2040/dcd_rp2040.c.obj
 .rodata.str1.4
                0x100084f9       0x14 CMakeFiles/rp2040-freertos-template.dir/home/tiago/.pico-sdk/sdk/1.5.1/lib/tinyusb/src/portable/raspberrypi/rp2040/dcd_rp2040.c.obj
 .rodata.dcd_int_enable.str1.4
                0x100084f9        0xc CMakeFiles/rp2040-freertos-template.dir/home/tiago/.pico-sdk/sdk/1.5.1/lib/tinyusb/src/portable/raspberrypi/rp2040/dcd_rp2040.c.obj
 *fill*         0x100084f9        0x3 
 .rodata.__func__.0
                0x100084fc        0xe CMakeFiles/rp2040-freertos-template.dir/home/tiago/.pico-sdk/sdk/1.5.1/lib/tinyusb/src/portable/raspberrypi/rp2040/dcd_rp2040.c.obj
 *fill*         0x1000850a        0x2 
 .rodata.__func__.1
                0x1000850c        0xe CMakeFiles/rp2040-freertos-template.dir/home/tiago/.pico-sdk/sdk/1.5.1/lib/tinyusb/src/portable/raspberrypi/rp2040/dcd_rp2040.c.obj
 *fill*         0x1000851a        0x2 
 .rodata.__func__.3
                0x1000851c       0x10 CMakeFiles/rp2040-freertos-template.dir/home/tiago/.pico-sdk/sdk/1.5.1/lib/tinyusb/src/portable/raspberrypi/rp2040/dcd_rp2040.c.obj
 .rodata.__func__.5
                0x1000852c        0xf CMakeFiles/rp2040-freertos-template.dir/home/tiago/.pico-sdk/sdk/1.5.1/lib/tinyusb/src/portable/raspberrypi/rp2040/dcd_rp2040.c.obj
 *fill*         0x1000853b        0x1 
 .rodata.__func__.6
                0x1000853c       0x13 CMakeFiles/rp2040-freertos-template.dir/home/tiago/.pico-sdk/sdk/1.5.1/lib/tinyusb/src/portable/raspberrypi/rp2040/dcd_rp2040.c.obj
 *fill*         0x1000854f        0x1 
 .rodata.__func__.7
                0x10008550        0x9 CMakeFiles/rp2040-freertos-template.dir/home/tiago/.pico-sdk/sdk/1.5.1/lib/tinyusb/src/portable/raspberrypi/rp2040/dcd_rp2040.c.obj
 .rodata.str1.4
                0x10008559       0xef CMakeFiles/rp2040-freertos-template.dir/home/tiago/.pico-sdk/sdk/1.5.1/lib/tinyusb/src/portable/raspberrypi/rp2040/rp2040_usb.c.obj
 *fill*         0x10008559        0x3 
 .rodata.__func__.0
                0x1000855c        0xf CMakeFiles/rp2040-freertos-template.dir/home/tiago/.pico-sdk/sdk/1.5.1/lib/tinyusb/src/portable/raspberrypi/rp2040/rp2040_usb.c.obj
 *fill*         0x1000856b        0x1 
 .rodata.process_get_descriptor
                0x1000856c       0x40 CMakeFiles/rp2040-freertos-template.dir/home/tiago/.pico-sdk/sdk/1.5.1/lib/tinyusb/src/device/usbd.c.obj
 .rodata.process_control_request
                0x100085ac       0x28 CMakeFiles/rp2040-freertos-template.dir/home/tiago/.pico-sdk/sdk/1.5.1/lib/tinyusb/src/device/usbd.c.obj
 .rodata.tud_task_ext
                0x100085d4       0x24 CMakeFiles/rp2040-freertos-template.dir/home/tiago/.pico-sdk/sdk/1.5.1/lib/tinyusb/src/device/usbd.c.obj
 .rodata._usbd_driver
                0x100085f8       0x18 CMakeFiles/rp2040-freertos-template.dir/home/tiago/.pico-sdk/sdk/1.5.1/lib/tinyusb/src/device/usbd.c.obj
                0x10008610                        . = ALIGN (0x4)
 *(SORT_BY_ALIGNMENT(SORT_BY_NAME(.flashdata*)))
                0x10008610                        . = ALIGN (0x4)

.ARM.extab
 *(.ARM.extab* .gnu.linkonce.armextab.*)
                0x10008610                        __exidx_start = .

.ARM.exidx
 *(.ARM.exidx* .gnu.linkonce.armexidx.*)
                0x10008610                        __exidx_end = .
                0x10008610                        . = ALIGN (0x4)
                0x10008610                        __binary_info_start = .

.binary_info    0x10008610       0x2c
 *(.binary_info.keep.*)
 .binary_info.keep.__bi_ptr81
                0x10008610        0x4 CMakeFiles/rp2040-freertos-template.dir/home/tiago/.pico-sdk/sdk/1.5.1/src/rp2_common/pico_standard_link/binary_info.c.obj
 .binary_info.keep.__bi_ptr75
                0x10008614        0x4 CMakeFiles/rp2040-freertos-template.dir/home/tiago/.pico-sdk/sdk/1.5.1/src/rp2_common/pico_standard_link/binary_info.c.obj
 .binary_info.keep.__bi_ptr56
                0x10008618        0x4 CMakeFiles/rp2040-freertos-template.dir/home/tiago/.pico-sdk/sdk/1.5.1/src/rp2_common/pico_standard_link/binary_info.c.obj
 .binary_info.keep.__bi_ptr50
                0x1000861c        0x4 CMakeFiles/rp2040-freertos-template.dir/home/tiago/.pico-sdk/sdk/1.5.1/src/rp2_common/pico_standard_link/binary_info.c.obj
 .binary_info.keep.__bi_ptr44
                0x10008620        0x4 CMakeFiles/rp2040-freertos-template.dir/home/tiago/.pico-sdk/sdk/1.5.1/src/rp2_common/pico_standard_link/binary_info.c.obj
 .binary_info.keep.__bi_ptr38
                0x10008624        0x4 CMakeFiles/rp2040-freertos-template.dir/home/tiago/.pico-sdk/sdk/1.5.1/src/rp2_common/pico_standard_link/binary_info.c.obj
 .binary_info.keep.__bi_ptr30
                0x10008628        0x4 CMakeFiles/rp2040-freertos-template.dir/home/tiago/.pico-sdk/sdk/1.5.1/src/rp2_common/pico_standard_link/binary_info.c.obj
 .binary_info.keep.__bi_ptr22
                0x1000862c        0x4 CMakeFiles/rp2040-freertos-template.dir/home/tiago/.pico-sdk/sdk/1.5.1/src/rp2_common/pico_standard_link/binary_info.c.obj
 *(.binary_info.*)
 .binary_info.__bi_ptr34
                0x10008630        0x4 CMakeFiles/rp2040-freertos-template.dir/home/tiago/.pico-sdk/sdk/1.5.1/src/rp2_common/pico_stdio_uart/stdio_uart.c.obj
 .binary_info.__bi_ptr33
                0x10008634        0x4 CMakeFiles/rp2040-freertos-template.dir/home/tiago/.pico-sdk/sdk/1.5.1/src/rp2_common/pico_stdio_uart/stdio_uart.c.obj
 .binary_info.__bi_ptr182
                0x10008638        0x4 CMakeFiles/rp2040-freertos-template.dir/home/tiago/.pico-sdk/sdk/1.5.1/src/rp2_common/pico_stdio_usb/stdio_usb.c.obj
                0x1000863c                        __binary_info_end = .

.rel.dyn        0x1000863c        0x0
 .rel.iplt      0x1000863c        0x0 /home/tiago/.pico-sdk/toolchain/13_2_Rel1/bin/../lib/gcc/arm-none-eabi/13.2.1/thumb/v6-m/nofp/crtbegin.o
                0x1000863c                        . = ALIGN (0x4)

.ram_vector_table
                0x20000000       0xc0
 *(.ram_vector_table)